Archive member included to satisfy reference by file (symbol)

c:/st/stm32cubeide_1.6.0/stm32cubeide/plugins/com.st.stm32cube.ide.mcu.externaltools.gnu-tools-for-stm32.9-2020-q2-update.win32_1.5.0.202011040924/tools/bin/../lib/gcc/arm-none-eabi/9.3.1/../../../../arm-none-eabi/lib/thumb/v7-m/nofp\libc_nano.a(lib_a-errno.o)
                              Core/Src/sysmem.o (__errno)
c:/st/stm32cubeide_1.6.0/stm32cubeide/plugins/com.st.stm32cube.ide.mcu.externaltools.gnu-tools-for-stm32.9-2020-q2-update.win32_1.5.0.202011040924/tools/bin/../lib/gcc/arm-none-eabi/9.3.1/../../../../arm-none-eabi/lib/thumb/v7-m/nofp\libc_nano.a(lib_a-exit.o)
                              c:/st/stm32cubeide_1.6.0/stm32cubeide/plugins/com.st.stm32cube.ide.mcu.externaltools.gnu-tools-for-stm32.9-2020-q2-update.win32_1.5.0.202011040924/tools/bin/../lib/gcc/arm-none-eabi/9.3.1/../../../../arm-none-eabi/lib/thumb/v7-m/nofp/crt0.o (exit)
c:/st/stm32cubeide_1.6.0/stm32cubeide/plugins/com.st.stm32cube.ide.mcu.externaltools.gnu-tools-for-stm32.9-2020-q2-update.win32_1.5.0.202011040924/tools/bin/../lib/gcc/arm-none-eabi/9.3.1/../../../../arm-none-eabi/lib/thumb/v7-m/nofp\libc_nano.a(lib_a-impure.o)
                              c:/st/stm32cubeide_1.6.0/stm32cubeide/plugins/com.st.stm32cube.ide.mcu.externaltools.gnu-tools-for-stm32.9-2020-q2-update.win32_1.5.0.202011040924/tools/bin/../lib/gcc/arm-none-eabi/9.3.1/../../../../arm-none-eabi/lib/thumb/v7-m/nofp\libc_nano.a(lib_a-exit.o) (_global_impure_ptr)
c:/st/stm32cubeide_1.6.0/stm32cubeide/plugins/com.st.stm32cube.ide.mcu.externaltools.gnu-tools-for-stm32.9-2020-q2-update.win32_1.5.0.202011040924/tools/bin/../lib/gcc/arm-none-eabi/9.3.1/../../../../arm-none-eabi/lib/thumb/v7-m/nofp\libc_nano.a(lib_a-init.o)
                              c:/st/stm32cubeide_1.6.0/stm32cubeide/plugins/com.st.stm32cube.ide.mcu.externaltools.gnu-tools-for-stm32.9-2020-q2-update.win32_1.5.0.202011040924/tools/bin/../lib/gcc/arm-none-eabi/9.3.1/../../../../arm-none-eabi/lib/thumb/v7-m/nofp/crt0.o (__libc_init_array)
c:/st/stm32cubeide_1.6.0/stm32cubeide/plugins/com.st.stm32cube.ide.mcu.externaltools.gnu-tools-for-stm32.9-2020-q2-update.win32_1.5.0.202011040924/tools/bin/../lib/gcc/arm-none-eabi/9.3.1/../../../../arm-none-eabi/lib/thumb/v7-m/nofp\libc_nano.a(lib_a-memset.o)
                              c:/st/stm32cubeide_1.6.0/stm32cubeide/plugins/com.st.stm32cube.ide.mcu.externaltools.gnu-tools-for-stm32.9-2020-q2-update.win32_1.5.0.202011040924/tools/bin/../lib/gcc/arm-none-eabi/9.3.1/../../../../arm-none-eabi/lib/thumb/v7-m/nofp/crt0.o (memset)
c:/st/stm32cubeide_1.6.0/stm32cubeide/plugins/com.st.stm32cube.ide.mcu.externaltools.gnu-tools-for-stm32.9-2020-q2-update.win32_1.5.0.202011040924/tools/bin/../lib/gcc/arm-none-eabi/9.3.1/../../../../arm-none-eabi/lib/thumb/v7-m/nofp\libnosys.a(_exit.o)
                              c:/st/stm32cubeide_1.6.0/stm32cubeide/plugins/com.st.stm32cube.ide.mcu.externaltools.gnu-tools-for-stm32.9-2020-q2-update.win32_1.5.0.202011040924/tools/bin/../lib/gcc/arm-none-eabi/9.3.1/../../../../arm-none-eabi/lib/thumb/v7-m/nofp\libc_nano.a(lib_a-exit.o) (_exit)

Allocating common symbols
Common symbol       size              file

hUsbDeviceFS        0x2c4             Core/Src/main.o
uwTick              0x4               Drivers/stm32f1xx_hal.o
pFlash              0x20              Drivers/stm32f1xx_hal_flash.o
hpcd_USB_FS         0x2f0             Middlewares/usbd_conf.o
USBD_StrDesc        0x200             Middlewares/usbd_desc.o

Discarded input sections

 .text          0x0000000000000000        0x0 c:/st/stm32cubeide_1.6.0/stm32cubeide/plugins/com.st.stm32cube.ide.mcu.externaltools.gnu-tools-for-stm32.9-2020-q2-update.win32_1.5.0.202011040924/tools/bin/../lib/gcc/arm-none-eabi/9.3.1/thumb/v7-m/nofp/crti.o
 .data          0x0000000000000000        0x0 c:/st/stm32cubeide_1.6.0/stm32cubeide/plugins/com.st.stm32cube.ide.mcu.externaltools.gnu-tools-for-stm32.9-2020-q2-update.win32_1.5.0.202011040924/tools/bin/../lib/gcc/arm-none-eabi/9.3.1/thumb/v7-m/nofp/crti.o
 .bss           0x0000000000000000        0x0 c:/st/stm32cubeide_1.6.0/stm32cubeide/plugins/com.st.stm32cube.ide.mcu.externaltools.gnu-tools-for-stm32.9-2020-q2-update.win32_1.5.0.202011040924/tools/bin/../lib/gcc/arm-none-eabi/9.3.1/thumb/v7-m/nofp/crti.o
 .data          0x0000000000000000        0x4 c:/st/stm32cubeide_1.6.0/stm32cubeide/plugins/com.st.stm32cube.ide.mcu.externaltools.gnu-tools-for-stm32.9-2020-q2-update.win32_1.5.0.202011040924/tools/bin/../lib/gcc/arm-none-eabi/9.3.1/thumb/v7-m/nofp/crtbegin.o
 .text          0x0000000000000000       0x7c c:/st/stm32cubeide_1.6.0/stm32cubeide/plugins/com.st.stm32cube.ide.mcu.externaltools.gnu-tools-for-stm32.9-2020-q2-update.win32_1.5.0.202011040924/tools/bin/../lib/gcc/arm-none-eabi/9.3.1/../../../../arm-none-eabi/lib/thumb/v7-m/nofp/crt0.o
[...]
Memory Configuration

Name             Origin             Length             Attributes
RAM              0x0000000020000000 0x0000000000005000 xrw
FLASH            0x0000000008000000 0x0000000000010000 xr
*default*        0x0000000000000000 0xffffffffffffffff

Linker script and memory map

LOAD c:/st/stm32cubeide_1.6.0/stm32cubeide/plugins/com.st.stm32cube.ide.mcu.externaltools.gnu-tools-for-stm32.9-2020-q2-update.win32_1.5.0.202011040924/tools/bin/../lib/gcc/arm-none-eabi/9.3.1/thumb/v7-m/nofp/crti.o
LOAD c:/st/stm32cubeide_1.6.0/stm32cubeide/plugins/com.st.stm32cube.ide.mcu.externaltools.gnu-tools-for-stm32.9-2020-q2-update.win32_1.5.0.202011040924/tools/bin/../lib/gcc/arm-none-eabi/9.3.1/thumb/v7-m/nofp/crtbegin.o
LOAD c:/st/stm32cubeide_1.6.0/stm32cubeide/plugins/com.st.stm32cube.ide.mcu.externaltools.gnu-tools-for-stm32.9-2020-q2-update.win32_1.5.0.202011040924/tools/bin/../lib/gcc/arm-none-eabi/9.3.1/../../../../arm-none-eabi/lib/thumb/v7-m/nofp/crt0.o
LOAD Core/Src/main.o
LOAD Core/Src/sysmem.o
LOAD Core/Startup/startup_stm32f103c8tx.o
LOAD Drivers/stm32f1xx_hal.o
LOAD Drivers/stm32f1xx_hal_cortex.o
LOAD Drivers/stm32f1xx_hal_flash.o
LOAD Drivers/stm32f1xx_hal_gpio.o
LOAD Drivers/stm32f1xx_hal_pcd.o
LOAD Drivers/stm32f1xx_hal_pcd_ex.o
LOAD Drivers/stm32f1xx_hal_rcc.o
LOAD Drivers/stm32f1xx_hal_rcc_ex.o
LOAD Drivers/stm32f1xx_hal_tim.o
LOAD Drivers/stm32f1xx_ll_usb.o
LOAD Middlewares/usbd_conf.o
LOAD Middlewares/usbd_core.o
LOAD Middlewares/usbd_ctlreq.o
LOAD Middlewares/usbd_desc.o
LOAD Middlewares/usbd_hid.o
LOAD Middlewares/usbd_ioreq.o
START GROUP
LOAD c:/st/stm32cubeide_1.6.0/stm32cubeide/plugins/com.st.stm32cube.ide.mcu.externaltools.gnu-tools-for-stm32.9-2020-q2-update.win32_1.5.0.202011040924/tools/bin/../lib/gcc/arm-none-eabi/9.3.1/../../../../arm-none-eabi/lib/thumb/v7-m/nofp\libc_nano.a
LOAD c:/st/stm32cubeide_1.6.0/stm32cubeide/plugins/com.st.stm32cube.ide.mcu.externaltools.gnu-tools-for-stm32.9-2020-q2-update.win32_1.5.0.202011040924/tools/bin/../lib/gcc/arm-none-eabi/9.3.1/../../../../arm-none-eabi/lib/thumb/v7-m/nofp\libm.a
END GROUP
START GROUP
LOAD c:/st/stm32cubeide_1.6.0/stm32cubeide/plugins/com.st.stm32cube.ide.mcu.externaltools.gnu-tools-for-stm32.9-2020-q2-update.win32_1.5.0.202011040924/tools/bin/../lib/gcc/arm-none-eabi/9.3.1/thumb/v7-m/nofp\libgcc.a
LOAD c:/st/stm32cubeide_1.6.0/stm32cubeide/plugins/com.st.stm32cube.ide.mcu.externaltools.gnu-tools-for-stm32.9-2020-q2-update.win32_1.5.0.202011040924/tools/bin/../lib/gcc/arm-none-eabi/9.3.1/../../../../arm-none-eabi/lib/thumb/v7-m/nofp\libc_nano.a
END GROUP
START GROUP
LOAD c:/st/stm32cubeide_1.6.0/stm32cubeide/plugins/com.st.stm32cube.ide.mcu.externaltools.gnu-tools-for-stm32.9-2020-q2-update.win32_1.5.0.202011040924/tools/bin/../lib/gcc/arm-none-eabi/9.3.1/thumb/v7-m/nofp\libgcc.a
LOAD c:/st/stm32cubeide_1.6.0/stm32cubeide/plugins/com.st.stm32cube.ide.mcu.externaltools.gnu-tools-for-stm32.9-2020-q2-update.win32_1.5.0.202011040924/tools/bin/../lib/gcc/arm-none-eabi/9.3.1/../../../../arm-none-eabi/lib/thumb/v7-m/nofp\libc_nano.a
LOAD c:/st/stm32cubeide_1.6.0/stm32cubeide/plugins/com.st.stm32cube.ide.mcu.externaltools.gnu-tools-for-stm32.9-2020-q2-update.win32_1.5.0.202011040924/tools/bin/../lib/gcc/arm-none-eabi/9.3.1/../../../../arm-none-eabi/lib/thumb/v7-m/nofp\libnosys.a
END GROUP
START GROUP
LOAD c:/st/stm32cubeide_1.6.0/stm32cubeide/plugins/com.st.stm32cube.ide.mcu.externaltools.gnu-tools-for-stm32.9-2020-q2-update.win32_1.5.0.202011040924/tools/bin/../lib/gcc/arm-none-eabi/9.3.1/thumb/v7-m/nofp\libgcc.a
LOAD c:/st/stm32cubeide_1.6.0/stm32cubeide/plugins/com.st.stm32cube.ide.mcu.externaltools.gnu-tools-for-stm32.9-2020-q2-update.win32_1.5.0.202011040924/tools/bin/../lib/gcc/arm-none-eabi/9.3.1/../../../../arm-none-eabi/lib/thumb/v7-m/nofp\libc_nano.a
LOAD c:/st/stm32cubeide_1.6.0/stm32cubeide/plugins/com.st.stm32cube.ide.mcu.externaltools.gnu-tools-for-stm32.9-2020-q2-update.win32_1.5.0.202011040924/tools/bin/../lib/gcc/arm-none-eabi/9.3.1/../../../../arm-none-eabi/lib/thumb/v7-m/nofp\libnosys.a
END GROUP
LOAD c:/st/stm32cubeide_1.6.0/stm32cubeide/plugins/com.st.stm32cube.ide.mcu.externaltools.gnu-tools-for-stm32.9-2020-q2-update.win32_1.5.0.202011040924/tools/bin/../lib/gcc/arm-none-eabi/9.3.1/thumb/v7-m/nofp/crtend.o
LOAD c:/st/stm32cubeide_1.6.0/stm32cubeide/plugins/com.st.stm32cube.ide.mcu.externaltools.gnu-tools-for-stm32.9-2020-q2-update.win32_1.5.0.202011040924/tools/bin/../lib/gcc/arm-none-eabi/9.3.1/thumb/v7-m/nofp/crtn.o
                0x0000000020005000                _estack = (ORIGIN (RAM) + LENGTH (RAM))
                0x0000000000000200                _Min_Heap_Size = 0x200
                0x0000000000000400                _Min_Stack_Size = 0x400

.isr_vector     0x0000000008000000      0x10c
                0x0000000008000000                . = ALIGN (0x4)
 *(.isr_vector)
 .isr_vector    0x0000000008000000      0x10c Core/Startup/startup_stm32f103c8tx.o
                0x0000000008000000                g_pfnVectors
                0x000000000800010c                . = ALIGN (0x4)

.text           0x000000000800010c     0x67c8
                0x000000000800010c                . = ALIGN (0x4)
 *(.text)
 .text          0x000000000800010c       0x40 c:/st/stm32cubeide_1.6.0/stm32cubeide/plugins/com.st.stm32cube.ide.mcu.externaltools.gnu-tools-for-stm32.9-2020-q2-update.win32_1.5.0.202011040924/tools/bin/../lib/gcc/arm-none-eabi/9.3.1/thumb/v7-m/nofp/crtbegin.o
 *(.text*)
 .text.SystemInit
                0x000000000800014c        0xc Core/Src/main.o
                0x000000000800014c                SystemInit
 .text.SysTick_Handler
                0x0000000008000158        0xc Core/Src/main.o
                0x0000000008000158                SysTick_Handler
 .text.USB_LP_CAN1_RX0_IRQHandler
                0x0000000008000164       0x14 Core/Src/main.o
                0x0000000008000164                USB_LP_CAN1_RX0_IRQHandler
 .text.main     0x0000000008000178       0x90 Core/Src/main.o
                0x0000000008000178                main
 .text.SystemClock_Config
                0x0000000008000208       0xb4 Core/Src/main.o
                0x0000000008000208                SystemClock_Config
 .text.USB_DEVICE_Init
                0x00000000080002bc       0x4c Core/Src/main.o
                0x00000000080002bc                USB_DEVICE_Init
 .text.Error_Handler
                0x0000000008000308        0x6 Core/Src/main.o
                0x0000000008000308                Error_Handler
 *fill*         0x000000000800030e        0x2 
 .text.Reset_Handler
                0x0000000008000310       0x48 Core/Startup/startup_stm32f103c8tx.o
                0x0000000008000310                Reset_Handler
 .text.Default_Handler
                0x0000000008000358        0x2 Core/Startup/startup_stm32f103c8tx.o
                0x0000000008000358                RTC_Alarm_IRQHandler
                0x0000000008000358                EXTI2_IRQHandler
                0x0000000008000358                DebugMon_Handler
                0x0000000008000358                TIM1_CC_IRQHandler
                0x0000000008000358                HardFault_Handler
                0x0000000008000358                PVD_IRQHandler
                0x0000000008000358                PendSV_Handler
                0x0000000008000358                NMI_Handler
                0x0000000008000358                EXTI3_IRQHandler
                0x0000000008000358                EXTI0_IRQHandler
                0x0000000008000358                I2C2_EV_IRQHandler
                0x0000000008000358                UsageFault_Handler
                0x0000000008000358                ADC1_2_IRQHandler
                0x0000000008000358                SPI1_IRQHandler
                0x0000000008000358                TAMPER_IRQHandler
                0x0000000008000358                DMA1_Channel4_IRQHandler
                0x0000000008000358                USART3_IRQHandler
                0x0000000008000358                RTC_IRQHandler
                0x0000000008000358                DMA1_Channel7_IRQHandler
                0x0000000008000358                CAN1_RX1_IRQHandler
                0x0000000008000358                TIM4_IRQHandler
                0x0000000008000358                I2C1_EV_IRQHandler
                0x0000000008000358                DMA1_Channel6_IRQHandler
                0x0000000008000358                TIM3_IRQHandler
                0x0000000008000358                RCC_IRQHandler
                0x0000000008000358                TIM1_TRG_COM_IRQHandler
                0x0000000008000358                DMA1_Channel1_IRQHandler
                0x0000000008000358                Default_Handler
                0x0000000008000358                EXTI15_10_IRQHandler
                0x0000000008000358                EXTI9_5_IRQHandler
                0x0000000008000358                SPI2_IRQHandler
                0x0000000008000358                MemManage_Handler
                0x0000000008000358                SVC_Handler
                0x0000000008000358                DMA1_Channel5_IRQHandler
                0x0000000008000358                EXTI4_IRQHandler
                0x0000000008000358                USB_HP_CAN1_TX_IRQHandler
                0x0000000008000358                DMA1_Channel3_IRQHandler
                0x0000000008000358                TIM1_UP_IRQHandler
                0x0000000008000358                WWDG_IRQHandler
                0x0000000008000358                TIM2_IRQHandler
                0x0000000008000358                TIM1_BRK_IRQHandler
                0x0000000008000358                EXTI1_IRQHandler
                0x0000000008000358                USART2_IRQHandler
                0x0000000008000358                I2C2_ER_IRQHandler
                0x0000000008000358                DMA1_Channel2_IRQHandler
                0x0000000008000358                CAN1_SCE_IRQHandler
                0x0000000008000358                FLASH_IRQHandler
                0x0000000008000358                BusFault_Handler
                0x0000000008000358                USART1_IRQHandler
                0x0000000008000358                I2C1_ER_IRQHandler
                0x0000000008000358                USBWakeUp_IRQHandler
 *fill*         0x000000000800035a        0x2 
 .text.HAL_Init
                0x000000000800035c       0x2c Drivers/stm32f1xx_hal.o
                0x000000000800035c                HAL_Init
 .text.HAL_MspInit
                0x0000000008000388        0xc Drivers/stm32f1xx_hal.o
                0x0000000008000388                HAL_MspInit
 .text.HAL_InitTick
                0x0000000008000394       0x60 Drivers/stm32f1xx_hal.o
                0x0000000008000394                HAL_InitTick
 .text.HAL_IncTick
                0x00000000080003f4       0x24 Drivers/stm32f1xx_hal.o
                0x00000000080003f4                HAL_IncTick
 .text.HAL_GetTick
                0x0000000008000418       0x14 Drivers/stm32f1xx_hal.o
                0x0000000008000418                HAL_GetTick
 .text.HAL_Delay
                0x000000000800042c       0x48 Drivers/stm32f1xx_hal.o
                0x000000000800042c                HAL_Delay
 .text.__NVIC_SetPriorityGrouping
                0x0000000008000474       0x48 Drivers/stm32f1xx_hal_cortex.o
 .text.__NVIC_GetPriorityGrouping
                0x00000000080004bc       0x1c Drivers/stm32f1xx_hal_cortex.o
 .text.__NVIC_EnableIRQ
                0x00000000080004d8       0x38 Drivers/stm32f1xx_hal_cortex.o
 .text.__NVIC_SetPriority
                0x0000000008000510       0x54 Drivers/stm32f1xx_hal_cortex.o
 .text.NVIC_EncodePriority
                0x0000000008000564       0x64 Drivers/stm32f1xx_hal_cortex.o
 .text.SysTick_Config
                0x00000000080005c8       0x44 Drivers/stm32f1xx_hal_cortex.o
 .text.HAL_NVIC_SetPriorityGrouping
                0x000000000800060c       0x16 Drivers/stm32f1xx_hal_cortex.o
                0x000000000800060c                HAL_NVIC_SetPriorityGrouping
 .text.HAL_NVIC_SetPriority
                0x0000000008000622       0x38 Drivers/stm32f1xx_hal_cortex.o
                0x0000000008000622                HAL_NVIC_SetPriority
 .text.HAL_NVIC_EnableIRQ
                0x000000000800065a       0x1c Drivers/stm32f1xx_hal_cortex.o
                0x000000000800065a                HAL_NVIC_EnableIRQ
 .text.HAL_SYSTICK_Config
                0x0000000008000676       0x18 Drivers/stm32f1xx_hal_cortex.o
                0x0000000008000676                HAL_SYSTICK_Config
 .text.HAL_PCD_Init
                0x000000000800068e      0x1fe Drivers/stm32f1xx_hal_pcd.o
                0x000000000800068e                HAL_PCD_Init
 .text.HAL_PCD_Start
                0x000000000800088c       0x4c Drivers/stm32f1xx_hal_pcd.o
                0x000000000800088c                HAL_PCD_Start
 .text.HAL_PCD_IRQHandler
                0x00000000080008d8      0x264 Drivers/stm32f1xx_hal_pcd.o
                0x00000000080008d8                HAL_PCD_IRQHandler
 .text.HAL_PCD_SetAddress
                0x0000000008000b3c       0x4a Drivers/stm32f1xx_hal_pcd.o
                0x0000000008000b3c                HAL_PCD_SetAddress
 .text.HAL_PCD_EP_Open
                0x0000000008000b86       0xba Drivers/stm32f1xx_hal_pcd.o
                0x0000000008000b86                HAL_PCD_EP_Open
 .text.HAL_PCD_EP_Close
                0x0000000008000c40       0x90 Drivers/stm32f1xx_hal_pcd.o
                0x0000000008000c40                HAL_PCD_EP_Close
 .text.HAL_PCD_EP_Receive
                0x0000000008000cd0       0x62 Drivers/stm32f1xx_hal_pcd.o
                0x0000000008000cd0                HAL_PCD_EP_Receive
 .text.HAL_PCD_EP_Transmit
                0x0000000008000d32       0x6e Drivers/stm32f1xx_hal_pcd.o
                0x0000000008000d32                HAL_PCD_EP_Transmit
 .text.HAL_PCD_EP_SetStall
                0x0000000008000da0       0xc0 Drivers/stm32f1xx_hal_pcd.o
                0x0000000008000da0                HAL_PCD_EP_SetStall
 .text.HAL_PCD_EP_ClrStall
                0x0000000008000e60       0xa8 Drivers/stm32f1xx_hal_pcd.o
                0x0000000008000e60                HAL_PCD_EP_ClrStall
 .text.PCD_EP_ISR_Handler
                0x0000000008000f08      0x7a6 Drivers/stm32f1xx_hal_pcd.o
 .text.HAL_PCD_EP_DB_Receive
                0x00000000080016ae      0x21a Drivers/stm32f1xx_hal_pcd.o
 .text.HAL_PCD_EP_DB_Transmit
                0x00000000080018c8      0x7f4 Drivers/stm32f1xx_hal_pcd.o
 .text.HAL_PCDEx_PMAConfig
                0x00000000080020bc       0x84 Drivers/stm32f1xx_hal_pcd_ex.o
                0x00000000080020bc                HAL_PCDEx_PMAConfig
 .text.HAL_RCC_OscConfig
                0x0000000008002140      0x500 Drivers/stm32f1xx_hal_rcc.o
                0x0000000008002140                HAL_RCC_OscConfig
 .text.HAL_RCC_ClockConfig
                0x0000000008002640      0x1d4 Drivers/stm32f1xx_hal_rcc.o
                0x0000000008002640                HAL_RCC_ClockConfig
 .text.HAL_RCCEx_PeriphCLKConfig
                0x0000000008002814      0x16c Drivers/stm32f1xx_hal_rcc.o
                0x0000000008002814                HAL_RCCEx_PeriphCLKConfig
 .text.HAL_RCC_GetSysClockFreq
                0x0000000008002980       0xa8 Drivers/stm32f1xx_hal_rcc.o
                0x0000000008002980                HAL_RCC_GetSysClockFreq
 .text.RCC_Delay
                0x0000000008002a28       0x3c Drivers/stm32f1xx_hal_rcc.o
 .text.USB_CoreInit
                0x0000000008002a64       0x20 Drivers/stm32f1xx_ll_usb.o
                0x0000000008002a64                USB_CoreInit
 .text.USB_EnableGlobalInt
                0x0000000008002a84       0x2c Drivers/stm32f1xx_ll_usb.o
                0x0000000008002a84                USB_EnableGlobalInt
 .text.USB_DisableGlobalInt
                0x0000000008002ab0       0x34 Drivers/stm32f1xx_ll_usb.o
                0x0000000008002ab0                USB_DisableGlobalInt
 .text.USB_SetCurrentMode
                0x0000000008002ae4       0x18 Drivers/stm32f1xx_ll_usb.o
                0x0000000008002ae4                USB_SetCurrentMode
 .text.USB_DevInit
                0x0000000008002afc       0x40 Drivers/stm32f1xx_ll_usb.o
                0x0000000008002afc                USB_DevInit
 .text.USB_ActivateEndpoint
                0x0000000008002b3c      0x780 Drivers/stm32f1xx_ll_usb.o
                0x0000000008002b3c                USB_ActivateEndpoint
 .text.USB_DeactivateEndpoint
                0x00000000080032bc      0x3d8 Drivers/stm32f1xx_ll_usb.o
                0x00000000080032bc                USB_DeactivateEndpoint
 .text.USB_EPStartXfer
                0x0000000008003694     0x1298 Drivers/stm32f1xx_ll_usb.o
                0x0000000008003694                USB_EPStartXfer
 .text.USB_EPSetStall
                0x000000000800492c       0xa0 Drivers/stm32f1xx_ll_usb.o
                0x000000000800492c                USB_EPSetStall
 .text.USB_EPClearStall
                0x00000000080049cc      0x15a Drivers/stm32f1xx_ll_usb.o
                0x00000000080049cc                USB_EPClearStall
 .text.USB_SetDevAddress
                0x0000000008004b26       0x26 Drivers/stm32f1xx_ll_usb.o
                0x0000000008004b26                USB_SetDevAddress
 .text.USB_DevConnect
                0x0000000008004b4c       0x14 Drivers/stm32f1xx_ll_usb.o
                0x0000000008004b4c                USB_DevConnect
 .text.USB_DevDisconnect
                0x0000000008004b60       0x14 Drivers/stm32f1xx_ll_usb.o
                0x0000000008004b60                USB_DevDisconnect
 .text.USB_ReadInterrupts
                0x0000000008004b74       0x1e Drivers/stm32f1xx_ll_usb.o
                0x0000000008004b74                USB_ReadInterrupts
 .text.USB_EP0_OutStart
                0x0000000008004b92       0x16 Drivers/stm32f1xx_ll_usb.o
                0x0000000008004b92                USB_EP0_OutStart
 .text.USB_WritePMA
                0x0000000008004ba8       0x8a Drivers/stm32f1xx_ll_usb.o
                0x0000000008004ba8                USB_WritePMA
 .text.USB_ReadPMA
                0x0000000008004c32       0x9e Drivers/stm32f1xx_ll_usb.o
                0x0000000008004c32                USB_ReadPMA
 .text.HAL_PCD_MspInit
                0x0000000008004cd0       0x4c Middlewares/usbd_conf.o
                0x0000000008004cd0                HAL_PCD_MspInit
 .text.HAL_PCD_SetupStageCallback
                0x0000000008004d1c       0x24 Middlewares/usbd_conf.o
                0x0000000008004d1c                HAL_PCD_SetupStageCallback
 .text.HAL_PCD_DataOutStageCallback
                0x0000000008004d40       0x36 Middlewares/usbd_conf.o
                0x0000000008004d40                HAL_PCD_DataOutStageCallback
 .text.HAL_PCD_DataInStageCallback
                0x0000000008004d76       0x34 Middlewares/usbd_conf.o
                0x0000000008004d76                HAL_PCD_DataInStageCallback
 .text.HAL_PCD_SOFCallback
                0x0000000008004daa       0x1c Middlewares/usbd_conf.o
                0x0000000008004daa                HAL_PCD_SOFCallback
 .text.HAL_PCD_ResetCallback
                0x0000000008004dc6       0x3c Middlewares/usbd_conf.o
                0x0000000008004dc6                HAL_PCD_ResetCallback
 *fill*         0x0000000008004e02        0x2 
 .text.HAL_PCD_SuspendCallback
                0x0000000008004e04       0x34 Middlewares/usbd_conf.o
                0x0000000008004e04                HAL_PCD_SuspendCallback
 .text.HAL_PCD_ResumeCallback
                0x0000000008004e38       0x1c Middlewares/usbd_conf.o
                0x0000000008004e38                HAL_PCD_ResumeCallback
 .text.USBD_LL_Init
                0x0000000008004e54       0x90 Middlewares/usbd_conf.o
                0x0000000008004e54                USBD_LL_Init
 .text.USBD_LL_Start
                0x0000000008004ee4       0x36 Middlewares/usbd_conf.o
                0x0000000008004ee4                USBD_LL_Start
 .text.USBD_LL_OpenEP
                0x0000000008004f1a       0x4c Middlewares/usbd_conf.o
                0x0000000008004f1a                USBD_LL_OpenEP
 .text.USBD_LL_CloseEP
                0x0000000008004f66       0x3e Middlewares/usbd_conf.o
                0x0000000008004f66                USBD_LL_CloseEP
 .text.USBD_LL_StallEP
                0x0000000008004fa4       0x3e Middlewares/usbd_conf.o
                0x0000000008004fa4                USBD_LL_StallEP
 .text.USBD_LL_ClearStallEP
                0x0000000008004fe2       0x3e Middlewares/usbd_conf.o
                0x0000000008004fe2                USBD_LL_ClearStallEP
 .text.USBD_LL_IsStallEP
                0x0000000008005020       0x58 Middlewares/usbd_conf.o
                0x0000000008005020                USBD_LL_IsStallEP
 .text.USBD_LL_SetUSBAddress
                0x0000000008005078       0x3e Middlewares/usbd_conf.o
                0x0000000008005078                USBD_LL_SetUSBAddress
 .text.USBD_LL_Transmit
                0x00000000080050b6       0x46 Middlewares/usbd_conf.o
                0x00000000080050b6                USBD_LL_Transmit
 .text.USBD_LL_PrepareReceive
                0x00000000080050fc       0x46 Middlewares/usbd_conf.o
                0x00000000080050fc                USBD_LL_PrepareReceive
 *fill*         0x0000000008005142        0x2 
 .text.USBD_static_malloc
                0x0000000008005144       0x18 Middlewares/usbd_conf.o
                0x0000000008005144                USBD_static_malloc
 .text.USBD_static_free
                0x000000000800515c       0x12 Middlewares/usbd_conf.o
                0x000000000800515c                USBD_static_free
 .text.HAL_PCDEx_SetConnectionState
                0x000000000800516e       0x16 Middlewares/usbd_conf.o
                0x000000000800516e                HAL_PCDEx_SetConnectionState
 .text.USBD_Get_USB_Status
                0x0000000008005184       0x58 Middlewares/usbd_conf.o
 .text.USBD_Init
                0x00000000080051dc       0x56 Middlewares/usbd_core.o
                0x00000000080051dc                USBD_Init
 .text.USBD_RegisterClass
                0x0000000008005232       0x32 Middlewares/usbd_core.o
                0x0000000008005232                USBD_RegisterClass
 .text.USBD_Start
                0x0000000008005264       0x18 Middlewares/usbd_core.o
                0x0000000008005264                USBD_Start
 .text.USBD_RunTestMode
                0x000000000800527c       0x14 Middlewares/usbd_core.o
                0x000000000800527c                USBD_RunTestMode
 .text.USBD_SetClassConfig
                0x0000000008005290       0x3e Middlewares/usbd_core.o
                0x0000000008005290                USBD_SetClassConfig
 .text.USBD_ClrClassConfig
                0x00000000080052ce       0x26 Middlewares/usbd_core.o
                0x00000000080052ce                USBD_ClrClassConfig
 .text.USBD_LL_SetupStage
                0x00000000080052f4       0x9a Middlewares/usbd_core.o
                0x00000000080052f4                USBD_LL_SetupStage
 .text.USBD_LL_DataOutStage
                0x000000000800538e       0xe2 Middlewares/usbd_core.o
                0x000000000800538e                USBD_LL_DataOutStage
 .text.USBD_LL_DataInStage
                0x0000000008005470      0x14a Middlewares/usbd_core.o
                0x0000000008005470                USBD_LL_DataInStage
 .text.USBD_LL_Reset
                0x00000000080055ba       0x82 Middlewares/usbd_core.o
                0x00000000080055ba                USBD_LL_Reset
 .text.USBD_LL_SetSpeed
                0x000000000800563c       0x1e Middlewares/usbd_core.o
                0x000000000800563c                USBD_LL_SetSpeed
 .text.USBD_LL_Suspend
                0x000000000800565a       0x28 Middlewares/usbd_core.o
                0x000000000800565a                USBD_LL_Suspend
 .text.USBD_LL_Resume
                0x0000000008005682       0x2a Middlewares/usbd_core.o
                0x0000000008005682                USBD_LL_Resume
 .text.USBD_LL_SOF
                0x00000000080056ac       0x34 Middlewares/usbd_core.o
                0x00000000080056ac                USBD_LL_SOF
 .text.USBD_StdDevReq
                0x00000000080056e0       0xd4 Middlewares/usbd_ctlreq.o
                0x00000000080056e0                USBD_StdDevReq
 .text.USBD_StdItfReq
                0x00000000080057b4       0x90 Middlewares/usbd_ctlreq.o
                0x00000000080057b4                USBD_StdItfReq
 .text.USBD_StdEPReq
                0x0000000008005844      0x2c6 Middlewares/usbd_ctlreq.o
                0x0000000008005844                USBD_StdEPReq
 *fill*         0x0000000008005b0a        0x2 
 .text.USBD_GetDescriptor
                0x0000000008005b0c      0x2d0 Middlewares/usbd_ctlreq.o
 .text.USBD_SetAddress
                0x0000000008005ddc       0x86 Middlewares/usbd_ctlreq.o
 *fill*         0x0000000008005e62        0x2 
 .text.USBD_SetConfig
                0x0000000008005e64      0x11c Middlewares/usbd_ctlreq.o
 .text.USBD_GetConfig
                0x0000000008005f80       0x6a Middlewares/usbd_ctlreq.o
 .text.USBD_GetStatus
                0x0000000008005fea       0x66 Middlewares/usbd_ctlreq.o
 .text.USBD_SetFeature
                0x0000000008006050       0x28 Middlewares/usbd_ctlreq.o
 .text.USBD_ClrFeature
                0x0000000008006078       0x42 Middlewares/usbd_ctlreq.o
 .text.USBD_ParseSetupRequest
                0x00000000080060ba       0x78 Middlewares/usbd_ctlreq.o
                0x00000000080060ba                USBD_ParseSetupRequest
 .text.USBD_CtlError
                0x0000000008006132       0x22 Middlewares/usbd_ctlreq.o
                0x0000000008006132                USBD_CtlError
 .text.USBD_GetString
                0x0000000008006154       0x84 Middlewares/usbd_ctlreq.o
                0x0000000008006154                USBD_GetString
 .text.USBD_GetLen
                0x00000000080061d8       0x2e Middlewares/usbd_ctlreq.o
 *fill*         0x0000000008006206        0x2 
 .text.USBD_FS_DeviceDescriptor
                0x0000000008006208       0x24 Middlewares/usbd_desc.o
                0x0000000008006208                USBD_FS_DeviceDescriptor
 .text.USBD_FS_LangIDStrDescriptor
                0x000000000800622c       0x24 Middlewares/usbd_desc.o
                0x000000000800622c                USBD_FS_LangIDStrDescriptor
 .text.USBD_FS_ProductStrDescriptor
                0x0000000008006250       0x3c Middlewares/usbd_desc.o
                0x0000000008006250                USBD_FS_ProductStrDescriptor
 .text.USBD_FS_ManufacturerStrDescriptor
                0x000000000800628c       0x28 Middlewares/usbd_desc.o
                0x000000000800628c                USBD_FS_ManufacturerStrDescriptor
 .text.USBD_FS_SerialStrDescriptor
                0x00000000080062b4       0x24 Middlewares/usbd_desc.o
                0x00000000080062b4                USBD_FS_SerialStrDescriptor
 .text.USBD_FS_ConfigStrDescriptor
                0x00000000080062d8       0x3c Middlewares/usbd_desc.o
                0x00000000080062d8                USBD_FS_ConfigStrDescriptor
 .text.USBD_FS_InterfaceStrDescriptor
                0x0000000008006314       0x3c Middlewares/usbd_desc.o
                0x0000000008006314                USBD_FS_InterfaceStrDescriptor
 .text.Get_SerialNum
                0x0000000008006350       0x58 Middlewares/usbd_desc.o
 .text.IntToUnicode
                0x00000000080063a8       0x7c Middlewares/usbd_desc.o
 .text.USBD_HID_Init
                0x0000000008006424       0x4e Middlewares/usbd_hid.o
 .text.USBD_HID_DeInit
                0x0000000008006472       0x42 Middlewares/usbd_hid.o
 .text.USBD_HID_Setup
                0x00000000080064b4      0x1fc Middlewares/usbd_hid.o
 .text.USBD_HID_SendReport
                0x00000000080066b0       0x44 Middlewares/usbd_hid.o
                0x00000000080066b0                USBD_HID_SendReport
 .text.USBD_HID_GetFSCfgDesc
                0x00000000080066f4       0x20 Middlewares/usbd_hid.o
 .text.USBD_HID_GetHSCfgDesc
                0x0000000008006714       0x20 Middlewares/usbd_hid.o
 .text.USBD_HID_GetOtherSpeedCfgDesc
                0x0000000008006734       0x20 Middlewares/usbd_hid.o
 .text.USBD_HID_DataIn
                0x0000000008006754       0x22 Middlewares/usbd_hid.o
 *fill*         0x0000000008006776        0x2 
 .text.USBD_HID_GetDeviceQualifierDesc
                0x0000000008006778       0x20 Middlewares/usbd_hid.o
 .text.USBD_CtlSendData
                0x0000000008006798       0x38 Middlewares/usbd_ioreq.o
                0x0000000008006798                USBD_CtlSendData
 .text.USBD_CtlContinueSendData
                0x00000000080067d0       0x24 Middlewares/usbd_ioreq.o
                0x00000000080067d0                USBD_CtlContinueSendData
 .text.USBD_CtlContinueRx
                0x00000000080067f4       0x24 Middlewares/usbd_ioreq.o
                0x00000000080067f4                USBD_CtlContinueRx
 .text.USBD_CtlSendStatus
                0x0000000008006818       0x26 Middlewares/usbd_ioreq.o
                0x0000000008006818                USBD_CtlSendStatus
 .text.USBD_CtlReceiveStatus
                0x000000000800683e       0x26 Middlewares/usbd_ioreq.o
                0x000000000800683e                USBD_CtlReceiveStatus
 .text.__libc_init_array
                0x0000000008006864       0x48 c:/st/stm32cubeide_1.6.0/stm32cubeide/plugins/com.st.stm32cube.ide.mcu.externaltools.gnu-tools-for-stm32.9-2020-q2-update.win32_1.5.0.202011040924/tools/bin/../lib/gcc/arm-none-eabi/9.3.1/../../../../arm-none-eabi/lib/thumb/v7-m/nofp\libc_nano.a(lib_a-init.o)
                0x0000000008006864                __libc_init_array
 .text.memset   0x00000000080068ac       0x10 c:/st/stm32cubeide_1.6.0/stm32cubeide/plugins/com.st.stm32cube.ide.mcu.externaltools.gnu-tools-for-stm32.9-2020-q2-update.win32_1.5.0.202011040924/tools/bin/../lib/gcc/arm-none-eabi/9.3.1/../../../../arm-none-eabi/lib/thumb/v7-m/nofp\libc_nano.a(lib_a-memset.o)
                0x00000000080068ac                memset
 *(.glue_7)
 .glue_7        0x00000000080068bc        0x0 linker stubs
 *(.glue_7t)
 .glue_7t       0x00000000080068bc        0x0 linker stubs
 *(.eh_frame)
 .eh_frame      0x00000000080068bc        0x0 c:/st/stm32cubeide_1.6.0/stm32cubeide/plugins/com.st.stm32cube.ide.mcu.externaltools.gnu-tools-for-stm32.9-2020-q2-update.win32_1.5.0.202011040924/tools/bin/../lib/gcc/arm-none-eabi/9.3.1/thumb/v7-m/nofp/crtbegin.o
 *(.init)
 .init          0x00000000080068bc        0x4 c:/st/stm32cubeide_1.6.0/stm32cubeide/plugins/com.st.stm32cube.ide.mcu.externaltools.gnu-tools-for-stm32.9-2020-q2-update.win32_1.5.0.202011040924/tools/bin/../lib/gcc/arm-none-eabi/9.3.1/thumb/v7-m/nofp/crti.o
                0x00000000080068bc                _init
 .init          0x00000000080068c0        0x8 c:/st/stm32cubeide_1.6.0/stm32cubeide/plugins/com.st.stm32cube.ide.mcu.externaltools.gnu-tools-for-stm32.9-2020-q2-update.win32_1.5.0.202011040924/tools/bin/../lib/gcc/arm-none-eabi/9.3.1/thumb/v7-m/nofp/crtn.o
 *(.fini)
 .fini          0x00000000080068c8        0x4 c:/st/stm32cubeide_1.6.0/stm32cubeide/plugins/com.st.stm32cube.ide.mcu.externaltools.gnu-tools-for-stm32.9-2020-q2-update.win32_1.5.0.202011040924/tools/bin/../lib/gcc/arm-none-eabi/9.3.1/thumb/v7-m/nofp/crti.o
                0x00000000080068c8                _fini
 .fini          0x00000000080068cc        0x8 c:/st/stm32cubeide_1.6.0/stm32cubeide/plugins/com.st.stm32cube.ide.mcu.externaltools.gnu-tools-for-stm32.9-2020-q2-update.win32_1.5.0.202011040924/tools/bin/../lib/gcc/arm-none-eabi/9.3.1/thumb/v7-m/nofp/crtn.o
                0x00000000080068d4                . = ALIGN (0x4)
                0x00000000080068d4                _etext = .

.vfp11_veneer   0x00000000080068d4        0x0
 .vfp11_veneer  0x00000000080068d4        0x0 linker stubs

.v4_bx          0x00000000080068d4        0x0
 .v4_bx         0x00000000080068d4        0x0 linker stubs

.iplt           0x00000000080068d4        0x0
 .iplt          0x00000000080068d4        0x0 c:/st/stm32cubeide_1.6.0/stm32cubeide/plugins/com.st.stm32cube.ide.mcu.externaltools.gnu-tools-for-stm32.9-2020-q2-update.win32_1.5.0.202011040924/tools/bin/../lib/gcc/arm-none-eabi/9.3.1/thumb/v7-m/nofp/crtbegin.o

.rodata         0x00000000080068d4       0x6c
                0x00000000080068d4                . = ALIGN (0x4)
 *(.rodata)
 .rodata        0x00000000080068d4       0x46 Middlewares/usbd_desc.o
 *(.rodata*)
 *fill*         0x000000000800691a        0x2 
 .rodata.AHBPrescTable
                0x000000000800691c       0x10 Core/Src/main.o
                0x000000000800691c                AHBPrescTable
 .rodata.aPLLMULFactorTable.5671
                0x000000000800692c       0x10 Drivers/stm32f1xx_hal_rcc.o
 .rodata.aPredivFactorTable.5672
                0x000000000800693c        0x2 Drivers/stm32f1xx_hal_rcc.o
                0x0000000008006940                . = ALIGN (0x4)
 *fill*         0x000000000800693e        0x2 

.rel.dyn        0x0000000008006940        0x0
 .rel.iplt      0x0000000008006940        0x0 c:/st/stm32cubeide_1.6.0/stm32cubeide/plugins/com.st.stm32cube.ide.mcu.externaltools.gnu-tools-for-stm32.9-2020-q2-update.win32_1.5.0.202011040924/tools/bin/../lib/gcc/arm-none-eabi/9.3.1/thumb/v7-m/nofp/crtbegin.o

.ARM.extab      0x0000000008006940        0x0
                0x0000000008006940                . = ALIGN (0x4)
 *(.ARM.extab* .gnu.linkonce.armextab.*)
                0x0000000008006940                . = ALIGN (0x4)

.ARM            0x0000000008006940        0x0
                0x0000000008006940                . = ALIGN (0x4)
                0x0000000008006940                __exidx_start = .
 *(.ARM.exidx*)
                0x0000000008006940                __exidx_end = .
                0x0000000008006940                . = ALIGN (0x4)

.preinit_array  0x0000000008006940        0x0
                0x0000000008006940                . = ALIGN (0x4)
                0x0000000008006940                PROVIDE (__preinit_array_start = .)
 *(.preinit_array*)
                0x0000000008006940                PROVIDE (__preinit_array_end = .)
                0x0000000008006940                . = ALIGN (0x4)

.init_array     0x0000000008006940        0x4
                0x0000000008006940                . = ALIGN (0x4)
                0x0000000008006940                PROVIDE (__init_array_start = .)
 *(SORT_BY_NAME(.init_array.*))
 *(.init_array*)
 .init_array    0x0000000008006940        0x4 c:/st/stm32cubeide_1.6.0/stm32cubeide/plugins/com.st.stm32cube.ide.mcu.externaltools.gnu-tools-for-stm32.9-2020-q2-update.win32_1.5.0.202011040924/tools/bin/../lib/gcc/arm-none-eabi/9.3.1/thumb/v7-m/nofp/crtbegin.o
                0x0000000008006944                PROVIDE (__init_array_end = .)
                0x0000000008006944                . = ALIGN (0x4)

.fini_array     0x0000000008006944        0x4
                0x0000000008006944                . = ALIGN (0x4)
                [!provide]                        PROVIDE (__fini_array_start = .)
 *(SORT_BY_NAME(.fini_array.*))
 *(.fini_array*)
 .fini_array    0x0000000008006944        0x4 c:/st/stm32cubeide_1.6.0/stm32cubeide/plugins/com.st.stm32cube.ide.mcu.externaltools.gnu-tools-for-stm32.9-2020-q2-update.win32_1.5.0.202011040924/tools/bin/../lib/gcc/arm-none-eabi/9.3.1/thumb/v7-m/nofp/crtbegin.o
                [!provide]                        PROVIDE (__fini_array_end = .)
                0x0000000008006948                . = ALIGN (0x4)
                0x0000000008006948                _sidata = LOADADDR (.data)

.data           0x0000000020000000      0x158 load address 0x0000000008006948
                0x0000000020000000                . = ALIGN (0x4)
                0x0000000020000000                _sdata = .
 *(.data)
 *(.data*)
 .data.SystemCoreClock
                0x0000000020000000        0x4 Core/Src/main.o
                0x0000000020000000                SystemCoreClock
 .data.uwTickPrio
                0x0000000020000004        0x4 Drivers/stm32f1xx_hal.o
                0x0000000020000004                uwTickPrio
 .data.uwTickFreq
                0x0000000020000008        0x1 Drivers/stm32f1xx_hal.o
                0x0000000020000008                uwTickFreq
 *fill*         0x0000000020000009        0x3 
 .data.FS_Desc  0x000000002000000c       0x1c Middlewares/usbd_desc.o
                0x000000002000000c                FS_Desc
 .data.USBD_FS_DeviceDesc
                0x0000000020000028       0x12 Middlewares/usbd_desc.o
                0x0000000020000028                USBD_FS_DeviceDesc
 *fill*         0x000000002000003a        0x2 
 .data.USBD_LangIDDesc
                0x000000002000003c        0x4 Middlewares/usbd_desc.o
                0x000000002000003c                USBD_LangIDDesc
 .data.USBD_StringSerial
                0x0000000020000040       0x1a Middlewares/usbd_desc.o
                0x0000000020000040                USBD_StringSerial
 *fill*         0x000000002000005a        0x2 
 .data.USBD_HID
                0x000000002000005c       0x38 Middlewares/usbd_hid.o
                0x000000002000005c                USBD_HID
 .data.USBD_HID_CfgFSDesc
                0x0000000020000094       0x22 Middlewares/usbd_hid.o
 *fill*         0x00000000200000b6        0x2 
 .data.USBD_HID_CfgHSDesc
                0x00000000200000b8       0x22 Middlewares/usbd_hid.o
 *fill*         0x00000000200000da        0x2 
 .data.USBD_HID_OtherSpeedCfgDesc
                0x00000000200000dc       0x22 Middlewares/usbd_hid.o
 *fill*         0x00000000200000fe        0x2 
 .data.USBD_HID_Desc
                0x0000000020000100        0x9 Middlewares/usbd_hid.o
 *fill*         0x0000000020000109        0x3 
 .data.USBD_HID_DeviceQualifierDesc
                0x000000002000010c        0xa Middlewares/usbd_hid.o
 *fill*         0x0000000020000116        0x2 
 .data.HID_MOUSE_ReportDesc
                0x0000000020000118       0x3f Middlewares/usbd_hid.o
 *(.RamFunc)
 *(.RamFunc*)
                0x0000000020000158                . = ALIGN (0x4)
 *fill*         0x0000000020000157        0x1 
                0x0000000020000158                _edata = .

.igot.plt       0x0000000020000158        0x0 load address 0x0000000008006aa0
 .igot.plt      0x0000000020000158        0x0 c:/st/stm32cubeide_1.6.0/stm32cubeide/plugins/com.st.stm32cube.ide.mcu.externaltools.gnu-tools-for-stm32.9-2020-q2-update.win32_1.5.0.202011040924/tools/bin/../lib/gcc/arm-none-eabi/9.3.1/thumb/v7-m/nofp/crtbegin.o
                0x0000000020000158                . = ALIGN (0x4)

.bss            0x0000000020000158      0x7f4 load address 0x0000000008006aa0
                0x0000000020000158                _sbss = .
                0x0000000020000158                __bss_start__ = _sbss
 *(.bss)
 .bss           0x0000000020000158       0x1c c:/st/stm32cubeide_1.6.0/stm32cubeide/plugins/com.st.stm32cube.ide.mcu.externaltools.gnu-tools-for-stm32.9-2020-q2-update.win32_1.5.0.202011040924/tools/bin/../lib/gcc/arm-none-eabi/9.3.1/thumb/v7-m/nofp/crtbegin.o
 *(.bss*)
 .bss.keyboardhid
                0x0000000020000174        0x8 Core/Src/main.o
                0x0000000020000174                keyboardhid
 .bss.mem.6003  0x000000002000017c       0x14 Middlewares/usbd_conf.o
 .bss.cfgidx.5959
                0x0000000020000190        0x1 Middlewares/usbd_ctlreq.o
 *(COMMON)
 *fill*         0x0000000020000191        0x3 
 COMMON         0x0000000020000194      0x2c4 Core/Src/main.o
                0x0000000020000194                hUsbDeviceFS
 COMMON         0x0000000020000458        0x4 Drivers/stm32f1xx_hal.o
                0x0000000020000458                uwTick
 COMMON         0x000000002000045c      0x2f0 Middlewares/usbd_conf.o
                0x000000002000045c                hpcd_USB_FS
 COMMON         0x000000002000074c      0x200 Middlewares/usbd_desc.o
                0x000000002000074c                USBD_StrDesc
                0x000000002000094c                . = ALIGN (0x4)
                0x000000002000094c                _ebss = .
                0x000000002000094c                __bss_end__ = _ebss

._user_heap_stack
                0x000000002000094c      0x604 load address 0x0000000008006aa0
                0x0000000020000950                . = ALIGN (0x8)
 *fill*         0x000000002000094c        0x4 
                [!provide]                        PROVIDE (end = .)
                0x0000000020000950                PROVIDE (_end = .)
                0x0000000020000b50                . = (. + _Min_Heap_Size)
 *fill*         0x0000000020000950      0x200 
                0x0000000020000f50                . = (. + _Min_Stack_Size)
 *fill*         0x0000000020000b50      0x400 
                0x0000000020000f50                . = ALIGN (0x8)

/DISCARD/
 libc.a(*)
 libm.a(*)
 libgcc.a(*)

.ARM.attributes
                0x0000000000000000       0x29
 *(.ARM.attributes)
 .ARM.attributes
                0x0000000000000000       0x1d c:/st/stm32cubeide_1.6.0/stm32cubeide/plugins/com.st.stm32cube.ide.mcu.externaltools.gnu-tools-for-stm32.9-2020-q2-update.win32_1.5.0.202011040924/tools/bin/../lib/gcc/arm-none-eabi/9.3.1/thumb/v7-m/nofp/crti.o
 .ARM.attributes
                0x000000000000001d       0x2d c:/st/stm32cubeide_1.6.0/stm32cubeide/plugins/com.st.stm32cube.ide.mcu.externaltools.gnu-tools-for-stm32.9-2020-q2-update.win32_1.5.0.202011040924/tools/bin/../lib/gcc/arm-none-eabi/9.3.1/thumb/v7-m/nofp/crtbegin.o
 .ARM.attributes
                0x000000000000004a       0x2d Core/Src/main.o
 .ARM.attributes
                0x0000000000000077       0x21 Core/Startup/startup_stm32f103c8tx.o
 .ARM.attributes
                0x0000000000000098       0x2d Drivers/stm32f1xx_hal.o
 .ARM.attributes
                0x00000000000000c5       0x2d Drivers/stm32f1xx_hal_cortex.o
 .ARM.attributes
                0x00000000000000f2       0x2d Drivers/stm32f1xx_hal_pcd.o
 .ARM.attributes
                0x000000000000011f       0x2d Drivers/stm32f1xx_hal_pcd_ex.o
 .ARM.attributes
                0x000000000000014c       0x2d Drivers/stm32f1xx_hal_rcc.o
 .ARM.attributes
                0x0000000000000179       0x2d Drivers/stm32f1xx_ll_usb.o
 .ARM.attributes
                0x00000000000001a6       0x2d Middlewares/usbd_conf.o
 .ARM.attributes
                0x00000000000001d3       0x2d Middlewares/usbd_core.o
 .ARM.attributes
                0x0000000000000200       0x2d Middlewares/usbd_ctlreq.o
 .ARM.attributes
                0x000000000000022d       0x2d Middlewares/usbd_desc.o
 .ARM.attributes
                0x000000000000025a       0x2d Middlewares/usbd_hid.o
 .ARM.attributes
                0x0000000000000287       0x2d Middlewares/usbd_ioreq.o
 .ARM.attributes
                0x00000000000002b4       0x2d c:/st/stm32cubeide_1.6.0/stm32cubeide/plugins/com.st.stm32cube.ide.mcu.externaltools.gnu-tools-for-stm32.9-2020-q2-update.win32_1.5.0.202011040924/tools/bin/../lib/gcc/arm-none-eabi/9.3.1/../../../../arm-none-eabi/lib/thumb/v7-m/nofp\libc_nano.a(lib_a-init.o)
 .ARM.attributes
                0x00000000000002e1       0x2d c:/st/stm32cubeide_1.6.0/stm32cubeide/plugins/com.st.stm32cube.ide.mcu.externaltools.gnu-tools-for-stm32.9-2020-q2-update.win32_1.5.0.202011040924/tools/bin/../lib/gcc/arm-none-eabi/9.3.1/../../../../arm-none-eabi/lib/thumb/v7-m/nofp\libc_nano.a(lib_a-memset.o)
 .ARM.attributes
                0x000000000000030e       0x1d c:/st/stm32cubeide_1.6.0/stm32cubeide/plugins/com.st.stm32cube.ide.mcu.externaltools.gnu-tools-for-stm32.9-2020-q2-update.win32_1.5.0.202011040924/tools/bin/../lib/gcc/arm-none-eabi/9.3.1/thumb/v7-m/nofp/crtn.o
OUTPUT(usb_test.elf elf32-littlearm)
LOAD linker stubs
LOAD c:/st/stm32cubeide_1.6.0/stm32cubeide/plugins/com.st.stm32cube.ide.mcu.externaltools.gnu-tools-for-stm32.9-2020-q2-update.win32_1.5.0.202011040924/tools/bin/../lib/gcc/arm-none-eabi/9.3.1/../../../../arm-none-eabi/lib/thumb/v7-m/nofp\libc.a
LOAD c:/st/stm32cubeide_1.6.0/stm32cubeide/plugins/com.st.stm32cube.ide.mcu.externaltools.gnu-tools-for-stm32.9-2020-q2-update.win32_1.5.0.202011040924/tools/bin/../lib/gcc/arm-none-eabi/9.3.1/../../../../arm-none-eabi/lib/thumb/v7-m/nofp\libm.a
LOAD c:/st/stm32cubeide_1.6.0/stm32cubeide/plugins/com.st.stm32cube.ide.mcu.externaltools.gnu-tools-for-stm32.9-2020-q2-update.win32_1.5.0.202011040924/tools/bin/../lib/gcc/arm-none-eabi/9.3.1/thumb/v7-m/nofp\libgcc.a

.debug_info     0x0000000000000000     0xaf44
 .debug_info    0x0000000000000000     0x1688 Core/Src/main.o
 .debug_info    0x0000000000001688       0x22 Core/Startup/startup_stm32f103c8tx.o
 .debug_info    0x00000000000016aa      0x743 Drivers/stm32f1xx_hal.o
 .debug_info    0x0000000000001ded      0xbca Drivers/stm32f1xx_hal_cortex.o
 .debug_info    0x00000000000029b7     0x1659 Drivers/stm32f1xx_hal_pcd.o
 .debug_info    0x0000000000004010      0x7ee Drivers/stm32f1xx_hal_pcd_ex.o
 .debug_info    0x00000000000047fe      0x956 Drivers/stm32f1xx_hal_rcc.o
 .debug_info    0x0000000000005154     0x19b1 Drivers/stm32f1xx_ll_usb.o
 .debug_info    0x0000000000006b05     0x16c9 Middlewares/usbd_conf.o
 .debug_info    0x00000000000081ce      0xa3b Middlewares/usbd_core.o
 .debug_info    0x0000000000008c09      0x9b1 Middlewares/usbd_ctlreq.o
 .debug_info    0x00000000000095ba      0x869 Middlewares/usbd_desc.o
 .debug_info    0x0000000000009e23      0x998 Middlewares/usbd_hid.o
 .debug_info    0x000000000000a7bb      0x789 Middlewares/usbd_ioreq.o

.debug_abbrev   0x0000000000000000     0x1dc3
 .debug_abbrev  0x0000000000000000      0x2a1 Core/Src/main.o
 .debug_abbrev  0x00000000000002a1       0x12 Core/Startup/startup_stm32f103c8tx.o
 .debug_abbrev  0x00000000000002b3      0x1ef Drivers/stm32f1xx_hal.o
 .debug_abbrev  0x00000000000004a2      0x2bf Drivers/stm32f1xx_hal_cortex.o
 .debug_abbrev  0x0000000000000761      0x2ba Drivers/stm32f1xx_hal_pcd.o
 .debug_abbrev  0x0000000000000a1b      0x1ac Drivers/stm32f1xx_hal_pcd_ex.o
 .debug_abbrev  0x0000000000000bc7      0x2b5 Drivers/stm32f1xx_hal_rcc.o
 .debug_abbrev  0x0000000000000e7c      0x1fa Drivers/stm32f1xx_ll_usb.o
 .debug_abbrev  0x0000000000001076      0x308 Middlewares/usbd_conf.o
 .debug_abbrev  0x000000000000137e      0x20d Middlewares/usbd_core.o
 .debug_abbrev  0x000000000000158b      0x26e Middlewares/usbd_ctlreq.o
 .debug_abbrev  0x00000000000017f9      0x220 Middlewares/usbd_desc.o
 .debug_abbrev  0x0000000000001a19      0x22a Middlewares/usbd_hid.o
 .debug_abbrev  0x0000000000001c43      0x180 Middlewares/usbd_ioreq.o

.debug_aranges  0x0000000000000000      0x8d0
 .debug_aranges
                0x0000000000000000       0x50 Core/Src/main.o
 .debug_aranges
                0x0000000000000050       0x28 Core/Startup/startup_stm32f103c8tx.o
 .debug_aranges
                0x0000000000000078       0xe0 Drivers/stm32f1xx_hal.o
 .debug_aranges
                0x0000000000000158      0x100 Drivers/stm32f1xx_hal_cortex.o
 .debug_aranges
                0x0000000000000258      0x140 Drivers/stm32f1xx_hal_pcd.o
 .debug_aranges
                0x0000000000000398       0x38 Drivers/stm32f1xx_hal_pcd_ex.o
 .debug_aranges
                0x00000000000003d0       0x98 Drivers/stm32f1xx_hal_rcc.o
 .debug_aranges
                0x0000000000000468       0xf8 Drivers/stm32f1xx_ll_usb.o
 .debug_aranges
                0x0000000000000560      0x118 Middlewares/usbd_conf.o
 .debug_aranges
                0x0000000000000678       0xb8 Middlewares/usbd_core.o
 .debug_aranges
                0x0000000000000730       0x88 Middlewares/usbd_ctlreq.o
 .debug_aranges
                0x00000000000007b8       0x60 Middlewares/usbd_desc.o
 .debug_aranges
                0x0000000000000818       0x68 Middlewares/usbd_hid.o
 .debug_aranges
                0x0000000000000880       0x50 Middlewares/usbd_ioreq.o

.debug_ranges   0x0000000000000000      0x7f8
 .debug_ranges  0x0000000000000000       0x40 Core/Src/main.o
 .debug_ranges  0x0000000000000040       0x20 Core/Startup/startup_stm32f103c8tx.o
 .debug_ranges  0x0000000000000060       0xd0 Drivers/stm32f1xx_hal.o
 .debug_ranges  0x0000000000000130       0xf0 Drivers/stm32f1xx_hal_cortex.o
 .debug_ranges  0x0000000000000220      0x130 Drivers/stm32f1xx_hal_pcd.o
 .debug_ranges  0x0000000000000350       0x28 Drivers/stm32f1xx_hal_pcd_ex.o
 .debug_ranges  0x0000000000000378       0x88 Drivers/stm32f1xx_hal_rcc.o
 .debug_ranges  0x0000000000000400       0xe8 Drivers/stm32f1xx_ll_usb.o
 .debug_ranges  0x00000000000004e8      0x108 Middlewares/usbd_conf.o
 .debug_ranges  0x00000000000005f0       0xa8 Middlewares/usbd_core.o
 .debug_ranges  0x0000000000000698       0x78 Middlewares/usbd_ctlreq.o
 .debug_ranges  0x0000000000000710       0x50 Middlewares/usbd_desc.o
 .debug_ranges  0x0000000000000760       0x58 Middlewares/usbd_hid.o
 .debug_ranges  0x00000000000007b8       0x40 Middlewares/usbd_ioreq.o

.debug_macro    0x0000000000000000    0x1397a
 .debug_macro   0x0000000000000000      0x250 Core/Src/main.o
 .debug_macro   0x0000000000000250      0xa9c Core/Src/main.o
 .debug_macro   0x0000000000000cec       0x18 Core/Src/main.o
 .debug_macro   0x0000000000000d04       0x22 Core/Src/main.o
 .debug_macro   0x0000000000000d26       0x4c Core/Src/main.o
 .debug_macro   0x0000000000000d72       0x94 Core/Src/main.o
 .debug_macro   0x0000000000000e06       0x3c Core/Src/main.o
 .debug_macro   0x0000000000000e42       0x34 Core/Src/main.o
 .debug_macro   0x0000000000000e76       0x16 Core/Src/main.o
 .debug_macro   0x0000000000000e8c      0x10e Core/Src/main.o
 .debug_macro   0x0000000000000f9a       0x8d Core/Src/main.o
 .debug_macro   0x0000000000001027       0x16 Core/Src/main.o
 .debug_macro   0x000000000000103d       0x43 Core/Src/main.o
 .debug_macro   0x0000000000001080       0x57 Core/Src/main.o
 .debug_macro   0x00000000000010d7       0x34 Core/Src/main.o
 .debug_macro   0x000000000000110b       0x10 Core/Src/main.o
 .debug_macro   0x000000000000111b       0x58 Core/Src/main.o
 .debug_macro   0x0000000000001173       0x71 Core/Src/main.o
 .debug_macro   0x00000000000011e4       0x1c Core/Src/main.o
 .debug_macro   0x0000000000001200      0x12a Core/Src/main.o
 .debug_macro   0x000000000000132a      0x339 Core/Src/main.o
 .debug_macro   0x0000000000001663       0x16 Core/Src/main.o
 .debug_macro   0x0000000000001679       0x29 Core/Src/main.o
 .debug_macro   0x00000000000016a2      0x1c0 Core/Src/main.o
 .debug_macro   0x0000000000001862       0x35 Core/Src/main.o
 .debug_macro   0x0000000000001897       0x22 Core/Src/main.o
 .debug_macro   0x00000000000018b9      0x103 Core/Src/main.o
 .debug_macro   0x00000000000019bc       0x6a Core/Src/main.o
 .debug_macro   0x0000000000001a26      0x1df Core/Src/main.o
 .debug_macro   0x0000000000001c05       0x1c Core/Src/main.o
 .debug_macro   0x0000000000001c21       0x22 Core/Src/main.o
 .debug_macro   0x0000000000001c43       0xbd Core/Src/main.o
 .debug_macro   0x0000000000001d00      0xd23 Core/Src/main.o
 .debug_macro   0x0000000000002a23     0xe089 Core/Src/main.o
 .debug_macro   0x0000000000010aac       0x6d Core/Src/main.o
 .debug_macro   0x0000000000010b19       0x54 Core/Src/main.o
 .debug_macro   0x0000000000010b6d      0x583 Core/Src/main.o
 .debug_macro   0x00000000000110f0      0x277 Core/Src/main.o
 .debug_macro   0x0000000000011367       0x82 Core/Src/main.o
 .debug_macro   0x00000000000113e9      0x1cb Core/Src/main.o
 .debug_macro   0x00000000000115b4      0x106 Core/Src/main.o
 .debug_macro   0x00000000000116ba      0x1a3 Core/Src/main.o
 .debug_macro   0x000000000001185d       0x27 Core/Src/main.o
 .debug_macro   0x0000000000011884       0x57 Core/Src/main.o
 .debug_macro   0x00000000000118db       0x6a Core/Src/main.o
 .debug_macro   0x0000000000011945      0x240 Core/Src/main.o
 .debug_macro   0x0000000000011b85       0xab Core/Src/main.o
 .debug_macro   0x0000000000011c30      0x23f Core/Src/main.o
 .debug_macro   0x0000000000011e6f       0x90 Core/Src/main.o
 .debug_macro   0x0000000000011eff      0x281 Core/Src/main.o
 .debug_macro   0x0000000000012180      0x21b Core/Src/main.o
 .debug_macro   0x000000000001239b      0x185 Drivers/stm32f1xx_hal.o
 .debug_macro   0x0000000000012520      0x1c0 Drivers/stm32f1xx_hal.o
 .debug_macro   0x00000000000126e0       0x8e Drivers/stm32f1xx_hal.o
 .debug_macro   0x000000000001276e       0x51 Drivers/stm32f1xx_hal.o
 .debug_macro   0x00000000000127bf       0xc3 Drivers/stm32f1xx_hal.o
 .debug_macro   0x0000000000012882       0x5a Drivers/stm32f1xx_hal.o
 .debug_macro   0x00000000000128dc       0x90 Drivers/stm32f1xx_hal.o
 .debug_macro   0x000000000001296c      0x161 Drivers/stm32f1xx_hal_cortex.o
 .debug_macro   0x0000000000012acd      0x16d Drivers/stm32f1xx_hal_pcd.o
 .debug_macro   0x0000000000012c3a      0x161 Drivers/stm32f1xx_hal_pcd_ex.o
 .debug_macro   0x0000000000012d9b      0x173 Drivers/stm32f1xx_hal_rcc.o
 .debug_macro   0x0000000000012f0e      0x161 Drivers/stm32f1xx_ll_usb.o
 .debug_macro   0x000000000001306f      0x18a Middlewares/usbd_conf.o
 .debug_macro   0x00000000000131f9      0x173 Middlewares/usbd_core.o
 .debug_macro   0x000000000001336c      0x173 Middlewares/usbd_ctlreq.o
 .debug_macro   0x00000000000134df      0x1b5 Middlewares/usbd_desc.o
 .debug_macro   0x0000000000013694      0x173 Middlewares/usbd_hid.o
 .debug_macro   0x0000000000013807      0x173 Middlewares/usbd_ioreq.o

.debug_line     0x0000000000000000     0x85c6
 .debug_line    0x0000000000000000      0x925 Core/Src/main.o
 .debug_line    0x0000000000000925       0x86 Core/Startup/startup_stm32f103c8tx.o
 .debug_line    0x00000000000009ab      0x809 Drivers/stm32f1xx_hal.o
 .debug_line    0x00000000000011b4      0x9ef Drivers/stm32f1xx_hal_cortex.o
 .debug_line    0x0000000000001ba3     0x123b Drivers/stm32f1xx_hal_pcd.o
 .debug_line    0x0000000000002dde      0x5d9 Drivers/stm32f1xx_hal_pcd_ex.o
 .debug_line    0x00000000000033b7      0xce3 Drivers/stm32f1xx_hal_rcc.o
 .debug_line    0x000000000000409a      0xea2 Drivers/stm32f1xx_ll_usb.o
 .debug_line    0x0000000000004f3c      0xadb Middlewares/usbd_conf.o
 .debug_line    0x0000000000005a17      0x9f6 Middlewares/usbd_core.o
 .debug_line    0x000000000000640d      0xc19 Middlewares/usbd_ctlreq.o
 .debug_line    0x0000000000007026      0x72e Middlewares/usbd_desc.o
 .debug_line    0x0000000000007754      0x7e9 Middlewares/usbd_hid.o
 .debug_line    0x0000000000007f3d      0x689 Middlewares/usbd_ioreq.o

.debug_str      0x0000000000000000    0x68ed4
 .debug_str     0x0000000000000000    0x67161 Core/Src/main.o
                                      0x6756c (size before relaxing)
 .debug_str     0x0000000000067161       0x36 Core/Startup/startup_stm32f103c8tx.o
                                         0x88 (size before relaxing)
 .debug_str     0x0000000000067197      0x66c Drivers/stm32f1xx_hal.o
                                      0x634f0 (size before relaxing)
 .debug_str     0x0000000000067803      0x2db Drivers/stm32f1xx_hal_cortex.o
                                      0x634f8 (size before relaxing)
 .debug_str     0x0000000000067ade      0x450 Drivers/stm32f1xx_hal_pcd.o
                                      0x635dd (size before relaxing)
 .debug_str     0x0000000000067f2e      0x174 Drivers/stm32f1xx_hal_pcd_ex.o
                                      0x632ff (size before relaxing)
 .debug_str     0x00000000000680a2      0x2a1 Drivers/stm32f1xx_hal_rcc.o
                                      0x632f1 (size before relaxing)
 .debug_str     0x0000000000068343      0x2b3 Drivers/stm32f1xx_ll_usb.o
                                      0x63351 (size before relaxing)
 .debug_str     0x00000000000685f6      0x174 Middlewares/usbd_conf.o
                                      0x64742 (size before relaxing)
 .debug_str     0x000000000006876a      0x184 Middlewares/usbd_core.o
                                      0x63e50 (size before relaxing)
 .debug_str     0x00000000000688ee      0x101 Middlewares/usbd_ctlreq.o
                                      0x63dd6 (size before relaxing)
 .debug_str     0x00000000000689ef      0x255 Middlewares/usbd_desc.o
                                      0x63f44 (size before relaxing)
 .debug_str     0x0000000000068c44      0x1ec Middlewares/usbd_hid.o
                                      0x63ebf (size before relaxing)
 .debug_str     0x0000000000068e30       0xa4 Middlewares/usbd_ioreq.o
                                      0x63d5e (size before relaxing)

.comment        0x0000000000000000       0x53
 .comment       0x0000000000000000       0x53 Core/Src/main.o
                                         0x54 (size before relaxing)
 .comment       0x0000000000000053       0x54 Drivers/stm32f1xx_hal.o
 .comment       0x0000000000000053       0x54 Drivers/stm32f1xx_hal_cortex.o
 .comment       0x0000000000000053       0x54 Drivers/stm32f1xx_hal_pcd.o
 .comment       0x0000000000000053       0x54 Drivers/stm32f1xx_hal_pcd_ex.o
 .comment       0x0000000000000053       0x54 Drivers/stm32f1xx_hal_rcc.o
 .comment       0x0000000000000053       0x54 Drivers/stm32f1xx_ll_usb.o
 .comment       0x0000000000000053       0x54 Middlewares/usbd_conf.o
 .comment       0x0000000000000053       0x54 Middlewares/usbd_core.o
 .comment       0x0000000000000053       0x54 Middlewares/usbd_ctlreq.o
 .comment       0x0000000000000053       0x54 Middlewares/usbd_desc.o
 .comment       0x0000000000000053       0x54 Middlewares/usbd_hid.o
 .comment       0x0000000000000053       0x54 Middlewares/usbd_ioreq.o

.debug_frame    0x0000000000000000     0x2340
 .debug_frame   0x0000000000000000       0xe0 Core/Src/main.o
 .debug_frame   0x00000000000000e0      0x334 Drivers/stm32f1xx_hal.o
 .debug_frame   0x0000000000000414      0x428 Drivers/stm32f1xx_hal_cortex.o
 .debug_frame   0x000000000000083c      0x59c Drivers/stm32f1xx_hal_pcd.o
 .debug_frame   0x0000000000000dd8       0xb0 Drivers/stm32f1xx_hal_pcd_ex.o
 .debug_frame   0x0000000000000e88      0x23c Drivers/stm32f1xx_hal_rcc.o
 .debug_frame   0x00000000000010c4      0x478 Drivers/stm32f1xx_ll_usb.o
 .debug_frame   0x000000000000153c      0x4a4 Middlewares/usbd_conf.o
 .debug_frame   0x00000000000019e0      0x300 Middlewares/usbd_core.o
 .debug_frame   0x0000000000001ce0      0x218 Middlewares/usbd_ctlreq.o
 .debug_frame   0x0000000000001ef8      0x160 Middlewares/usbd_desc.o
 .debug_frame   0x0000000000002058      0x190 Middlewares/usbd_hid.o
 .debug_frame   0x00000000000021e8      0x10c Middlewares/usbd_ioreq.o
 .debug_frame   0x00000000000022f4       0x2c c:/st/stm32cubeide_1.6.0/stm32cubeide/plugins/com.st.stm32cube.ide.mcu.externaltools.gnu-tools-for-stm32.9-2020-q2-update.win32_1.5.0.202011040924/tools/bin/../lib/gcc/arm-none-eabi/9.3.1/../../../../arm-none-eabi/lib/thumb/v7-m/nofp\libc_nano.a(lib_a-init.o)
 .debug_frame   0x0000000000002320       0x20 c:/st/stm32cubeide_1.6.0/stm32cubeide/plugins/com.st.stm32cube.ide.mcu.externaltools.gnu-tools-for-stm32.9-2020-q2-update.win32_1.5.0.202011040924/tools/bin/../lib/gcc/arm-none-eabi/9.3.1/../../../../arm-none-eabi/lib/thumb/v7-m/nofp\libc_nano.a(lib_a-memset.o)
