Archive member included to satisfy reference by file (symbol)

c:/st/stm32cubeide_1.6.0/stm32cubeide/plugins/com.st.stm32cube.ide.mcu.externaltools.gnu-tools-for-stm32.9-2020-q2-update.win32_1.5.0.202011040924/tools/bin/../lib/gcc/arm-none-eabi/9.3.1/../../../../arm-none-eabi/lib/thumb/v7-m/nofp\libc_nano.a(lib_a-errno.o)
                              Core/Src/sysmem.o (__errno)
c:/st/stm32cubeide_1.6.0/stm32cubeide/plugins/com.st.stm32cube.ide.mcu.externaltools.gnu-tools-for-stm32.9-2020-q2-update.win32_1.5.0.202011040924/tools/bin/../lib/gcc/arm-none-eabi/9.3.1/../../../../arm-none-eabi/lib/thumb/v7-m/nofp\libc_nano.a(lib_a-exit.o)
                              c:/st/stm32cubeide_1.6.0/stm32cubeide/plugins/com.st.stm32cube.ide.mcu.externaltools.gnu-tools-for-stm32.9-2020-q2-update.win32_1.5.0.202011040924/tools/bin/../lib/gcc/arm-none-eabi/9.3.1/../../../../arm-none-eabi/lib/thumb/v7-m/nofp/crt0.o (exit)
c:/st/stm32cubeide_1.6.0/stm32cubeide/plugins/com.st.stm32cube.ide.mcu.externaltools.gnu-tools-for-stm32.9-2020-q2-update.win32_1.5.0.202011040924/tools/bin/../lib/gcc/arm-none-eabi/9.3.1/../../../../arm-none-eabi/lib/thumb/v7-m/nofp\libc_nano.a(lib_a-impure.o)
                              c:/st/stm32cubeide_1.6.0/stm32cubeide/plugins/com.st.stm32cube.ide.mcu.externaltools.gnu-tools-for-stm32.9-2020-q2-update.win32_1.5.0.202011040924/tools/bin/../lib/gcc/arm-none-eabi/9.3.1/../../../../arm-none-eabi/lib/thumb/v7-m/nofp\libc_nano.a(lib_a-exit.o) (_global_impure_ptr)
c:/st/stm32cubeide_1.6.0/stm32cubeide/plugins/com.st.stm32cube.ide.mcu.externaltools.gnu-tools-for-stm32.9-2020-q2-update.win32_1.5.0.202011040924/tools/bin/../lib/gcc/arm-none-eabi/9.3.1/../../../../arm-none-eabi/lib/thumb/v7-m/nofp\libc_nano.a(lib_a-init.o)
                              c:/st/stm32cubeide_1.6.0/stm32cubeide/plugins/com.st.stm32cube.ide.mcu.externaltools.gnu-tools-for-stm32.9-2020-q2-update.win32_1.5.0.202011040924/tools/bin/../lib/gcc/arm-none-eabi/9.3.1/../../../../arm-none-eabi/lib/thumb/v7-m/nofp/crt0.o (__libc_init_array)
c:/st/stm32cubeide_1.6.0/stm32cubeide/plugins/com.st.stm32cube.ide.mcu.externaltools.gnu-tools-for-stm32.9-2020-q2-update.win32_1.5.0.202011040924/tools/bin/../lib/gcc/arm-none-eabi/9.3.1/../../../../arm-none-eabi/lib/thumb/v7-m/nofp\libc_nano.a(lib_a-memset.o)
                              c:/st/stm32cubeide_1.6.0/stm32cubeide/plugins/com.st.stm32cube.ide.mcu.externaltools.gnu-tools-for-stm32.9-2020-q2-update.win32_1.5.0.202011040924/tools/bin/../lib/gcc/arm-none-eabi/9.3.1/../../../../arm-none-eabi/lib/thumb/v7-m/nofp/crt0.o (memset)
c:/st/stm32cubeide_1.6.0/stm32cubeide/plugins/com.st.stm32cube.ide.mcu.externaltools.gnu-tools-for-stm32.9-2020-q2-update.win32_1.5.0.202011040924/tools/bin/../lib/gcc/arm-none-eabi/9.3.1/../../../../arm-none-eabi/lib/thumb/v7-m/nofp\libnosys.a(_exit.o)
                              c:/st/stm32cubeide_1.6.0/stm32cubeide/plugins/com.st.stm32cube.ide.mcu.externaltools.gnu-tools-for-stm32.9-2020-q2-update.win32_1.5.0.202011040924/tools/bin/../lib/gcc/arm-none-eabi/9.3.1/../../../../arm-none-eabi/lib/thumb/v7-m/nofp\libc_nano.a(lib_a-exit.o) (_exit)

Allocating common symbols
Common symbol       size              file

hUsbDeviceFS        0x2c4             Core/Src/main.o
uwTick              0x4               Drivers/stm32f1xx_hal.o
hpcd_USB_FS         0x2f0             Drivers/usbd_core.o
USBD_StrDesc        0x200             Drivers/usbd_core.o

Discarded input sections

 .text          0x0000000000000000        0x0 c:/st/stm32cubeide_1.6.0/stm32cubeide/plugins/com.st.stm32cube.ide.mcu.externaltools.gnu-tools-for-stm32.9-2020-q2-update.win32_1.5.0.202011040924/tools/bin/../lib/gcc/arm-none-eabi/9.3.1/thumb/v7-m/nofp/crti.o
 .data          0x0000000000000000        0x0 c:/st/stm32cubeide_1.6.0/stm32cubeide/plugins/com.st.stm32cube.ide.mcu.externaltools.gnu-tools-for-stm32.9-2020-q2-update.win32_1.5.0.202011040924/tools/bin/../lib/gcc/arm-none-eabi/9.3.1/thumb/v7-m/nofp/crti.o
 .bss           0x0000000000000000        0x0 c:/st/stm32cubeide_1.6.0/stm32cubeide/plugins/com.st.stm32cube.ide.mcu.externaltools.gnu-tools-for-stm32.9-2020-q2-update.win32_1.5.0.202011040924/tools/bin/../lib/gcc/arm-none-eabi/9.3.1/thumb/v7-m/nofp/crti.o
 .data          0x0000000000000000        0x4 c:/st/stm32cubeide_1.6.0/stm32cubeide/plugins/com.st.stm32cube.ide.mcu.externaltools.gnu-tools-for-stm32.9-2020-q2-update.win32_1.5.0.202011040924/tools/bin/../lib/gcc/arm-none-eabi/9.3.1/thumb/v7-m/nofp/crtbegin.o
 .text          0x0000000000000000       0x7c c:/st/stm32cubeide_1.6.0/stm32cubeide/plugins/com.st.stm32cube.ide.mcu.externaltools.gnu-tools-for-stm32.9-2020-q2-update.win32_1.5.0.202011040924/tools/bin/../lib/gcc/arm-none-eabi/9.3.1/../../../../arm-none-eabi/lib/thumb/v7-m/nofp/crt0.o
 .data          0x0000000000000000        0x0 c:/st/stm32cubeide_1.6.0/stm32cubeide/plugins/com.st.stm32cube.ide.mcu.externaltools.gnu-tools-for-stm32.9-2020-q2-update.win32_1.5.0.202011040924/tools/bin/../lib/gcc/arm-none-eabi/9.3.1/../../../../arm-none-eabi/lib/thumb/v7-m/nofp/crt0.o
 .bss           0x0000000000000000        0x0 c:/st/stm32cubeide_1.6.0/stm32cubeide/plugins/com.st.stm32cube.ide.mcu.externaltools.gnu-tools-for-stm32.9-2020-q2-update.win32_1.5.0.202011040924/tools/bin/../lib/gcc/arm-none-eabi/9.3.1/../../../../arm-none-eabi/lib/thumb/v7-m/nofp/crt0.o
 .ARM.extab     0x0000000000000000        0x0 c:/st/stm32cubeide_1.6.0/stm32cubeide/plugins/com.st.stm32cube.ide.mcu.externaltools.gnu-tools-for-stm32.9-2020-q2-update.win32_1.5.0.202011040924/tools/bin/../lib/gcc/arm-none-eabi/9.3.1/../../../../arm-none-eabi/lib/thumb/v7-m/nofp/crt0.o
 .ARM.exidx     0x0000000000000000       0x10 c:/st/stm32cubeide_1.6.0/stm32cubeide/plugins/com.st.stm32cube.ide.mcu.externaltools.gnu-tools-for-stm32.9-2020-q2-update.win32_1.5.0.202011040924/tools/bin/../lib/gcc/arm-none-eabi/9.3.1/../../../../arm-none-eabi/lib/thumb/v7-m/nofp/crt0.o
 .ARM.attributes
                0x0000000000000000       0x1b c:/st/stm32cubeide_1.6.0/stm32cubeide/plugins/com.st.stm32cube.ide.mcu.externaltools.gnu-tools-for-stm32.9-2020-q2-update.win32_1.5.0.202011040924/tools/bin/../lib/gcc/arm-none-eabi/9.3.1/../../../../arm-none-eabi/lib/thumb/v7-m/nofp/crt0.o
 .group         0x0000000000000000        0xc Core/Src/main.o
 .group         0x0000000000000000        0xc Core/Src/main.o
 .group         0x0000000000000000        0xc Core/Src/main.o
 .group         0x0000000000000000        0xc Core/Src/main.o
 .group         0x0000000000000000        0xc Core/Src/main.o
 .group         0x0000000000000000        0xc Core/Src/main.o
 .group         0x0000000000000000        0xc Core/Src/main.o
 .group         0x0000000000000000        0xc Core/Src/main.o
 .group         0x0000000000000000        0xc Core/Src/main.o
 .group         0x0000000000000000        0xc Core/Src/main.o
 .group         0x0000000000000000        0xc Core/Src/main.o
 .group         0x0000000000000000        0xc Core/Src/main.o
 .group         0x0000000000000000        0xc Core/Src/main.o
 .group         0x0000000000000000        0xc Core/Src/main.o
 .group         0x0000000000000000        0xc Core/Src/main.o
 .group         0x0000000000000000        0xc Core/Src/main.o
 .group         0x0000000000000000        0xc Core/Src/main.o
 .group         0x0000000000000000        0xc Core/Src/main.o
 .group         0x0000000000000000        0xc Core/Src/main.o
 .group         0x0000000000000000        0xc Core/Src/main.o
 .group         0x0000000000000000        0xc Core/Src/main.o
 .group         0x0000000000000000        0xc Core/Src/main.o
 .group         0x0000000000000000        0xc Core/Src/main.o
 .group         0x0000000000000000        0xc Core/Src/main.o
 .group         0x0000000000000000        0xc Core/Src/main.o
 .group         0x0000000000000000        0xc Core/Src/main.o
 .group         0x0000000000000000        0xc Core/Src/main.o
 .group         0x0000000000000000        0xc Core/Src/main.o
 .group         0x0000000000000000        0xc Core/Src/main.o
 .group         0x0000000000000000        0xc Core/Src/main.o
 .group         0x0000000000000000        0xc Core/Src/main.o
 .group         0x0000000000000000        0xc Core/Src/main.o
 .group         0x0000000000000000        0xc Core/Src/main.o
 .group         0x0000000000000000        0xc Core/Src/main.o
 .group         0x0000000000000000        0xc Core/Src/main.o
 .group         0x0000000000000000        0xc Core/Src/main.o
 .group         0x0000000000000000        0xc Core/Src/main.o
 .group         0x0000000000000000        0xc Core/Src/main.o
 .group         0x0000000000000000        0xc Core/Src/main.o
 .text          0x0000000000000000        0x0 Core/Src/main.o
 .data          0x0000000000000000        0x0 Core/Src/main.o
 .bss           0x0000000000000000        0x0 Core/Src/main.o
 .rodata.APBPrescTable
                0x0000000000000000        0x8 Core/Src/main.o
 .group         0x0000000000000000        0xc Core/Src/sysmem.o
 .group         0x0000000000000000        0xc Core/Src/sysmem.o
 .group         0x0000000000000000        0xc Core/Src/sysmem.o
 .group         0x0000000000000000        0xc Core/Src/sysmem.o
 .group         0x0000000000000000        0xc Core/Src/sysmem.o
 .group         0x0000000000000000        0xc Core/Src/sysmem.o
 .group         0x0000000000000000        0xc Core/Src/sysmem.o
 .group         0x0000000000000000        0xc Core/Src/sysmem.o
 .group         0x0000000000000000        0xc Core/Src/sysmem.o
 .group         0x0000000000000000        0xc Core/Src/sysmem.o
 .group         0x0000000000000000        0xc Core/Src/sysmem.o
 .group         0x0000000000000000        0xc Core/Src/sysmem.o
 .group         0x0000000000000000        0xc Core/Src/sysmem.o
 .group         0x0000000000000000        0xc Core/Src/sysmem.o
 .group         0x0000000000000000        0xc Core/Src/sysmem.o
 .group         0x0000000000000000        0xc Core/Src/sysmem.o
 .group         0x0000000000000000        0xc Core/Src/sysmem.o
 .group         0x0000000000000000        0xc Core/Src/sysmem.o
 .group         0x0000000000000000        0xc Core/Src/sysmem.o
 .group         0x0000000000000000        0xc Core/Src/sysmem.o
 .group         0x0000000000000000        0xc Core/Src/sysmem.o
 .group         0x0000000000000000        0xc Core/Src/sysmem.o
 .text          0x0000000000000000        0x0 Core/Src/sysmem.o
 .data          0x0000000000000000        0x0 Core/Src/sysmem.o
 .bss           0x0000000000000000        0x0 Core/Src/sysmem.o
 .bss.__sbrk_heap_end
                0x0000000000000000        0x4 Core/Src/sysmem.o
 .text._sbrk    0x0000000000000000       0x6c Core/Src/sysmem.o
 .debug_info    0x0000000000000000      0xa25 Core/Src/sysmem.o
 .debug_abbrev  0x0000000000000000      0x1bf Core/Src/sysmem.o
 .debug_aranges
                0x0000000000000000       0x20 Core/Src/sysmem.o
 .debug_ranges  0x0000000000000000       0x10 Core/Src/sysmem.o
 .debug_macro   0x0000000000000000       0xff Core/Src/sysmem.o
 .debug_macro   0x0000000000000000      0xa9c Core/Src/sysmem.o
 .debug_macro   0x0000000000000000       0x10 Core/Src/sysmem.o
 .debug_macro   0x0000000000000000       0x22 Core/Src/sysmem.o
 .debug_macro   0x0000000000000000       0x4c Core/Src/sysmem.o
 .debug_macro   0x0000000000000000       0x18 Core/Src/sysmem.o
 .debug_macro   0x0000000000000000       0x94 Core/Src/sysmem.o
 .debug_macro   0x0000000000000000       0x3c Core/Src/sysmem.o
 .debug_macro   0x0000000000000000       0x34 Core/Src/sysmem.o
 .debug_macro   0x0000000000000000      0x174 Core/Src/sysmem.o
 .debug_macro   0x0000000000000000       0x16 Core/Src/sysmem.o
 .debug_macro   0x0000000000000000       0x43 Core/Src/sysmem.o
 .debug_macro   0x0000000000000000       0x57 Core/Src/sysmem.o
 .debug_macro   0x0000000000000000       0x34 Core/Src/sysmem.o
 .debug_macro   0x0000000000000000       0x10 Core/Src/sysmem.o
 .debug_macro   0x0000000000000000       0x58 Core/Src/sysmem.o
 .debug_macro   0x0000000000000000       0x71 Core/Src/sysmem.o
 .debug_macro   0x0000000000000000       0x1c Core/Src/sysmem.o
 .debug_macro   0x0000000000000000      0x12a Core/Src/sysmem.o
 .debug_macro   0x0000000000000000      0x23b Core/Src/sysmem.o
 .debug_macro   0x0000000000000000      0x103 Core/Src/sysmem.o
 .debug_macro   0x0000000000000000       0x6a Core/Src/sysmem.o
 .debug_macro   0x0000000000000000      0x1df Core/Src/sysmem.o
 .debug_line    0x0000000000000000      0x4f6 Core/Src/sysmem.o
 .debug_str     0x0000000000000000     0x6274 Core/Src/sysmem.o
 .comment       0x0000000000000000       0x54 Core/Src/sysmem.o
 .debug_frame   0x0000000000000000       0x34 Core/Src/sysmem.o
 .ARM.attributes
                0x0000000000000000       0x2d Core/Src/sysmem.o
 .text          0x0000000000000000       0x14 Core/Startup/startup_stm32f103c8tx.o
 .data          0x0000000000000000        0x0 Core/Startup/startup_stm32f103c8tx.o
 .bss           0x0000000000000000        0x0 Core/Startup/startup_stm32f103c8tx.o
 .group         0x0000000000000000        0xc Drivers/stm32f1xx_hal.o
 .group         0x0000000000000000        0xc Drivers/stm32f1xx_hal.o
 .group         0x0000000000000000        0xc Drivers/stm32f1xx_hal.o
 .group         0x0000000000000000        0xc Drivers/stm32f1xx_hal.o
 .group         0x0000000000000000        0xc Drivers/stm32f1xx_hal.o
 .group         0x0000000000000000        0xc Drivers/stm32f1xx_hal.o
 .group         0x0000000000000000        0xc Drivers/stm32f1xx_hal.o
 .group         0x0000000000000000        0xc Drivers/stm32f1xx_hal.o
 .group         0x0000000000000000        0xc Drivers/stm32f1xx_hal.o
 .group         0x0000000000000000        0xc Drivers/stm32f1xx_hal.o
 .group         0x0000000000000000        0xc Drivers/stm32f1xx_hal.o
 .group         0x0000000000000000        0xc Drivers/stm32f1xx_hal.o
 .group         0x0000000000000000        0xc Drivers/stm32f1xx_hal.o
 .group         0x0000000000000000        0xc Drivers/stm32f1xx_hal.o
 .group         0x0000000000000000        0xc Drivers/stm32f1xx_hal.o
 .group         0x0000000000000000        0xc Drivers/stm32f1xx_hal.o
 .group         0x0000000000000000        0xc Drivers/stm32f1xx_hal.o
 .group         0x0000000000000000        0xc Drivers/stm32f1xx_hal.o
 .group         0x0000000000000000        0xc Drivers/stm32f1xx_hal.o
 .group         0x0000000000000000        0xc Drivers/stm32f1xx_hal.o
 .text          0x0000000000000000        0x0 Drivers/stm32f1xx_hal.o
 .data          0x0000000000000000        0x0 Drivers/stm32f1xx_hal.o
 .bss           0x0000000000000000        0x0 Drivers/stm32f1xx_hal.o
 .debug_macro   0x0000000000000000      0xa9c Drivers/stm32f1xx_hal.o
 .debug_macro   0x0000000000000000       0x35 Drivers/stm32f1xx_hal.o
 .debug_macro   0x0000000000000000       0x22 Drivers/stm32f1xx_hal.o
 .debug_macro   0x0000000000000000       0x22 Drivers/stm32f1xx_hal.o
 .debug_macro   0x0000000000000000      0x103 Drivers/stm32f1xx_hal.o
 .debug_macro   0x0000000000000000       0x6a Drivers/stm32f1xx_hal.o
 .debug_macro   0x0000000000000000      0x1df Drivers/stm32f1xx_hal.o
 .debug_macro   0x0000000000000000      0xd3e Drivers/stm32f1xx_hal.o
 .debug_macro   0x0000000000000000     0xe089 Drivers/stm32f1xx_hal.o
 .debug_macro   0x0000000000000000       0x43 Drivers/stm32f1xx_hal.o
 .debug_macro   0x0000000000000000      0x174 Drivers/stm32f1xx_hal.o
 .debug_macro   0x0000000000000000       0x82 Drivers/stm32f1xx_hal.o
 .debug_macro   0x0000000000000000      0x22c Drivers/stm32f1xx_hal.o
 .debug_macro   0x0000000000000000       0x94 Drivers/stm32f1xx_hal.o
 .debug_macro   0x0000000000000000      0x12a Drivers/stm32f1xx_hal.o
 .group         0x0000000000000000        0xc Drivers/stm32f1xx_hal_pcd.o
 .group         0x0000000000000000        0xc Drivers/stm32f1xx_hal_pcd.o
 .group         0x0000000000000000        0xc Drivers/stm32f1xx_hal_pcd.o
 .group         0x0000000000000000        0xc Drivers/stm32f1xx_hal_pcd.o
 .group         0x0000000000000000        0xc Drivers/stm32f1xx_hal_pcd.o
 .group         0x0000000000000000        0xc Drivers/stm32f1xx_hal_pcd.o
 .group         0x0000000000000000        0xc Drivers/stm32f1xx_hal_pcd.o
 .group         0x0000000000000000        0xc Drivers/stm32f1xx_hal_pcd.o
 .group         0x0000000000000000        0xc Drivers/stm32f1xx_hal_pcd.o
 .group         0x0000000000000000        0xc Drivers/stm32f1xx_hal_pcd.o
 .group         0x0000000000000000        0xc Drivers/stm32f1xx_hal_pcd.o
 .group         0x0000000000000000        0xc Drivers/stm32f1xx_hal_pcd.o
 .group         0x0000000000000000        0xc Drivers/stm32f1xx_hal_pcd.o
 .group         0x0000000000000000        0xc Drivers/stm32f1xx_hal_pcd.o
 .group         0x0000000000000000        0xc Drivers/stm32f1xx_hal_pcd.o
 .group         0x0000000000000000        0xc Drivers/stm32f1xx_hal_pcd.o
 .group         0x0000000000000000        0xc Drivers/stm32f1xx_hal_pcd.o
 .group         0x0000000000000000        0xc Drivers/stm32f1xx_hal_pcd.o
 .group         0x0000000000000000        0xc Drivers/stm32f1xx_hal_pcd.o
 .group         0x0000000000000000        0xc Drivers/stm32f1xx_hal_pcd.o
 .text          0x0000000000000000        0x0 Drivers/stm32f1xx_hal_pcd.o
 .data          0x0000000000000000        0x0 Drivers/stm32f1xx_hal_pcd.o
 .bss           0x0000000000000000        0x0 Drivers/stm32f1xx_hal_pcd.o
 .debug_macro   0x0000000000000000      0xa9c Drivers/stm32f1xx_hal_pcd.o
 .debug_macro   0x0000000000000000       0x52 Drivers/stm32f1xx_hal_pcd.o
 .debug_macro   0x0000000000000000       0x35 Drivers/stm32f1xx_hal_pcd.o
 .debug_macro   0x0000000000000000       0x22 Drivers/stm32f1xx_hal_pcd.o
 .debug_macro   0x0000000000000000       0x22 Drivers/stm32f1xx_hal_pcd.o
 .debug_macro   0x0000000000000000       0x8e Drivers/stm32f1xx_hal_pcd.o
 .debug_macro   0x0000000000000000       0x51 Drivers/stm32f1xx_hal_pcd.o
 .debug_macro   0x0000000000000000      0x103 Drivers/stm32f1xx_hal_pcd.o
 .debug_macro   0x0000000000000000       0x6a Drivers/stm32f1xx_hal_pcd.o
 .debug_macro   0x0000000000000000      0x1df Drivers/stm32f1xx_hal_pcd.o
 .debug_macro   0x0000000000000000       0xd5 Drivers/stm32f1xx_hal_pcd.o
 .debug_macro   0x0000000000000000      0xd3e Drivers/stm32f1xx_hal_pcd.o
 .debug_macro   0x0000000000000000     0xe089 Drivers/stm32f1xx_hal_pcd.o
 .debug_macro   0x0000000000000000       0x43 Drivers/stm32f1xx_hal_pcd.o
 .debug_macro   0x0000000000000000      0x174 Drivers/stm32f1xx_hal_pcd.o
 .debug_macro   0x0000000000000000       0x82 Drivers/stm32f1xx_hal_pcd.o
 .debug_macro   0x0000000000000000      0x22c Drivers/stm32f1xx_hal_pcd.o
 .debug_macro   0x0000000000000000       0x34 Drivers/stm32f1xx_hal_pcd.o
 .debug_macro   0x0000000000000000       0x94 Drivers/stm32f1xx_hal_pcd.o
 .debug_macro   0x0000000000000000      0x12a Drivers/stm32f1xx_hal_pcd.o
 .group         0x0000000000000000        0xc Drivers/stm32f1xx_hal_rcc.o
 .group         0x0000000000000000        0xc Drivers/stm32f1xx_hal_rcc.o
 .group         0x0000000000000000        0xc Drivers/stm32f1xx_hal_rcc.o
 .group         0x0000000000000000        0xc Drivers/stm32f1xx_hal_rcc.o
 .group         0x0000000000000000        0xc Drivers/stm32f1xx_hal_rcc.o
 .group         0x0000000000000000        0xc Drivers/stm32f1xx_hal_rcc.o
 .group         0x0000000000000000        0xc Drivers/stm32f1xx_hal_rcc.o
 .group         0x0000000000000000        0xc Drivers/stm32f1xx_hal_rcc.o
 .group         0x0000000000000000        0xc Drivers/stm32f1xx_hal_rcc.o
 .group         0x0000000000000000        0xc Drivers/stm32f1xx_hal_rcc.o
 .group         0x0000000000000000        0xc Drivers/stm32f1xx_hal_rcc.o
 .group         0x0000000000000000        0xc Drivers/stm32f1xx_hal_rcc.o
 .group         0x0000000000000000        0xc Drivers/stm32f1xx_hal_rcc.o
 .group         0x0000000000000000        0xc Drivers/stm32f1xx_hal_rcc.o
 .group         0x0000000000000000        0xc Drivers/stm32f1xx_hal_rcc.o
 .group         0x0000000000000000        0xc Drivers/stm32f1xx_hal_rcc.o
 .group         0x0000000000000000        0xc Drivers/stm32f1xx_hal_rcc.o
 .group         0x0000000000000000        0xc Drivers/stm32f1xx_hal_rcc.o
 .group         0x0000000000000000        0xc Drivers/stm32f1xx_hal_rcc.o
 .group         0x0000000000000000        0xc Drivers/stm32f1xx_hal_rcc.o
 .text          0x0000000000000000        0x0 Drivers/stm32f1xx_hal_rcc.o
 .data          0x0000000000000000        0x0 Drivers/stm32f1xx_hal_rcc.o
 .bss           0x0000000000000000        0x0 Drivers/stm32f1xx_hal_rcc.o
 .text.HAL_RCC_CSSCallback
                0x0000000000000000        0xc Drivers/stm32f1xx_hal_rcc.o
 .debug_macro   0x0000000000000000      0xa9c Drivers/stm32f1xx_hal_rcc.o
 .debug_macro   0x0000000000000000       0x52 Drivers/stm32f1xx_hal_rcc.o
 .debug_macro   0x0000000000000000       0x35 Drivers/stm32f1xx_hal_rcc.o
 .debug_macro   0x0000000000000000       0x22 Drivers/stm32f1xx_hal_rcc.o
 .debug_macro   0x0000000000000000       0x22 Drivers/stm32f1xx_hal_rcc.o
 .debug_macro   0x0000000000000000       0x8e Drivers/stm32f1xx_hal_rcc.o
 .debug_macro   0x0000000000000000       0x51 Drivers/stm32f1xx_hal_rcc.o
 .debug_macro   0x0000000000000000      0x103 Drivers/stm32f1xx_hal_rcc.o
 .debug_macro   0x0000000000000000       0x6a Drivers/stm32f1xx_hal_rcc.o
 .debug_macro   0x0000000000000000      0x1df Drivers/stm32f1xx_hal_rcc.o
 .debug_macro   0x0000000000000000       0xd5 Drivers/stm32f1xx_hal_rcc.o
 .debug_macro   0x0000000000000000      0xd3e Drivers/stm32f1xx_hal_rcc.o
 .debug_macro   0x0000000000000000     0xe089 Drivers/stm32f1xx_hal_rcc.o
 .debug_macro   0x0000000000000000       0x43 Drivers/stm32f1xx_hal_rcc.o
 .debug_macro   0x0000000000000000      0x174 Drivers/stm32f1xx_hal_rcc.o
 .debug_macro   0x0000000000000000       0x82 Drivers/stm32f1xx_hal_rcc.o
 .debug_macro   0x0000000000000000      0x22c Drivers/stm32f1xx_hal_rcc.o
 .debug_macro   0x0000000000000000       0x34 Drivers/stm32f1xx_hal_rcc.o
 .debug_macro   0x0000000000000000       0x94 Drivers/stm32f1xx_hal_rcc.o
 .debug_macro   0x0000000000000000      0x12a Drivers/stm32f1xx_hal_rcc.o
 .group         0x0000000000000000        0xc Drivers/stm32f1xx_ll_usb.o
 .group         0x0000000000000000        0xc Drivers/stm32f1xx_ll_usb.o
 .group         0x0000000000000000        0xc Drivers/stm32f1xx_ll_usb.o
 .group         0x0000000000000000        0xc Drivers/stm32f1xx_ll_usb.o
 .group         0x0000000000000000        0xc Drivers/stm32f1xx_ll_usb.o
 .group         0x0000000000000000        0xc Drivers/stm32f1xx_ll_usb.o
 .group         0x0000000000000000        0xc Drivers/stm32f1xx_ll_usb.o
 .group         0x0000000000000000        0xc Drivers/stm32f1xx_ll_usb.o
 .group         0x0000000000000000        0xc Drivers/stm32f1xx_ll_usb.o
 .group         0x0000000000000000        0xc Drivers/stm32f1xx_ll_usb.o
 .group         0x0000000000000000        0xc Drivers/stm32f1xx_ll_usb.o
 .group         0x0000000000000000        0xc Drivers/stm32f1xx_ll_usb.o
 .group         0x0000000000000000        0xc Drivers/stm32f1xx_ll_usb.o
 .group         0x0000000000000000        0xc Drivers/stm32f1xx_ll_usb.o
 .group         0x0000000000000000        0xc Drivers/stm32f1xx_ll_usb.o
 .group         0x0000000000000000        0xc Drivers/stm32f1xx_ll_usb.o
 .group         0x0000000000000000        0xc Drivers/stm32f1xx_ll_usb.o
 .group         0x0000000000000000        0xc Drivers/stm32f1xx_ll_usb.o
 .group         0x0000000000000000        0xc Drivers/stm32f1xx_ll_usb.o
 .group         0x0000000000000000        0xc Drivers/stm32f1xx_ll_usb.o
 .text          0x0000000000000000        0x0 Drivers/stm32f1xx_ll_usb.o
 .data          0x0000000000000000        0x0 Drivers/stm32f1xx_ll_usb.o
 .bss           0x0000000000000000        0x0 Drivers/stm32f1xx_ll_usb.o
 .debug_macro   0x0000000000000000      0xa9c Drivers/stm32f1xx_ll_usb.o
 .debug_macro   0x0000000000000000       0x52 Drivers/stm32f1xx_ll_usb.o
 .debug_macro   0x0000000000000000       0x35 Drivers/stm32f1xx_ll_usb.o
 .debug_macro   0x0000000000000000       0x22 Drivers/stm32f1xx_ll_usb.o
 .debug_macro   0x0000000000000000       0x22 Drivers/stm32f1xx_ll_usb.o
 .debug_macro   0x0000000000000000       0x8e Drivers/stm32f1xx_ll_usb.o
 .debug_macro   0x0000000000000000       0x51 Drivers/stm32f1xx_ll_usb.o
 .debug_macro   0x0000000000000000      0x103 Drivers/stm32f1xx_ll_usb.o
 .debug_macro   0x0000000000000000       0x6a Drivers/stm32f1xx_ll_usb.o
 .debug_macro   0x0000000000000000      0x1df Drivers/stm32f1xx_ll_usb.o
 .debug_macro   0x0000000000000000       0xd5 Drivers/stm32f1xx_ll_usb.o
 .debug_macro   0x0000000000000000      0xd3e Drivers/stm32f1xx_ll_usb.o
 .debug_macro   0x0000000000000000     0xe089 Drivers/stm32f1xx_ll_usb.o
 .debug_macro   0x0000000000000000       0x43 Drivers/stm32f1xx_ll_usb.o
 .debug_macro   0x0000000000000000      0x174 Drivers/stm32f1xx_ll_usb.o
 .debug_macro   0x0000000000000000       0x82 Drivers/stm32f1xx_ll_usb.o
 .debug_macro   0x0000000000000000      0x22c Drivers/stm32f1xx_ll_usb.o
 .debug_macro   0x0000000000000000       0x34 Drivers/stm32f1xx_ll_usb.o
 .debug_macro   0x0000000000000000       0x94 Drivers/stm32f1xx_ll_usb.o
 .debug_macro   0x0000000000000000      0x12a Drivers/stm32f1xx_ll_usb.o
 .group         0x0000000000000000        0xc Drivers/usbd_core.o
 .group         0x0000000000000000        0xc Drivers/usbd_core.o
 .group         0x0000000000000000        0xc Drivers/usbd_core.o
 .group         0x0000000000000000        0xc Drivers/usbd_core.o
 .group         0x0000000000000000        0xc Drivers/usbd_core.o
 .group         0x0000000000000000        0xc Drivers/usbd_core.o
 .group         0x0000000000000000        0xc Drivers/usbd_core.o
 .group         0x0000000000000000        0xc Drivers/usbd_core.o
 .group         0x0000000000000000        0xc Drivers/usbd_core.o
 .group         0x0000000000000000        0xc Drivers/usbd_core.o
 .group         0x0000000000000000        0xc Drivers/usbd_core.o
 .group         0x0000000000000000        0xc Drivers/usbd_core.o
 .group         0x0000000000000000        0xc Drivers/usbd_core.o
 .group         0x0000000000000000        0xc Drivers/usbd_core.o
 .group         0x0000000000000000        0xc Drivers/usbd_core.o
 .group         0x0000000000000000        0xc Drivers/usbd_core.o
 .group         0x0000000000000000        0xc Drivers/usbd_core.o
 .group         0x0000000000000000        0xc Drivers/usbd_core.o
 .group         0x0000000000000000        0xc Drivers/usbd_core.o
 .group         0x0000000000000000        0xc Drivers/usbd_core.o
 .group         0x0000000000000000        0xc Drivers/usbd_core.o
 .group         0x0000000000000000        0xc Drivers/usbd_core.o
 .text          0x0000000000000000        0x0 Drivers/usbd_core.o
 .data          0x0000000000000000        0x0 Drivers/usbd_core.o
 .bss           0x0000000000000000        0x0 Drivers/usbd_core.o
 .debug_macro   0x0000000000000000      0xa9c Drivers/usbd_core.o
 .debug_macro   0x0000000000000000      0x1ba Drivers/usbd_core.o
 .debug_macro   0x0000000000000000       0x35 Drivers/usbd_core.o
 .debug_macro   0x0000000000000000       0x22 Drivers/usbd_core.o
 .debug_macro   0x0000000000000000       0x22 Drivers/usbd_core.o
 .debug_macro   0x0000000000000000       0x8e Drivers/usbd_core.o
 .debug_macro   0x0000000000000000       0x51 Drivers/usbd_core.o
 .debug_macro   0x0000000000000000      0x103 Drivers/usbd_core.o
 .debug_macro   0x0000000000000000       0x6a Drivers/usbd_core.o
 .debug_macro   0x0000000000000000      0x1df Drivers/usbd_core.o
 .debug_macro   0x0000000000000000       0xd5 Drivers/usbd_core.o
 .debug_macro   0x0000000000000000      0xd3e Drivers/usbd_core.o
 .debug_macro   0x0000000000000000     0xe089 Drivers/usbd_core.o
 .debug_macro   0x0000000000000000       0x43 Drivers/usbd_core.o
 .debug_macro   0x0000000000000000      0x174 Drivers/usbd_core.o
 .debug_macro   0x0000000000000000       0x82 Drivers/usbd_core.o
 .debug_macro   0x0000000000000000      0x22c Drivers/usbd_core.o
 .debug_macro   0x0000000000000000       0x3b Drivers/usbd_core.o
 .debug_macro   0x0000000000000000       0x94 Drivers/usbd_core.o
 .debug_macro   0x0000000000000000      0x12a Drivers/usbd_core.o
 .debug_macro   0x0000000000000000       0x2e Drivers/usbd_core.o
 .debug_macro   0x0000000000000000      0x574 Drivers/usbd_core.o
 .text          0x0000000000000000        0x0 c:/st/stm32cubeide_1.6.0/stm32cubeide/plugins/com.st.stm32cube.ide.mcu.externaltools.gnu-tools-for-stm32.9-2020-q2-update.win32_1.5.0.202011040924/tools/bin/../lib/gcc/arm-none-eabi/9.3.1/../../../../arm-none-eabi/lib/thumb/v7-m/nofp\libc_nano.a(lib_a-errno.o)
 .data          0x0000000000000000        0x0 c:/st/stm32cubeide_1.6.0/stm32cubeide/plugins/com.st.stm32cube.ide.mcu.externaltools.gnu-tools-for-stm32.9-2020-q2-update.win32_1.5.0.202011040924/tools/bin/../lib/gcc/arm-none-eabi/9.3.1/../../../../arm-none-eabi/lib/thumb/v7-m/nofp\libc_nano.a(lib_a-errno.o)
 .bss           0x0000000000000000        0x0 c:/st/stm32cubeide_1.6.0/stm32cubeide/plugins/com.st.stm32cube.ide.mcu.externaltools.gnu-tools-for-stm32.9-2020-q2-update.win32_1.5.0.202011040924/tools/bin/../lib/gcc/arm-none-eabi/9.3.1/../../../../arm-none-eabi/lib/thumb/v7-m/nofp\libc_nano.a(lib_a-errno.o)
 .text.__errno  0x0000000000000000        0xc c:/st/stm32cubeide_1.6.0/stm32cubeide/plugins/com.st.stm32cube.ide.mcu.externaltools.gnu-tools-for-stm32.9-2020-q2-update.win32_1.5.0.202011040924/tools/bin/../lib/gcc/arm-none-eabi/9.3.1/../../../../arm-none-eabi/lib/thumb/v7-m/nofp\libc_nano.a(lib_a-errno.o)
 .debug_frame   0x0000000000000000       0x20 c:/st/stm32cubeide_1.6.0/stm32cubeide/plugins/com.st.stm32cube.ide.mcu.externaltools.gnu-tools-for-stm32.9-2020-q2-update.win32_1.5.0.202011040924/tools/bin/../lib/gcc/arm-none-eabi/9.3.1/../../../../arm-none-eabi/lib/thumb/v7-m/nofp\libc_nano.a(lib_a-errno.o)
 .ARM.attributes
                0x0000000000000000       0x2d c:/st/stm32cubeide_1.6.0/stm32cubeide/plugins/com.st.stm32cube.ide.mcu.externaltools.gnu-tools-for-stm32.9-2020-q2-update.win32_1.5.0.202011040924/tools/bin/../lib/gcc/arm-none-eabi/9.3.1/../../../../arm-none-eabi/lib/thumb/v7-m/nofp\libc_nano.a(lib_a-errno.o)
 .text          0x0000000000000000        0x0 c:/st/stm32cubeide_1.6.0/stm32cubeide/plugins/com.st.stm32cube.ide.mcu.externaltools.gnu-tools-for-stm32.9-2020-q2-update.win32_1.5.0.202011040924/tools/bin/../lib/gcc/arm-none-eabi/9.3.1/../../../../arm-none-eabi/lib/thumb/v7-m/nofp\libc_nano.a(lib_a-exit.o)
 .data          0x0000000000000000        0x0 c:/st/stm32cubeide_1.6.0/stm32cubeide/plugins/com.st.stm32cube.ide.mcu.externaltools.gnu-tools-for-stm32.9-2020-q2-update.win32_1.5.0.202011040924/tools/bin/../lib/gcc/arm-none-eabi/9.3.1/../../../../arm-none-eabi/lib/thumb/v7-m/nofp\libc_nano.a(lib_a-exit.o)
 .bss           0x0000000000000000        0x0 c:/st/stm32cubeide_1.6.0/stm32cubeide/plugins/com.st.stm32cube.ide.mcu.externaltools.gnu-tools-for-stm32.9-2020-q2-update.win32_1.5.0.202011040924/tools/bin/../lib/gcc/arm-none-eabi/9.3.1/../../../../arm-none-eabi/lib/thumb/v7-m/nofp\libc_nano.a(lib_a-exit.o)
 .text.exit     0x0000000000000000       0x28 c:/st/stm32cubeide_1.6.0/stm32cubeide/plugins/com.st.stm32cube.ide.mcu.externaltools.gnu-tools-for-stm32.9-2020-q2-update.win32_1.5.0.202011040924/tools/bin/../lib/gcc/arm-none-eabi/9.3.1/../../../../arm-none-eabi/lib/thumb/v7-m/nofp\libc_nano.a(lib_a-exit.o)
 .debug_frame   0x0000000000000000       0x28 c:/st/stm32cubeide_1.6.0/stm32cubeide/plugins/com.st.stm32cube.ide.mcu.externaltools.gnu-tools-for-stm32.9-2020-q2-update.win32_1.5.0.202011040924/tools/bin/../lib/gcc/arm-none-eabi/9.3.1/../../../../arm-none-eabi/lib/thumb/v7-m/nofp\libc_nano.a(lib_a-exit.o)
 .ARM.attributes
                0x0000000000000000       0x2d c:/st/stm32cubeide_1.6.0/stm32cubeide/plugins/com.st.stm32cube.ide.mcu.externaltools.gnu-tools-for-stm32.9-2020-q2-update.win32_1.5.0.202011040924/tools/bin/../lib/gcc/arm-none-eabi/9.3.1/../../../../arm-none-eabi/lib/thumb/v7-m/nofp\libc_nano.a(lib_a-exit.o)
 .text          0x0000000000000000        0x0 c:/st/stm32cubeide_1.6.0/stm32cubeide/plugins/com.st.stm32cube.ide.mcu.externaltools.gnu-tools-for-stm32.9-2020-q2-update.win32_1.5.0.202011040924/tools/bin/../lib/gcc/arm-none-eabi/9.3.1/../../../../arm-none-eabi/lib/thumb/v7-m/nofp\libc_nano.a(lib_a-impure.o)
 .data          0x0000000000000000        0x0 c:/st/stm32cubeide_1.6.0/stm32cubeide/plugins/com.st.stm32cube.ide.mcu.externaltools.gnu-tools-for-stm32.9-2020-q2-update.win32_1.5.0.202011040924/tools/bin/../lib/gcc/arm-none-eabi/9.3.1/../../../../arm-none-eabi/lib/thumb/v7-m/nofp\libc_nano.a(lib_a-impure.o)
 .bss           0x0000000000000000        0x0 c:/st/stm32cubeide_1.6.0/stm32cubeide/plugins/com.st.stm32cube.ide.mcu.externaltools.gnu-tools-for-stm32.9-2020-q2-update.win32_1.5.0.202011040924/tools/bin/../lib/gcc/arm-none-eabi/9.3.1/../../../../arm-none-eabi/lib/thumb/v7-m/nofp\libc_nano.a(lib_a-impure.o)
 .data._impure_ptr
                0x0000000000000000        0x4 c:/st/stm32cubeide_1.6.0/stm32cubeide/plugins/com.st.stm32cube.ide.mcu.externaltools.gnu-tools-for-stm32.9-2020-q2-update.win32_1.5.0.202011040924/tools/bin/../lib/gcc/arm-none-eabi/9.3.1/../../../../arm-none-eabi/lib/thumb/v7-m/nofp\libc_nano.a(lib_a-impure.o)
 .data.impure_data
                0x0000000000000000       0x60 c:/st/stm32cubeide_1.6.0/stm32cubeide/plugins/com.st.stm32cube.ide.mcu.externaltools.gnu-tools-for-stm32.9-2020-q2-update.win32_1.5.0.202011040924/tools/bin/../lib/gcc/arm-none-eabi/9.3.1/../../../../arm-none-eabi/lib/thumb/v7-m/nofp\libc_nano.a(lib_a-impure.o)
 .rodata._global_impure_ptr
                0x0000000000000000        0x4 c:/st/stm32cubeide_1.6.0/stm32cubeide/plugins/com.st.stm32cube.ide.mcu.externaltools.gnu-tools-for-stm32.9-2020-q2-update.win32_1.5.0.202011040924/tools/bin/../lib/gcc/arm-none-eabi/9.3.1/../../../../arm-none-eabi/lib/thumb/v7-m/nofp\libc_nano.a(lib_a-impure.o)
 .ARM.attributes
                0x0000000000000000       0x2d c:/st/stm32cubeide_1.6.0/stm32cubeide/plugins/com.st.stm32cube.ide.mcu.externaltools.gnu-tools-for-stm32.9-2020-q2-update.win32_1.5.0.202011040924/tools/bin/../lib/gcc/arm-none-eabi/9.3.1/../../../../arm-none-eabi/lib/thumb/v7-m/nofp\libc_nano.a(lib_a-impure.o)
 .text          0x0000000000000000        0x0 c:/st/stm32cubeide_1.6.0/stm32cubeide/plugins/com.st.stm32cube.ide.mcu.externaltools.gnu-tools-for-stm32.9-2020-q2-update.win32_1.5.0.202011040924/tools/bin/../lib/gcc/arm-none-eabi/9.3.1/../../../../arm-none-eabi/lib/thumb/v7-m/nofp\libc_nano.a(lib_a-init.o)
 .data          0x0000000000000000        0x0 c:/st/stm32cubeide_1.6.0/stm32cubeide/plugins/com.st.stm32cube.ide.mcu.externaltools.gnu-tools-for-stm32.9-2020-q2-update.win32_1.5.0.202011040924/tools/bin/../lib/gcc/arm-none-eabi/9.3.1/../../../../arm-none-eabi/lib/thumb/v7-m/nofp\libc_nano.a(lib_a-init.o)
 .bss           0x0000000000000000        0x0 c:/st/stm32cubeide_1.6.0/stm32cubeide/plugins/com.st.stm32cube.ide.mcu.externaltools.gnu-tools-for-stm32.9-2020-q2-update.win32_1.5.0.202011040924/tools/bin/../lib/gcc/arm-none-eabi/9.3.1/../../../../arm-none-eabi/lib/thumb/v7-m/nofp\libc_nano.a(lib_a-init.o)
 .text          0x0000000000000000        0x0 c:/st/stm32cubeide_1.6.0/stm32cubeide/plugins/com.st.stm32cube.ide.mcu.externaltools.gnu-tools-for-stm32.9-2020-q2-update.win32_1.5.0.202011040924/tools/bin/../lib/gcc/arm-none-eabi/9.3.1/../../../../arm-none-eabi/lib/thumb/v7-m/nofp\libc_nano.a(lib_a-memset.o)
 .data          0x0000000000000000        0x0 c:/st/stm32cubeide_1.6.0/stm32cubeide/plugins/com.st.stm32cube.ide.mcu.externaltools.gnu-tools-for-stm32.9-2020-q2-update.win32_1.5.0.202011040924/tools/bin/../lib/gcc/arm-none-eabi/9.3.1/../../../../arm-none-eabi/lib/thumb/v7-m/nofp\libc_nano.a(lib_a-memset.o)
 .bss           0x0000000000000000        0x0 c:/st/stm32cubeide_1.6.0/stm32cubeide/plugins/com.st.stm32cube.ide.mcu.externaltools.gnu-tools-for-stm32.9-2020-q2-update.win32_1.5.0.202011040924/tools/bin/../lib/gcc/arm-none-eabi/9.3.1/../../../../arm-none-eabi/lib/thumb/v7-m/nofp\libc_nano.a(lib_a-memset.o)
 .text          0x0000000000000000        0x0 c:/st/stm32cubeide_1.6.0/stm32cubeide/plugins/com.st.stm32cube.ide.mcu.externaltools.gnu-tools-for-stm32.9-2020-q2-update.win32_1.5.0.202011040924/tools/bin/../lib/gcc/arm-none-eabi/9.3.1/../../../../arm-none-eabi/lib/thumb/v7-m/nofp\libnosys.a(_exit.o)
 .data          0x0000000000000000        0x0 c:/st/stm32cubeide_1.6.0/stm32cubeide/plugins/com.st.stm32cube.ide.mcu.externaltools.gnu-tools-for-stm32.9-2020-q2-update.win32_1.5.0.202011040924/tools/bin/../lib/gcc/arm-none-eabi/9.3.1/../../../../arm-none-eabi/lib/thumb/v7-m/nofp\libnosys.a(_exit.o)
 .bss           0x0000000000000000        0x0 c:/st/stm32cubeide_1.6.0/stm32cubeide/plugins/com.st.stm32cube.ide.mcu.externaltools.gnu-tools-for-stm32.9-2020-q2-update.win32_1.5.0.202011040924/tools/bin/../lib/gcc/arm-none-eabi/9.3.1/../../../../arm-none-eabi/lib/thumb/v7-m/nofp\libnosys.a(_exit.o)
 .text._exit    0x0000000000000000        0x2 c:/st/stm32cubeide_1.6.0/stm32cubeide/plugins/com.st.stm32cube.ide.mcu.externaltools.gnu-tools-for-stm32.9-2020-q2-update.win32_1.5.0.202011040924/tools/bin/../lib/gcc/arm-none-eabi/9.3.1/../../../../arm-none-eabi/lib/thumb/v7-m/nofp\libnosys.a(_exit.o)
 .debug_frame   0x0000000000000000       0x20 c:/st/stm32cubeide_1.6.0/stm32cubeide/plugins/com.st.stm32cube.ide.mcu.externaltools.gnu-tools-for-stm32.9-2020-q2-update.win32_1.5.0.202011040924/tools/bin/../lib/gcc/arm-none-eabi/9.3.1/../../../../arm-none-eabi/lib/thumb/v7-m/nofp\libnosys.a(_exit.o)
 .ARM.attributes
                0x0000000000000000       0x2d c:/st/stm32cubeide_1.6.0/stm32cubeide/plugins/com.st.stm32cube.ide.mcu.externaltools.gnu-tools-for-stm32.9-2020-q2-update.win32_1.5.0.202011040924/tools/bin/../lib/gcc/arm-none-eabi/9.3.1/../../../../arm-none-eabi/lib/thumb/v7-m/nofp\libnosys.a(_exit.o)
 .text          0x0000000000000000        0x0 c:/st/stm32cubeide_1.6.0/stm32cubeide/plugins/com.st.stm32cube.ide.mcu.externaltools.gnu-tools-for-stm32.9-2020-q2-update.win32_1.5.0.202011040924/tools/bin/../lib/gcc/arm-none-eabi/9.3.1/thumb/v7-m/nofp/crtend.o
 .data          0x0000000000000000        0x0 c:/st/stm32cubeide_1.6.0/stm32cubeide/plugins/com.st.stm32cube.ide.mcu.externaltools.gnu-tools-for-stm32.9-2020-q2-update.win32_1.5.0.202011040924/tools/bin/../lib/gcc/arm-none-eabi/9.3.1/thumb/v7-m/nofp/crtend.o
 .bss           0x0000000000000000        0x0 c:/st/stm32cubeide_1.6.0/stm32cubeide/plugins/com.st.stm32cube.ide.mcu.externaltools.gnu-tools-for-stm32.9-2020-q2-update.win32_1.5.0.202011040924/tools/bin/../lib/gcc/arm-none-eabi/9.3.1/thumb/v7-m/nofp/crtend.o
 .eh_frame      0x0000000000000000        0x4 c:/st/stm32cubeide_1.6.0/stm32cubeide/plugins/com.st.stm32cube.ide.mcu.externaltools.gnu-tools-for-stm32.9-2020-q2-update.win32_1.5.0.202011040924/tools/bin/../lib/gcc/arm-none-eabi/9.3.1/thumb/v7-m/nofp/crtend.o
 .ARM.attributes
                0x0000000000000000       0x2d c:/st/stm32cubeide_1.6.0/stm32cubeide/plugins/com.st.stm32cube.ide.mcu.externaltools.gnu-tools-for-stm32.9-2020-q2-update.win32_1.5.0.202011040924/tools/bin/../lib/gcc/arm-none-eabi/9.3.1/thumb/v7-m/nofp/crtend.o
 .text          0x0000000000000000        0x0 c:/st/stm32cubeide_1.6.0/stm32cubeide/plugins/com.st.stm32cube.ide.mcu.externaltools.gnu-tools-for-stm32.9-2020-q2-update.win32_1.5.0.202011040924/tools/bin/../lib/gcc/arm-none-eabi/9.3.1/thumb/v7-m/nofp/crtn.o
 .data          0x0000000000000000        0x0 c:/st/stm32cubeide_1.6.0/stm32cubeide/plugins/com.st.stm32cube.ide.mcu.externaltools.gnu-tools-for-stm32.9-2020-q2-update.win32_1.5.0.202011040924/tools/bin/../lib/gcc/arm-none-eabi/9.3.1/thumb/v7-m/nofp/crtn.o
 .bss           0x0000000000000000        0x0 c:/st/stm32cubeide_1.6.0/stm32cubeide/plugins/com.st.stm32cube.ide.mcu.externaltools.gnu-tools-for-stm32.9-2020-q2-update.win32_1.5.0.202011040924/tools/bin/../lib/gcc/arm-none-eabi/9.3.1/thumb/v7-m/nofp/crtn.o

Memory Configuration

Name             Origin             Length             Attributes
RAM              0x0000000020000000 0x0000000000005000 xrw
FLASH            0x0000000008000000 0x0000000000010000 xr
*default*        0x0000000000000000 0xffffffffffffffff

Linker script and memory map

LOAD c:/st/stm32cubeide_1.6.0/stm32cubeide/plugins/com.st.stm32cube.ide.mcu.externaltools.gnu-tools-for-stm32.9-2020-q2-update.win32_1.5.0.202011040924/tools/bin/../lib/gcc/arm-none-eabi/9.3.1/thumb/v7-m/nofp/crti.o
LOAD c:/st/stm32cubeide_1.6.0/stm32cubeide/plugins/com.st.stm32cube.ide.mcu.externaltools.gnu-tools-for-stm32.9-2020-q2-update.win32_1.5.0.202011040924/tools/bin/../lib/gcc/arm-none-eabi/9.3.1/thumb/v7-m/nofp/crtbegin.o
LOAD c:/st/stm32cubeide_1.6.0/stm32cubeide/plugins/com.st.stm32cube.ide.mcu.externaltools.gnu-tools-for-stm32.9-2020-q2-update.win32_1.5.0.202011040924/tools/bin/../lib/gcc/arm-none-eabi/9.3.1/../../../../arm-none-eabi/lib/thumb/v7-m/nofp/crt0.o
LOAD Core/Src/main.o
LOAD Core/Src/sysmem.o
LOAD Core/Startup/startup_stm32f103c8tx.o
LOAD Drivers/stm32f1xx_hal.o
LOAD Drivers/stm32f1xx_hal_pcd.o
LOAD Drivers/stm32f1xx_hal_rcc.o
LOAD Drivers/stm32f1xx_ll_usb.o
LOAD Drivers/usbd_core.o
START GROUP
LOAD c:/st/stm32cubeide_1.6.0/stm32cubeide/plugins/com.st.stm32cube.ide.mcu.externaltools.gnu-tools-for-stm32.9-2020-q2-update.win32_1.5.0.202011040924/tools/bin/../lib/gcc/arm-none-eabi/9.3.1/../../../../arm-none-eabi/lib/thumb/v7-m/nofp\libc_nano.a
LOAD c:/st/stm32cubeide_1.6.0/stm32cubeide/plugins/com.st.stm32cube.ide.mcu.externaltools.gnu-tools-for-stm32.9-2020-q2-update.win32_1.5.0.202011040924/tools/bin/../lib/gcc/arm-none-eabi/9.3.1/../../../../arm-none-eabi/lib/thumb/v7-m/nofp\libm.a
END GROUP
START GROUP
LOAD c:/st/stm32cubeide_1.6.0/stm32cubeide/plugins/com.st.stm32cube.ide.mcu.externaltools.gnu-tools-for-stm32.9-2020-q2-update.win32_1.5.0.202011040924/tools/bin/../lib/gcc/arm-none-eabi/9.3.1/thumb/v7-m/nofp\libgcc.a
LOAD c:/st/stm32cubeide_1.6.0/stm32cubeide/plugins/com.st.stm32cube.ide.mcu.externaltools.gnu-tools-for-stm32.9-2020-q2-update.win32_1.5.0.202011040924/tools/bin/../lib/gcc/arm-none-eabi/9.3.1/../../../../arm-none-eabi/lib/thumb/v7-m/nofp\libc_nano.a
END GROUP
START GROUP
LOAD c:/st/stm32cubeide_1.6.0/stm32cubeide/plugins/com.st.stm32cube.ide.mcu.externaltools.gnu-tools-for-stm32.9-2020-q2-update.win32_1.5.0.202011040924/tools/bin/../lib/gcc/arm-none-eabi/9.3.1/thumb/v7-m/nofp\libgcc.a
LOAD c:/st/stm32cubeide_1.6.0/stm32cubeide/plugins/com.st.stm32cube.ide.mcu.externaltools.gnu-tools-for-stm32.9-2020-q2-update.win32_1.5.0.202011040924/tools/bin/../lib/gcc/arm-none-eabi/9.3.1/../../../../arm-none-eabi/lib/thumb/v7-m/nofp\libc_nano.a
LOAD c:/st/stm32cubeide_1.6.0/stm32cubeide/plugins/com.st.stm32cube.ide.mcu.externaltools.gnu-tools-for-stm32.9-2020-q2-update.win32_1.5.0.202011040924/tools/bin/../lib/gcc/arm-none-eabi/9.3.1/../../../../arm-none-eabi/lib/thumb/v7-m/nofp\libnosys.a
END GROUP
START GROUP
LOAD c:/st/stm32cubeide_1.6.0/stm32cubeide/plugins/com.st.stm32cube.ide.mcu.externaltools.gnu-tools-for-stm32.9-2020-q2-update.win32_1.5.0.202011040924/tools/bin/../lib/gcc/arm-none-eabi/9.3.1/thumb/v7-m/nofp\libgcc.a
LOAD c:/st/stm32cubeide_1.6.0/stm32cubeide/plugins/com.st.stm32cube.ide.mcu.externaltools.gnu-tools-for-stm32.9-2020-q2-update.win32_1.5.0.202011040924/tools/bin/../lib/gcc/arm-none-eabi/9.3.1/../../../../arm-none-eabi/lib/thumb/v7-m/nofp\libc_nano.a
LOAD c:/st/stm32cubeide_1.6.0/stm32cubeide/plugins/com.st.stm32cube.ide.mcu.externaltools.gnu-tools-for-stm32.9-2020-q2-update.win32_1.5.0.202011040924/tools/bin/../lib/gcc/arm-none-eabi/9.3.1/../../../../arm-none-eabi/lib/thumb/v7-m/nofp\libnosys.a
END GROUP
LOAD c:/st/stm32cubeide_1.6.0/stm32cubeide/plugins/com.st.stm32cube.ide.mcu.externaltools.gnu-tools-for-stm32.9-2020-q2-update.win32_1.5.0.202011040924/tools/bin/../lib/gcc/arm-none-eabi/9.3.1/thumb/v7-m/nofp/crtend.o
LOAD c:/st/stm32cubeide_1.6.0/stm32cubeide/plugins/com.st.stm32cube.ide.mcu.externaltools.gnu-tools-for-stm32.9-2020-q2-update.win32_1.5.0.202011040924/tools/bin/../lib/gcc/arm-none-eabi/9.3.1/thumb/v7-m/nofp/crtn.o
                0x0000000020005000                _estack = (ORIGIN (RAM) + LENGTH (RAM))
                0x0000000000000200                _Min_Heap_Size = 0x200
                0x0000000000000400                _Min_Stack_Size = 0x400

.isr_vector     0x0000000008000000      0x10c
                0x0000000008000000                . = ALIGN (0x4)
 *(.isr_vector)
 .isr_vector    0x0000000008000000      0x10c Core/Startup/startup_stm32f103c8tx.o
                0x0000000008000000                g_pfnVectors
                0x000000000800010c                . = ALIGN (0x4)

.text           0x000000000800010c     0x6780
                0x000000000800010c                . = ALIGN (0x4)
 *(.text)
 .text          0x000000000800010c       0x40 c:/st/stm32cubeide_1.6.0/stm32cubeide/plugins/com.st.stm32cube.ide.mcu.externaltools.gnu-tools-for-stm32.9-2020-q2-update.win32_1.5.0.202011040924/tools/bin/../lib/gcc/arm-none-eabi/9.3.1/thumb/v7-m/nofp/crtbegin.o
 *(.text*)
 .text.SystemInit
                0x000000000800014c        0xc Core/Src/main.o
                0x000000000800014c                SystemInit
 .text.SysTick_Handler
                0x0000000008000158        0xc Core/Src/main.o
                0x0000000008000158                SysTick_Handler
 .text.USB_LP_CAN1_RX0_IRQHandler
                0x0000000008000164       0x14 Core/Src/main.o
                0x0000000008000164                USB_LP_CAN1_RX0_IRQHandler
 .text.main     0x0000000008000178       0x90 Core/Src/main.o
                0x0000000008000178                main
 .text.SystemClock_Config
                0x0000000008000208       0xb4 Core/Src/main.o
                0x0000000008000208                SystemClock_Config
 .text.USB_DEVICE_Init
                0x00000000080002bc       0x4c Core/Src/main.o
                0x00000000080002bc                USB_DEVICE_Init
 .text.Error_Handler
                0x0000000008000308        0x6 Core/Src/main.o
                0x0000000008000308                Error_Handler
 *fill*         0x000000000800030e        0x2 
 .text.Reset_Handler
                0x0000000008000310       0x48 Core/Startup/startup_stm32f103c8tx.o
                0x0000000008000310                Reset_Handler
 .text.Default_Handler
                0x0000000008000358        0x2 Core/Startup/startup_stm32f103c8tx.o
                0x0000000008000358                RTC_Alarm_IRQHandler
                0x0000000008000358                EXTI2_IRQHandler
                0x0000000008000358                DebugMon_Handler
                0x0000000008000358                TIM1_CC_IRQHandler
                0x0000000008000358                HardFault_Handler
                0x0000000008000358                PVD_IRQHandler
                0x0000000008000358                PendSV_Handler
                0x0000000008000358                NMI_Handler
                0x0000000008000358                EXTI3_IRQHandler
                0x0000000008000358                EXTI0_IRQHandler
                0x0000000008000358                I2C2_EV_IRQHandler
                0x0000000008000358                UsageFault_Handler
                0x0000000008000358                ADC1_2_IRQHandler
                0x0000000008000358                SPI1_IRQHandler
                0x0000000008000358                TAMPER_IRQHandler
                0x0000000008000358                DMA1_Channel4_IRQHandler
                0x0000000008000358                USART3_IRQHandler
                0x0000000008000358                RTC_IRQHandler
                0x0000000008000358                DMA1_Channel7_IRQHandler
                0x0000000008000358                CAN1_RX1_IRQHandler
                0x0000000008000358                TIM4_IRQHandler
                0x0000000008000358                I2C1_EV_IRQHandler
                0x0000000008000358                DMA1_Channel6_IRQHandler
                0x0000000008000358                TIM3_IRQHandler
                0x0000000008000358                RCC_IRQHandler
                0x0000000008000358                TIM1_TRG_COM_IRQHandler
                0x0000000008000358                DMA1_Channel1_IRQHandler
                0x0000000008000358                Default_Handler
                0x0000000008000358                EXTI15_10_IRQHandler
                0x0000000008000358                EXTI9_5_IRQHandler
                0x0000000008000358                SPI2_IRQHandler
                0x0000000008000358                MemManage_Handler
                0x0000000008000358                SVC_Handler
                0x0000000008000358                DMA1_Channel5_IRQHandler
                0x0000000008000358                EXTI4_IRQHandler
                0x0000000008000358                USB_HP_CAN1_TX_IRQHandler
                0x0000000008000358                DMA1_Channel3_IRQHandler
                0x0000000008000358                TIM1_UP_IRQHandler
                0x0000000008000358                WWDG_IRQHandler
                0x0000000008000358                TIM2_IRQHandler
                0x0000000008000358                TIM1_BRK_IRQHandler
                0x0000000008000358                EXTI1_IRQHandler
                0x0000000008000358                USART2_IRQHandler
                0x0000000008000358                I2C2_ER_IRQHandler
                0x0000000008000358                DMA1_Channel2_IRQHandler
                0x0000000008000358                CAN1_SCE_IRQHandler
                0x0000000008000358                FLASH_IRQHandler
                0x0000000008000358                BusFault_Handler
                0x0000000008000358                USART1_IRQHandler
                0x0000000008000358                I2C1_ER_IRQHandler
                0x0000000008000358                USBWakeUp_IRQHandler
 *fill*         0x000000000800035a        0x2 
 .text.HAL_Init
                0x000000000800035c       0x28 Drivers/stm32f1xx_hal.o
                0x000000000800035c                HAL_Init
 .text.HAL_InitTick
                0x0000000008000384       0x60 Drivers/stm32f1xx_hal.o
                0x0000000008000384                HAL_InitTick
 .text.HAL_IncTick
                0x00000000080003e4       0x24 Drivers/stm32f1xx_hal.o
                0x00000000080003e4                HAL_IncTick
 .text.HAL_GetTick
                0x0000000008000408       0x14 Drivers/stm32f1xx_hal.o
                0x0000000008000408                HAL_GetTick
 .text.HAL_Delay
                0x000000000800041c       0x48 Drivers/stm32f1xx_hal.o
                0x000000000800041c                HAL_Delay
 .text.HAL_PCD_Init
                0x0000000008000464      0x1fe Drivers/stm32f1xx_hal_pcd.o
                0x0000000008000464                HAL_PCD_Init
 .text.HAL_PCD_Start
                0x0000000008000662       0x44 Drivers/stm32f1xx_hal_pcd.o
                0x0000000008000662                HAL_PCD_Start
 .text.HAL_PCD_IRQHandler
                0x00000000080006a6      0x264 Drivers/stm32f1xx_hal_pcd.o
                0x00000000080006a6                HAL_PCD_IRQHandler
 .text.HAL_PCD_SetAddress
                0x000000000800090a       0x4a Drivers/stm32f1xx_hal_pcd.o
                0x000000000800090a                HAL_PCD_SetAddress
 .text.HAL_PCD_EP_Open
                0x0000000008000954       0xba Drivers/stm32f1xx_hal_pcd.o
                0x0000000008000954                HAL_PCD_EP_Open
 .text.HAL_PCD_EP_Close
                0x0000000008000a0e       0x90 Drivers/stm32f1xx_hal_pcd.o
                0x0000000008000a0e                HAL_PCD_EP_Close
 .text.HAL_PCD_EP_Receive
                0x0000000008000a9e       0x62 Drivers/stm32f1xx_hal_pcd.o
                0x0000000008000a9e                HAL_PCD_EP_Receive
 .text.HAL_PCD_EP_Transmit
                0x0000000008000b00       0x6e Drivers/stm32f1xx_hal_pcd.o
                0x0000000008000b00                HAL_PCD_EP_Transmit
 .text.HAL_PCD_EP_SetStall
                0x0000000008000b6e       0xc0 Drivers/stm32f1xx_hal_pcd.o
                0x0000000008000b6e                HAL_PCD_EP_SetStall
 .text.HAL_PCD_EP_ClrStall
                0x0000000008000c2e       0xa8 Drivers/stm32f1xx_hal_pcd.o
                0x0000000008000c2e                HAL_PCD_EP_ClrStall
 .text.PCD_EP_ISR_Handler
                0x0000000008000cd6      0x7a6 Drivers/stm32f1xx_hal_pcd.o
 .text.HAL_PCD_EP_DB_Receive
                0x000000000800147c      0x21a Drivers/stm32f1xx_hal_pcd.o
 .text.HAL_PCD_EP_DB_Transmit
                0x0000000008001696      0x7f4 Drivers/stm32f1xx_hal_pcd.o
 *fill*         0x0000000008001e8a        0x2 
 .text.__NVIC_SetPriorityGrouping
                0x0000000008001e8c       0x48 Drivers/stm32f1xx_hal_rcc.o
 .text.__NVIC_GetPriorityGrouping
                0x0000000008001ed4       0x1c Drivers/stm32f1xx_hal_rcc.o
 .text.__NVIC_EnableIRQ
                0x0000000008001ef0       0x38 Drivers/stm32f1xx_hal_rcc.o
 .text.__NVIC_SetPriority
                0x0000000008001f28       0x54 Drivers/stm32f1xx_hal_rcc.o
 .text.NVIC_EncodePriority
                0x0000000008001f7c       0x64 Drivers/stm32f1xx_hal_rcc.o
 .text.SysTick_Config
                0x0000000008001fe0       0x44 Drivers/stm32f1xx_hal_rcc.o
 .text.HAL_NVIC_SetPriorityGrouping
                0x0000000008002024       0x16 Drivers/stm32f1xx_hal_rcc.o
                0x0000000008002024                HAL_NVIC_SetPriorityGrouping
 .text.HAL_NVIC_SetPriority
                0x000000000800203a       0x38 Drivers/stm32f1xx_hal_rcc.o
                0x000000000800203a                HAL_NVIC_SetPriority
 .text.HAL_NVIC_EnableIRQ
                0x0000000008002072       0x1c Drivers/stm32f1xx_hal_rcc.o
                0x0000000008002072                HAL_NVIC_EnableIRQ
 .text.HAL_SYSTICK_Config
                0x000000000800208e       0x18 Drivers/stm32f1xx_hal_rcc.o
                0x000000000800208e                HAL_SYSTICK_Config
 *fill*         0x00000000080020a6        0x2 
 .text.HAL_RCC_OscConfig
                0x00000000080020a8      0x530 Drivers/stm32f1xx_hal_rcc.o
                0x00000000080020a8                HAL_RCC_OscConfig
 .text.HAL_RCC_ClockConfig
                0x00000000080025d8      0x1d8 Drivers/stm32f1xx_hal_rcc.o
                0x00000000080025d8                HAL_RCC_ClockConfig
 .text.HAL_RCCEx_PeriphCLKConfig
                0x00000000080027b0      0x174 Drivers/stm32f1xx_hal_rcc.o
                0x00000000080027b0                HAL_RCCEx_PeriphCLKConfig
 .text.HAL_RCC_GetSysClockFreq
                0x0000000008002924       0xa8 Drivers/stm32f1xx_hal_rcc.o
                0x0000000008002924                HAL_RCC_GetSysClockFreq
 .text.RCC_Delay
                0x00000000080029cc       0x3c Drivers/stm32f1xx_hal_rcc.o
 .text.USB_CoreInit
                0x0000000008002a08       0x20 Drivers/stm32f1xx_ll_usb.o
                0x0000000008002a08                USB_CoreInit
 .text.USB_EnableGlobalInt
                0x0000000008002a28       0x2c Drivers/stm32f1xx_ll_usb.o
                0x0000000008002a28                USB_EnableGlobalInt
 .text.USB_DisableGlobalInt
                0x0000000008002a54       0x34 Drivers/stm32f1xx_ll_usb.o
                0x0000000008002a54                USB_DisableGlobalInt
 .text.USB_SetCurrentMode
                0x0000000008002a88       0x18 Drivers/stm32f1xx_ll_usb.o
                0x0000000008002a88                USB_SetCurrentMode
 .text.USB_DevInit
                0x0000000008002aa0       0x40 Drivers/stm32f1xx_ll_usb.o
                0x0000000008002aa0                USB_DevInit
 .text.USB_ActivateEndpoint
                0x0000000008002ae0      0x780 Drivers/stm32f1xx_ll_usb.o
                0x0000000008002ae0                USB_ActivateEndpoint
 .text.USB_DeactivateEndpoint
                0x0000000008003260      0x3d8 Drivers/stm32f1xx_ll_usb.o
                0x0000000008003260                USB_DeactivateEndpoint
 .text.USB_EPStartXfer
                0x0000000008003638     0x1298 Drivers/stm32f1xx_ll_usb.o
                0x0000000008003638                USB_EPStartXfer
 .text.USB_EPSetStall
                0x00000000080048d0       0xa0 Drivers/stm32f1xx_ll_usb.o
                0x00000000080048d0                USB_EPSetStall
 .text.USB_EPClearStall
                0x0000000008004970      0x15a Drivers/stm32f1xx_ll_usb.o
                0x0000000008004970                USB_EPClearStall
 .text.USB_SetDevAddress
                0x0000000008004aca       0x26 Drivers/stm32f1xx_ll_usb.o
                0x0000000008004aca                USB_SetDevAddress
 .text.USB_DevConnect
                0x0000000008004af0       0x14 Drivers/stm32f1xx_ll_usb.o
                0x0000000008004af0                USB_DevConnect
 .text.USB_DevDisconnect
                0x0000000008004b04       0x14 Drivers/stm32f1xx_ll_usb.o
                0x0000000008004b04                USB_DevDisconnect
 .text.USB_ReadInterrupts
                0x0000000008004b18       0x1e Drivers/stm32f1xx_ll_usb.o
                0x0000000008004b18                USB_ReadInterrupts
 .text.USB_EP0_OutStart
                0x0000000008004b36       0x16 Drivers/stm32f1xx_ll_usb.o
                0x0000000008004b36                USB_EP0_OutStart
 .text.USB_WritePMA
                0x0000000008004b4c       0x8a Drivers/stm32f1xx_ll_usb.o
                0x0000000008004b4c                USB_WritePMA
 .text.USB_ReadPMA
                0x0000000008004bd6       0x9e Drivers/stm32f1xx_ll_usb.o
                0x0000000008004bd6                USB_ReadPMA
 .text.USBD_Init
                0x0000000008004c74       0x56 Drivers/usbd_core.o
                0x0000000008004c74                USBD_Init
 .text.USBD_RegisterClass
                0x0000000008004cca       0x32 Drivers/usbd_core.o
                0x0000000008004cca                USBD_RegisterClass
 .text.USBD_Start
                0x0000000008004cfc       0x18 Drivers/usbd_core.o
                0x0000000008004cfc                USBD_Start
 .text.USBD_RunTestMode
                0x0000000008004d14       0x14 Drivers/usbd_core.o
                0x0000000008004d14                USBD_RunTestMode
 .text.USBD_SetClassConfig
                0x0000000008004d28       0x3e Drivers/usbd_core.o
                0x0000000008004d28                USBD_SetClassConfig
 .text.USBD_ClrClassConfig
                0x0000000008004d66       0x26 Drivers/usbd_core.o
                0x0000000008004d66                USBD_ClrClassConfig
 .text.USBD_LL_SetupStage
                0x0000000008004d8c       0x9a Drivers/usbd_core.o
                0x0000000008004d8c                USBD_LL_SetupStage
 .text.USBD_LL_DataOutStage
                0x0000000008004e26       0xe2 Drivers/usbd_core.o
                0x0000000008004e26                USBD_LL_DataOutStage
 .text.USBD_LL_DataInStage
                0x0000000008004f08      0x14a Drivers/usbd_core.o
                0x0000000008004f08                USBD_LL_DataInStage
 .text.USBD_LL_Reset
                0x0000000008005052       0x82 Drivers/usbd_core.o
                0x0000000008005052                USBD_LL_Reset
 .text.USBD_LL_SetSpeed
                0x00000000080050d4       0x1e Drivers/usbd_core.o
                0x00000000080050d4                USBD_LL_SetSpeed
 .text.USBD_LL_Suspend
                0x00000000080050f2       0x28 Drivers/usbd_core.o
                0x00000000080050f2                USBD_LL_Suspend
 .text.USBD_LL_Resume
                0x000000000800511a       0x2a Drivers/usbd_core.o
                0x000000000800511a                USBD_LL_Resume
 .text.USBD_LL_SOF
                0x0000000008005144       0x34 Drivers/usbd_core.o
                0x0000000008005144                USBD_LL_SOF
 .text.HAL_PCD_MspInit
                0x0000000008005178       0x4c Drivers/usbd_core.o
                0x0000000008005178                HAL_PCD_MspInit
 .text.HAL_PCD_SetupStageCallback
                0x00000000080051c4       0x24 Drivers/usbd_core.o
                0x00000000080051c4                HAL_PCD_SetupStageCallback
 .text.HAL_PCD_DataOutStageCallback
                0x00000000080051e8       0x36 Drivers/usbd_core.o
                0x00000000080051e8                HAL_PCD_DataOutStageCallback
 .text.HAL_PCD_DataInStageCallback
                0x000000000800521e       0x34 Drivers/usbd_core.o
                0x000000000800521e                HAL_PCD_DataInStageCallback
 .text.HAL_PCD_SOFCallback
                0x0000000008005252       0x1c Drivers/usbd_core.o
                0x0000000008005252                HAL_PCD_SOFCallback
 .text.HAL_PCD_ResetCallback
                0x000000000800526e       0x3c Drivers/usbd_core.o
                0x000000000800526e                HAL_PCD_ResetCallback
 *fill*         0x00000000080052aa        0x2 
 .text.HAL_PCD_SuspendCallback
                0x00000000080052ac       0x34 Drivers/usbd_core.o
                0x00000000080052ac                HAL_PCD_SuspendCallback
 .text.HAL_PCD_ResumeCallback
                0x00000000080052e0       0x1c Drivers/usbd_core.o
                0x00000000080052e0                HAL_PCD_ResumeCallback
 .text.HAL_PCDEx_PMAConfig
                0x00000000080052fc       0x84 Drivers/usbd_core.o
                0x00000000080052fc                HAL_PCDEx_PMAConfig
 .text.USBD_LL_Init
                0x0000000008005380       0x90 Drivers/usbd_core.o
                0x0000000008005380                USBD_LL_Init
 .text.USBD_LL_Start
                0x0000000008005410       0x36 Drivers/usbd_core.o
                0x0000000008005410                USBD_LL_Start
 .text.USBD_LL_OpenEP
                0x0000000008005446       0x4c Drivers/usbd_core.o
                0x0000000008005446                USBD_LL_OpenEP
 .text.USBD_LL_CloseEP
                0x0000000008005492       0x3e Drivers/usbd_core.o
                0x0000000008005492                USBD_LL_CloseEP
 .text.USBD_LL_StallEP
                0x00000000080054d0       0x3e Drivers/usbd_core.o
                0x00000000080054d0                USBD_LL_StallEP
 .text.USBD_LL_ClearStallEP
                0x000000000800550e       0x3e Drivers/usbd_core.o
                0x000000000800550e                USBD_LL_ClearStallEP
 .text.USBD_LL_IsStallEP
                0x000000000800554c       0x58 Drivers/usbd_core.o
                0x000000000800554c                USBD_LL_IsStallEP
 .text.USBD_LL_SetUSBAddress
                0x00000000080055a4       0x3e Drivers/usbd_core.o
                0x00000000080055a4                USBD_LL_SetUSBAddress
 .text.USBD_LL_Transmit
                0x00000000080055e2       0x46 Drivers/usbd_core.o
                0x00000000080055e2                USBD_LL_Transmit
 .text.USBD_LL_PrepareReceive
                0x0000000008005628       0x46 Drivers/usbd_core.o
                0x0000000008005628                USBD_LL_PrepareReceive
 *fill*         0x000000000800566e        0x2 
 .text.USBD_static_malloc
                0x0000000008005670       0x18 Drivers/usbd_core.o
                0x0000000008005670                USBD_static_malloc
 .text.USBD_Get_USB_Status
                0x0000000008005688       0x58 Drivers/usbd_core.o
 .text.USBD_StdDevReq
                0x00000000080056e0       0xd4 Drivers/usbd_core.o
                0x00000000080056e0                USBD_StdDevReq
 .text.USBD_StdItfReq
                0x00000000080057b4       0x90 Drivers/usbd_core.o
                0x00000000080057b4                USBD_StdItfReq
 .text.USBD_StdEPReq
                0x0000000008005844      0x2c6 Drivers/usbd_core.o
                0x0000000008005844                USBD_StdEPReq
 *fill*         0x0000000008005b0a        0x2 
 .text.USBD_GetDescriptor
                0x0000000008005b0c      0x2d0 Drivers/usbd_core.o
 .text.USBD_SetAddress
                0x0000000008005ddc       0x86 Drivers/usbd_core.o
 *fill*         0x0000000008005e62        0x2 
 .text.USBD_SetConfig
                0x0000000008005e64      0x11c Drivers/usbd_core.o
 .text.USBD_GetConfig
                0x0000000008005f80       0x6a Drivers/usbd_core.o
 .text.USBD_GetStatus
                0x0000000008005fea       0x66 Drivers/usbd_core.o
 .text.USBD_SetFeature
                0x0000000008006050       0x28 Drivers/usbd_core.o
 .text.USBD_ClrFeature
                0x0000000008006078       0x42 Drivers/usbd_core.o
 .text.USBD_CtlError
                0x00000000080060ba       0x22 Drivers/usbd_core.o
                0x00000000080060ba                USBD_CtlError
 .text.USBD_ParseSetupRequest
                0x00000000080060dc       0x78 Drivers/usbd_core.o
                0x00000000080060dc                USBD_ParseSetupRequest
 .text.USBD_GetString
                0x0000000008006154       0x84 Drivers/usbd_core.o
                0x0000000008006154                USBD_GetString
 .text.USBD_GetLen
                0x00000000080061d8       0x2e Drivers/usbd_core.o
 *fill*         0x0000000008006206        0x2 
 .text.USBD_FS_DeviceDescriptor
                0x0000000008006208       0x24 Drivers/usbd_core.o
                0x0000000008006208                USBD_FS_DeviceDescriptor
 .text.USBD_FS_LangIDStrDescriptor
                0x000000000800622c       0x24 Drivers/usbd_core.o
                0x000000000800622c                USBD_FS_LangIDStrDescriptor
 .text.USBD_FS_ProductStrDescriptor
                0x0000000008006250       0x28 Drivers/usbd_core.o
                0x0000000008006250                USBD_FS_ProductStrDescriptor
 .text.USBD_FS_ManufacturerStrDescriptor
                0x0000000008006278       0x28 Drivers/usbd_core.o
                0x0000000008006278                USBD_FS_ManufacturerStrDescriptor
 .text.USBD_FS_SerialStrDescriptor
                0x00000000080062a0       0x24 Drivers/usbd_core.o
                0x00000000080062a0                USBD_FS_SerialStrDescriptor
 .text.USBD_FS_ConfigStrDescriptor
                0x00000000080062c4       0x28 Drivers/usbd_core.o
                0x00000000080062c4                USBD_FS_ConfigStrDescriptor
 .text.USBD_FS_InterfaceStrDescriptor
                0x00000000080062ec       0x28 Drivers/usbd_core.o
                0x00000000080062ec                USBD_FS_InterfaceStrDescriptor
 .text.Get_SerialNum
                0x0000000008006314       0x58 Drivers/usbd_core.o
 .text.IntToUnicode
                0x000000000800636c       0x7c Drivers/usbd_core.o
 .text.USBD_HID_Init
                0x00000000080063e8       0x4e Drivers/usbd_core.o
 .text.USBD_HID_DeInit
                0x0000000008006436       0x36 Drivers/usbd_core.o
 .text.USBD_HID_Setup
                0x000000000800646c      0x1fc Drivers/usbd_core.o
 .text.USBD_HID_SendReport
                0x0000000008006668       0x44 Drivers/usbd_core.o
                0x0000000008006668                USBD_HID_SendReport
 .text.USBD_HID_GetFSCfgDesc
                0x00000000080066ac       0x20 Drivers/usbd_core.o
 .text.USBD_HID_GetHSCfgDesc
                0x00000000080066cc       0x20 Drivers/usbd_core.o
 .text.USBD_HID_GetOtherSpeedCfgDesc
                0x00000000080066ec       0x20 Drivers/usbd_core.o
 .text.USBD_HID_DataIn
                0x000000000800670c       0x22 Drivers/usbd_core.o
 *fill*         0x000000000800672e        0x2 
 .text.USBD_HID_GetDeviceQualifierDesc
                0x0000000008006730       0x20 Drivers/usbd_core.o
 .text.USBD_CtlSendData
                0x0000000008006750       0x38 Drivers/usbd_core.o
                0x0000000008006750                USBD_CtlSendData
 .text.USBD_CtlContinueSendData
                0x0000000008006788       0x24 Drivers/usbd_core.o
                0x0000000008006788                USBD_CtlContinueSendData
 .text.USBD_CtlContinueRx
                0x00000000080067ac       0x24 Drivers/usbd_core.o
                0x00000000080067ac                USBD_CtlContinueRx
 .text.USBD_CtlSendStatus
                0x00000000080067d0       0x26 Drivers/usbd_core.o
                0x00000000080067d0                USBD_CtlSendStatus
 .text.USBD_CtlReceiveStatus
                0x00000000080067f6       0x26 Drivers/usbd_core.o
                0x00000000080067f6                USBD_CtlReceiveStatus
 .text.__libc_init_array
                0x000000000800681c       0x48 c:/st/stm32cubeide_1.6.0/stm32cubeide/plugins/com.st.stm32cube.ide.mcu.externaltools.gnu-tools-for-stm32.9-2020-q2-update.win32_1.5.0.202011040924/tools/bin/../lib/gcc/arm-none-eabi/9.3.1/../../../../arm-none-eabi/lib/thumb/v7-m/nofp\libc_nano.a(lib_a-init.o)
                0x000000000800681c                __libc_init_array
 .text.memset   0x0000000008006864       0x10 c:/st/stm32cubeide_1.6.0/stm32cubeide/plugins/com.st.stm32cube.ide.mcu.externaltools.gnu-tools-for-stm32.9-2020-q2-update.win32_1.5.0.202011040924/tools/bin/../lib/gcc/arm-none-eabi/9.3.1/../../../../arm-none-eabi/lib/thumb/v7-m/nofp\libc_nano.a(lib_a-memset.o)
                0x0000000008006864                memset
 *(.glue_7)
 .glue_7        0x0000000008006874        0x0 linker stubs
 *(.glue_7t)
 .glue_7t       0x0000000008006874        0x0 linker stubs
 *(.eh_frame)
 .eh_frame      0x0000000008006874        0x0 c:/st/stm32cubeide_1.6.0/stm32cubeide/plugins/com.st.stm32cube.ide.mcu.externaltools.gnu-tools-for-stm32.9-2020-q2-update.win32_1.5.0.202011040924/tools/bin/../lib/gcc/arm-none-eabi/9.3.1/thumb/v7-m/nofp/crtbegin.o
 *(.init)
 .init          0x0000000008006874        0x4 c:/st/stm32cubeide_1.6.0/stm32cubeide/plugins/com.st.stm32cube.ide.mcu.externaltools.gnu-tools-for-stm32.9-2020-q2-update.win32_1.5.0.202011040924/tools/bin/../lib/gcc/arm-none-eabi/9.3.1/thumb/v7-m/nofp/crti.o
                0x0000000008006874                _init
 .init          0x0000000008006878        0x8 c:/st/stm32cubeide_1.6.0/stm32cubeide/plugins/com.st.stm32cube.ide.mcu.externaltools.gnu-tools-for-stm32.9-2020-q2-update.win32_1.5.0.202011040924/tools/bin/../lib/gcc/arm-none-eabi/9.3.1/thumb/v7-m/nofp/crtn.o
 *(.fini)
 .fini          0x0000000008006880        0x4 c:/st/stm32cubeide_1.6.0/stm32cubeide/plugins/com.st.stm32cube.ide.mcu.externaltools.gnu-tools-for-stm32.9-2020-q2-update.win32_1.5.0.202011040924/tools/bin/../lib/gcc/arm-none-eabi/9.3.1/thumb/v7-m/nofp/crti.o
                0x0000000008006880                _fini
 .fini          0x0000000008006884        0x8 c:/st/stm32cubeide_1.6.0/stm32cubeide/plugins/com.st.stm32cube.ide.mcu.externaltools.gnu-tools-for-stm32.9-2020-q2-update.win32_1.5.0.202011040924/tools/bin/../lib/gcc/arm-none-eabi/9.3.1/thumb/v7-m/nofp/crtn.o
                0x000000000800688c                . = ALIGN (0x4)
                0x000000000800688c                _etext = .

.vfp11_veneer   0x000000000800688c        0x0
 .vfp11_veneer  0x000000000800688c        0x0 linker stubs

.v4_bx          0x000000000800688c        0x0
 .v4_bx         0x000000000800688c        0x0 linker stubs

.iplt           0x000000000800688c        0x0
 .iplt          0x000000000800688c        0x0 c:/st/stm32cubeide_1.6.0/stm32cubeide/plugins/com.st.stm32cube.ide.mcu.externaltools.gnu-tools-for-stm32.9-2020-q2-update.win32_1.5.0.202011040924/tools/bin/../lib/gcc/arm-none-eabi/9.3.1/thumb/v7-m/nofp/crtbegin.o

.rodata         0x000000000800688c       0x6c
                0x000000000800688c                . = ALIGN (0x4)
 *(.rodata)
 .rodata        0x000000000800688c       0x46 Drivers/usbd_core.o
 *(.rodata*)
 *fill*         0x00000000080068d2        0x2 
 .rodata.AHBPrescTable
                0x00000000080068d4       0x10 Core/Src/main.o
                0x00000000080068d4                AHBPrescTable
 .rodata.aPLLMULFactorTable.5329
                0x00000000080068e4       0x10 Drivers/stm32f1xx_hal_rcc.o
 .rodata.aPredivFactorTable.5330
                0x00000000080068f4        0x2 Drivers/stm32f1xx_hal_rcc.o
                0x00000000080068f8                . = ALIGN (0x4)
 *fill*         0x00000000080068f6        0x2 

.rel.dyn        0x00000000080068f8        0x0
 .rel.iplt      0x00000000080068f8        0x0 c:/st/stm32cubeide_1.6.0/stm32cubeide/plugins/com.st.stm32cube.ide.mcu.externaltools.gnu-tools-for-stm32.9-2020-q2-update.win32_1.5.0.202011040924/tools/bin/../lib/gcc/arm-none-eabi/9.3.1/thumb/v7-m/nofp/crtbegin.o

.ARM.extab      0x00000000080068f8        0x0
                0x00000000080068f8                . = ALIGN (0x4)
 *(.ARM.extab* .gnu.linkonce.armextab.*)
                0x00000000080068f8                . = ALIGN (0x4)

.ARM            0x00000000080068f8        0x0
                0x00000000080068f8                . = ALIGN (0x4)
                0x00000000080068f8                __exidx_start = .
 *(.ARM.exidx*)
                0x00000000080068f8                __exidx_end = .
                0x00000000080068f8                . = ALIGN (0x4)

.preinit_array  0x00000000080068f8        0x0
                0x00000000080068f8                . = ALIGN (0x4)
                0x00000000080068f8                PROVIDE (__preinit_array_start = .)
 *(.preinit_array*)
                0x00000000080068f8                PROVIDE (__preinit_array_end = .)
                0x00000000080068f8                . = ALIGN (0x4)

.init_array     0x00000000080068f8        0x4
                0x00000000080068f8                . = ALIGN (0x4)
                0x00000000080068f8                PROVIDE (__init_array_start = .)
 *(SORT_BY_NAME(.init_array.*))
 *(.init_array*)
 .init_array    0x00000000080068f8        0x4 c:/st/stm32cubeide_1.6.0/stm32cubeide/plugins/com.st.stm32cube.ide.mcu.externaltools.gnu-tools-for-stm32.9-2020-q2-update.win32_1.5.0.202011040924/tools/bin/../lib/gcc/arm-none-eabi/9.3.1/thumb/v7-m/nofp/crtbegin.o
                0x00000000080068fc                PROVIDE (__init_array_end = .)
                0x00000000080068fc                . = ALIGN (0x4)

.fini_array     0x00000000080068fc        0x4
                0x00000000080068fc                . = ALIGN (0x4)
                [!provide]                        PROVIDE (__fini_array_start = .)
 *(SORT_BY_NAME(.fini_array.*))
 *(.fini_array*)
 .fini_array    0x00000000080068fc        0x4 c:/st/stm32cubeide_1.6.0/stm32cubeide/plugins/com.st.stm32cube.ide.mcu.externaltools.gnu-tools-for-stm32.9-2020-q2-update.win32_1.5.0.202011040924/tools/bin/../lib/gcc/arm-none-eabi/9.3.1/thumb/v7-m/nofp/crtbegin.o
                [!provide]                        PROVIDE (__fini_array_end = .)
                0x0000000008006900                . = ALIGN (0x4)
                0x0000000008006900                _sidata = LOADADDR (.data)

.data           0x0000000020000000      0x158 load address 0x0000000008006900
                0x0000000020000000                . = ALIGN (0x4)
                0x0000000020000000                _sdata = .
 *(.data)
 *(.data*)
 .data.SystemCoreClock
                0x0000000020000000        0x4 Core/Src/main.o
                0x0000000020000000                SystemCoreClock
 .data.uwTickPrio
                0x0000000020000004        0x4 Drivers/stm32f1xx_hal.o
                0x0000000020000004                uwTickPrio
 .data.uwTickFreq
                0x0000000020000008        0x1 Drivers/stm32f1xx_hal.o
                0x0000000020000008                uwTickFreq
 *fill*         0x0000000020000009        0x3 
 .data.FS_Desc  0x000000002000000c       0x1c Drivers/usbd_core.o
                0x000000002000000c                FS_Desc
 .data.USBD_FS_DeviceDesc
                0x0000000020000028       0x12 Drivers/usbd_core.o
                0x0000000020000028                USBD_FS_DeviceDesc
 *fill*         0x000000002000003a        0x2 
 .data.USBD_LangIDDesc
                0x000000002000003c        0x4 Drivers/usbd_core.o
                0x000000002000003c                USBD_LangIDDesc
 .data.USBD_StringSerial
                0x0000000020000040       0x1a Drivers/usbd_core.o
                0x0000000020000040                USBD_StringSerial
 *fill*         0x000000002000005a        0x2 
 .data.USBD_HID
                0x000000002000005c       0x38 Drivers/usbd_core.o
                0x000000002000005c                USBD_HID
 .data.USBD_HID_CfgFSDesc
                0x0000000020000094       0x22 Drivers/usbd_core.o
 *fill*         0x00000000200000b6        0x2 
 .data.USBD_HID_CfgHSDesc
                0x00000000200000b8       0x22 Drivers/usbd_core.o
 *fill*         0x00000000200000da        0x2 
 .data.USBD_HID_OtherSpeedCfgDesc
                0x00000000200000dc       0x22 Drivers/usbd_core.o
 *fill*         0x00000000200000fe        0x2 
 .data.USBD_HID_Desc
                0x0000000020000100        0x9 Drivers/usbd_core.o
 *fill*         0x0000000020000109        0x3 
 .data.USBD_HID_DeviceQualifierDesc
                0x000000002000010c        0xa Drivers/usbd_core.o
 *fill*         0x0000000020000116        0x2 
 .data.HID_MOUSE_ReportDesc
                0x0000000020000118       0x3f Drivers/usbd_core.o
 *(.RamFunc)
 *(.RamFunc*)
                0x0000000020000158                . = ALIGN (0x4)
 *fill*         0x0000000020000157        0x1 
                0x0000000020000158                _edata = .

.igot.plt       0x0000000020000158        0x0 load address 0x0000000008006a58
 .igot.plt      0x0000000020000158        0x0 c:/st/stm32cubeide_1.6.0/stm32cubeide/plugins/com.st.stm32cube.ide.mcu.externaltools.gnu-tools-for-stm32.9-2020-q2-update.win32_1.5.0.202011040924/tools/bin/../lib/gcc/arm-none-eabi/9.3.1/thumb/v7-m/nofp/crtbegin.o
                0x0000000020000158                . = ALIGN (0x4)

.bss            0x0000000020000158      0x7f4 load address 0x0000000008006a58
                0x0000000020000158                _sbss = .
                0x0000000020000158                __bss_start__ = _sbss
 *(.bss)
 .bss           0x0000000020000158       0x1c c:/st/stm32cubeide_1.6.0/stm32cubeide/plugins/com.st.stm32cube.ide.mcu.externaltools.gnu-tools-for-stm32.9-2020-q2-update.win32_1.5.0.202011040924/tools/bin/../lib/gcc/arm-none-eabi/9.3.1/thumb/v7-m/nofp/crtbegin.o
 *(.bss*)
 .bss.keyboardhid
                0x0000000020000174        0x8 Core/Src/main.o
                0x0000000020000174                keyboardhid
 .bss.mem.5798  0x000000002000017c       0x14 Drivers/usbd_core.o
 .bss.cfgidx.5926
                0x0000000020000190        0x1 Drivers/usbd_core.o
 *(COMMON)
 *fill*         0x0000000020000191        0x3 
 COMMON         0x0000000020000194      0x2c4 Core/Src/main.o
                0x0000000020000194                hUsbDeviceFS
 COMMON         0x0000000020000458        0x4 Drivers/stm32f1xx_hal.o
                0x0000000020000458                uwTick
 COMMON         0x000000002000045c      0x4f0 Drivers/usbd_core.o
                0x000000002000045c                hpcd_USB_FS
                0x000000002000074c                USBD_StrDesc
                0x000000002000094c                . = ALIGN (0x4)
                0x000000002000094c                _ebss = .
                0x000000002000094c                __bss_end__ = _ebss

._user_heap_stack
                0x000000002000094c      0x604 load address 0x0000000008006a58
                0x0000000020000950                . = ALIGN (0x8)
 *fill*         0x000000002000094c        0x4 
                [!provide]                        PROVIDE (end = .)
                0x0000000020000950                PROVIDE (_end = .)
                0x0000000020000b50                . = (. + _Min_Heap_Size)
 *fill*         0x0000000020000950      0x200 
                0x0000000020000f50                . = (. + _Min_Stack_Size)
 *fill*         0x0000000020000b50      0x400 
                0x0000000020000f50                . = ALIGN (0x8)

/DISCARD/
 libc.a(*)
 libm.a(*)
 libgcc.a(*)

.ARM.attributes
                0x0000000000000000       0x29
 *(.ARM.attributes)
 .ARM.attributes
                0x0000000000000000       0x1d c:/st/stm32cubeide_1.6.0/stm32cubeide/plugins/com.st.stm32cube.ide.mcu.externaltools.gnu-tools-for-stm32.9-2020-q2-update.win32_1.5.0.202011040924/tools/bin/../lib/gcc/arm-none-eabi/9.3.1/thumb/v7-m/nofp/crti.o
 .ARM.attributes
                0x000000000000001d       0x2d c:/st/stm32cubeide_1.6.0/stm32cubeide/plugins/com.st.stm32cube.ide.mcu.externaltools.gnu-tools-for-stm32.9-2020-q2-update.win32_1.5.0.202011040924/tools/bin/../lib/gcc/arm-none-eabi/9.3.1/thumb/v7-m/nofp/crtbegin.o
 .ARM.attributes
                0x000000000000004a       0x2d Core/Src/main.o
 .ARM.attributes
                0x0000000000000077       0x21 Core/Startup/startup_stm32f103c8tx.o
 .ARM.attributes
                0x0000000000000098       0x2d Drivers/stm32f1xx_hal.o
 .ARM.attributes
                0x00000000000000c5       0x2d Drivers/stm32f1xx_hal_pcd.o
 .ARM.attributes
                0x00000000000000f2       0x2d Drivers/stm32f1xx_hal_rcc.o
 .ARM.attributes
                0x000000000000011f       0x2d Drivers/stm32f1xx_ll_usb.o
 .ARM.attributes
                0x000000000000014c       0x2d Drivers/usbd_core.o
 .ARM.attributes
                0x0000000000000179       0x2d c:/st/stm32cubeide_1.6.0/stm32cubeide/plugins/com.st.stm32cube.ide.mcu.externaltools.gnu-tools-for-stm32.9-2020-q2-update.win32_1.5.0.202011040924/tools/bin/../lib/gcc/arm-none-eabi/9.3.1/../../../../arm-none-eabi/lib/thumb/v7-m/nofp\libc_nano.a(lib_a-init.o)
 .ARM.attributes
                0x00000000000001a6       0x2d c:/st/stm32cubeide_1.6.0/stm32cubeide/plugins/com.st.stm32cube.ide.mcu.externaltools.gnu-tools-for-stm32.9-2020-q2-update.win32_1.5.0.202011040924/tools/bin/../lib/gcc/arm-none-eabi/9.3.1/../../../../arm-none-eabi/lib/thumb/v7-m/nofp\libc_nano.a(lib_a-memset.o)
 .ARM.attributes
                0x00000000000001d3       0x1d c:/st/stm32cubeide_1.6.0/stm32cubeide/plugins/com.st.stm32cube.ide.mcu.externaltools.gnu-tools-for-stm32.9-2020-q2-update.win32_1.5.0.202011040924/tools/bin/../lib/gcc/arm-none-eabi/9.3.1/thumb/v7-m/nofp/crtn.o
OUTPUT(usb_test.elf elf32-littlearm)
LOAD linker stubs
LOAD c:/st/stm32cubeide_1.6.0/stm32cubeide/plugins/com.st.stm32cube.ide.mcu.externaltools.gnu-tools-for-stm32.9-2020-q2-update.win32_1.5.0.202011040924/tools/bin/../lib/gcc/arm-none-eabi/9.3.1/../../../../arm-none-eabi/lib/thumb/v7-m/nofp\libc.a
LOAD c:/st/stm32cubeide_1.6.0/stm32cubeide/plugins/com.st.stm32cube.ide.mcu.externaltools.gnu-tools-for-stm32.9-2020-q2-update.win32_1.5.0.202011040924/tools/bin/../lib/gcc/arm-none-eabi/9.3.1/../../../../arm-none-eabi/lib/thumb/v7-m/nofp\libm.a
LOAD c:/st/stm32cubeide_1.6.0/stm32cubeide/plugins/com.st.stm32cube.ide.mcu.externaltools.gnu-tools-for-stm32.9-2020-q2-update.win32_1.5.0.202011040924/tools/bin/../lib/gcc/arm-none-eabi/9.3.1/thumb/v7-m/nofp\libgcc.a

.debug_info     0x0000000000000000     0x7841
 .debug_info    0x0000000000000000     0x16b7 Core/Src/main.o
 .debug_info    0x00000000000016b7       0x22 Core/Startup/startup_stm32f103c8tx.o
 .debug_info    0x00000000000016d9      0x49b Drivers/stm32f1xx_hal.o
 .debug_info    0x0000000000001b74     0x12d1 Drivers/stm32f1xx_hal_pcd.o
 .debug_info    0x0000000000002e45      0xf2a Drivers/stm32f1xx_hal_rcc.o
 .debug_info    0x0000000000003d6f     0x16bb Drivers/stm32f1xx_ll_usb.o
 .debug_info    0x000000000000542a     0x2417 Drivers/usbd_core.o

.debug_abbrev   0x0000000000000000     0x108c
 .debug_abbrev  0x0000000000000000      0x2b5 Core/Src/main.o
 .debug_abbrev  0x00000000000002b5       0x12 Core/Startup/startup_stm32f103c8tx.o
 .debug_abbrev  0x00000000000002c7      0x1c1 Drivers/stm32f1xx_hal.o
 .debug_abbrev  0x0000000000000488      0x2b5 Drivers/stm32f1xx_hal_pcd.o
 .debug_abbrev  0x000000000000073d      0x2e8 Drivers/stm32f1xx_hal_rcc.o
 .debug_abbrev  0x0000000000000a25      0x25c Drivers/stm32f1xx_ll_usb.o
 .debug_abbrev  0x0000000000000c81      0x40b Drivers/usbd_core.o

.debug_aranges  0x0000000000000000      0x4c8
 .debug_aranges
                0x0000000000000000       0x50 Core/Src/main.o
 .debug_aranges
                0x0000000000000050       0x28 Core/Startup/startup_stm32f103c8tx.o
 .debug_aranges
                0x0000000000000078       0x40 Drivers/stm32f1xx_hal.o
 .debug_aranges
                0x00000000000000b8       0x80 Drivers/stm32f1xx_hal_pcd.o
 .debug_aranges
                0x0000000000000138       0x98 Drivers/stm32f1xx_hal_rcc.o
 .debug_aranges
                0x00000000000001d0       0xa0 Drivers/stm32f1xx_ll_usb.o
 .debug_aranges
                0x0000000000000270      0x258 Drivers/usbd_core.o

.debug_ranges   0x0000000000000000      0x460
 .debug_ranges  0x0000000000000000       0x40 Core/Src/main.o
 .debug_ranges  0x0000000000000040       0x20 Core/Startup/startup_stm32f103c8tx.o
 .debug_ranges  0x0000000000000060       0x30 Drivers/stm32f1xx_hal.o
 .debug_ranges  0x0000000000000090       0x70 Drivers/stm32f1xx_hal_pcd.o
 .debug_ranges  0x0000000000000100       0x88 Drivers/stm32f1xx_hal_rcc.o
 .debug_ranges  0x0000000000000188       0x90 Drivers/stm32f1xx_ll_usb.o
 .debug_ranges  0x0000000000000218      0x248 Drivers/usbd_core.o

.debug_macro    0x0000000000000000    0x11b43
 .debug_macro   0x0000000000000000      0x1c0 Core/Src/main.o
 .debug_macro   0x00000000000001c0      0xa9c Core/Src/main.o
 .debug_macro   0x0000000000000c5c       0x18 Core/Src/main.o
 .debug_macro   0x0000000000000c74       0x22 Core/Src/main.o
 .debug_macro   0x0000000000000c96       0x4c Core/Src/main.o
 .debug_macro   0x0000000000000ce2       0x94 Core/Src/main.o
 .debug_macro   0x0000000000000d76       0x3c Core/Src/main.o
 .debug_macro   0x0000000000000db2       0x34 Core/Src/main.o
 .debug_macro   0x0000000000000de6       0x16 Core/Src/main.o
 .debug_macro   0x0000000000000dfc      0x10e Core/Src/main.o
 .debug_macro   0x0000000000000f0a       0x8d Core/Src/main.o
 .debug_macro   0x0000000000000f97       0x16 Core/Src/main.o
 .debug_macro   0x0000000000000fad       0x43 Core/Src/main.o
 .debug_macro   0x0000000000000ff0       0x57 Core/Src/main.o
 .debug_macro   0x0000000000001047       0x34 Core/Src/main.o
 .debug_macro   0x000000000000107b       0x10 Core/Src/main.o
 .debug_macro   0x000000000000108b       0x58 Core/Src/main.o
 .debug_macro   0x00000000000010e3       0x71 Core/Src/main.o
 .debug_macro   0x0000000000001154       0x1c Core/Src/main.o
 .debug_macro   0x0000000000001170      0x12a Core/Src/main.o
 .debug_macro   0x000000000000129a      0x339 Core/Src/main.o
 .debug_macro   0x00000000000015d3       0x16 Core/Src/main.o
 .debug_macro   0x00000000000015e9       0x29 Core/Src/main.o
 .debug_macro   0x0000000000001612      0x1ba Core/Src/main.o
 .debug_macro   0x00000000000017cc       0x35 Core/Src/main.o
 .debug_macro   0x0000000000001801       0x22 Core/Src/main.o
 .debug_macro   0x0000000000001823      0x103 Core/Src/main.o
 .debug_macro   0x0000000000001926       0x6a Core/Src/main.o
 .debug_macro   0x0000000000001990      0x1df Core/Src/main.o
 .debug_macro   0x0000000000001b6f       0xcf Core/Src/main.o
 .debug_macro   0x0000000000001c3e      0xd3e Core/Src/main.o
 .debug_macro   0x000000000000297c     0xe089 Core/Src/main.o
 .debug_macro   0x0000000000010a05       0x43 Core/Src/main.o
 .debug_macro   0x0000000000010a48       0x82 Core/Src/main.o
 .debug_macro   0x0000000000010aca      0x22c Core/Src/main.o
 .debug_macro   0x0000000000010cf6       0x3b Core/Src/main.o
 .debug_macro   0x0000000000010d31       0x94 Core/Src/main.o
 .debug_macro   0x0000000000010dc5      0x12a Core/Src/main.o
 .debug_macro   0x0000000000010eef       0x2e Core/Src/main.o
 .debug_macro   0x0000000000010f1d      0x574 Core/Src/main.o
 .debug_macro   0x0000000000011491       0xdf Drivers/stm32f1xx_hal.o
 .debug_macro   0x0000000000011570       0x52 Drivers/stm32f1xx_hal.o
 .debug_macro   0x00000000000115c2       0x8e Drivers/stm32f1xx_hal.o
 .debug_macro   0x0000000000011650       0x51 Drivers/stm32f1xx_hal.o
 .debug_macro   0x00000000000116a1       0xd5 Drivers/stm32f1xx_hal.o
 .debug_macro   0x0000000000011776       0x34 Drivers/stm32f1xx_hal.o
 .debug_macro   0x00000000000117aa       0xe5 Drivers/stm32f1xx_hal_pcd.o
 .debug_macro   0x000000000001188f       0xd9 Drivers/stm32f1xx_hal_rcc.o
 .debug_macro   0x0000000000011968       0xd9 Drivers/stm32f1xx_ll_usb.o
 .debug_macro   0x0000000000011a41      0x102 Drivers/usbd_core.o

.debug_line     0x0000000000000000     0x48c3
 .debug_line    0x0000000000000000      0x760 Core/Src/main.o
 .debug_line    0x0000000000000760       0x86 Core/Startup/startup_stm32f103c8tx.o
 .debug_line    0x00000000000007e6      0x4fe Drivers/stm32f1xx_hal.o
 .debug_line    0x0000000000000ce4      0xe47 Drivers/stm32f1xx_hal_pcd.o
 .debug_line    0x0000000000001b2b      0xb5f Drivers/stm32f1xx_hal_rcc.o
 .debug_line    0x000000000000268a      0xc51 Drivers/stm32f1xx_ll_usb.o
 .debug_line    0x00000000000032db     0x15e8 Drivers/usbd_core.o

.debug_str      0x0000000000000000    0x5de35
 .debug_str     0x0000000000000000    0x5cce8 Core/Src/main.o
                                      0x5d0d2 (size before relaxing)
 .debug_str     0x000000000005cce8       0x36 Core/Startup/startup_stm32f103c8tx.o
                                         0x88 (size before relaxing)
 .debug_str     0x000000000005cd1e      0x377 Drivers/stm32f1xx_hal.o
                                      0x5838f (size before relaxing)
 .debug_str     0x000000000005d095      0x2b2 Drivers/stm32f1xx_hal_pcd.o
                                      0x585f2 (size before relaxing)
 .debug_str     0x000000000005d347      0x2bf Drivers/stm32f1xx_hal_rcc.o
                                      0x5881e (size before relaxing)
 .debug_str     0x000000000005d606      0x1b7 Drivers/stm32f1xx_ll_usb.o
                                      0x583ef (size before relaxing)
 .debug_str     0x000000000005d7bd      0x678 Drivers/usbd_core.o
                                      0x5a76c (size before relaxing)

.comment        0x0000000000000000       0x53
 .comment       0x0000000000000000       0x53 Core/Src/main.o
                                         0x54 (size before relaxing)
 .comment       0x0000000000000053       0x54 Drivers/stm32f1xx_hal.o
 .comment       0x0000000000000053       0x54 Drivers/stm32f1xx_hal_pcd.o
 .comment       0x0000000000000053       0x54 Drivers/stm32f1xx_hal_rcc.o
 .comment       0x0000000000000053       0x54 Drivers/stm32f1xx_ll_usb.o
 .comment       0x0000000000000053       0x54 Drivers/usbd_core.o

.debug_frame    0x0000000000000000     0x1384
 .debug_frame   0x0000000000000000       0xe0 Core/Src/main.o
 .debug_frame   0x00000000000000e0       0xb4 Drivers/stm32f1xx_hal.o
 .debug_frame   0x0000000000000194      0x1fc Drivers/stm32f1xx_hal_pcd.o
 .debug_frame   0x0000000000000390      0x264 Drivers/stm32f1xx_hal_rcc.o
 .debug_frame   0x00000000000005f4      0x2c0 Drivers/stm32f1xx_ll_usb.o
 .debug_frame   0x00000000000008b4      0xa84 Drivers/usbd_core.o
 .debug_frame   0x0000000000001338       0x2c c:/st/stm32cubeide_1.6.0/stm32cubeide/plugins/com.st.stm32cube.ide.mcu.externaltools.gnu-tools-for-stm32.9-2020-q2-update.win32_1.5.0.202011040924/tools/bin/../lib/gcc/arm-none-eabi/9.3.1/../../../../arm-none-eabi/lib/thumb/v7-m/nofp\libc_nano.a(lib_a-init.o)
 .debug_frame   0x0000000000001364       0x20 c:/st/stm32cubeide_1.6.0/stm32cubeide/plugins/com.st.stm32cube.ide.mcu.externaltools.gnu-tools-for-stm32.9-2020-q2-update.win32_1.5.0.202011040924/tools/bin/../lib/gcc/arm-none-eabi/9.3.1/../../../../arm-none-eabi/lib/thumb/v7-m/nofp\libc_nano.a(lib_a-memset.o)
