Archive member included to satisfy reference by file (symbol)

c:/st/stm32cubeide_1.6.0/stm32cubeide/plugins/com.st.stm32cube.ide.mcu.externaltools.gnu-tools-for-stm32.9-2020-q2-update.win32_1.5.0.202011040924/tools/bin/../lib/gcc/arm-none-eabi/9.3.1/../../../../arm-none-eabi/lib/thumb/v7-m/nofp\libc_nano.a(lib_a-errno.o)
                              Core/Src/syscalls.o (__errno)
c:/st/stm32cubeide_1.6.0/stm32cubeide/plugins/com.st.stm32cube.ide.mcu.externaltools.gnu-tools-for-stm32.9-2020-q2-update.win32_1.5.0.202011040924/tools/bin/../lib/gcc/arm-none-eabi/9.3.1/../../../../arm-none-eabi/lib/thumb/v7-m/nofp\libc_nano.a(lib_a-exit.o)
                              c:/st/stm32cubeide_1.6.0/stm32cubeide/plugins/com.st.stm32cube.ide.mcu.externaltools.gnu-tools-for-stm32.9-2020-q2-update.win32_1.5.0.202011040924/tools/bin/../lib/gcc/arm-none-eabi/9.3.1/../../../../arm-none-eabi/lib/thumb/v7-m/nofp/crt0.o (exit)
c:/st/stm32cubeide_1.6.0/stm32cubeide/plugins/com.st.stm32cube.ide.mcu.externaltools.gnu-tools-for-stm32.9-2020-q2-update.win32_1.5.0.202011040924/tools/bin/../lib/gcc/arm-none-eabi/9.3.1/../../../../arm-none-eabi/lib/thumb/v7-m/nofp\libc_nano.a(lib_a-impure.o)
                              c:/st/stm32cubeide_1.6.0/stm32cubeide/plugins/com.st.stm32cube.ide.mcu.externaltools.gnu-tools-for-stm32.9-2020-q2-update.win32_1.5.0.202011040924/tools/bin/../lib/gcc/arm-none-eabi/9.3.1/../../../../arm-none-eabi/lib/thumb/v7-m/nofp\libc_nano.a(lib_a-exit.o) (_global_impure_ptr)
c:/st/stm32cubeide_1.6.0/stm32cubeide/plugins/com.st.stm32cube.ide.mcu.externaltools.gnu-tools-for-stm32.9-2020-q2-update.win32_1.5.0.202011040924/tools/bin/../lib/gcc/arm-none-eabi/9.3.1/../../../../arm-none-eabi/lib/thumb/v7-m/nofp\libc_nano.a(lib_a-init.o)
                              c:/st/stm32cubeide_1.6.0/stm32cubeide/plugins/com.st.stm32cube.ide.mcu.externaltools.gnu-tools-for-stm32.9-2020-q2-update.win32_1.5.0.202011040924/tools/bin/../lib/gcc/arm-none-eabi/9.3.1/../../../../arm-none-eabi/lib/thumb/v7-m/nofp/crt0.o (__libc_init_array)
c:/st/stm32cubeide_1.6.0/stm32cubeide/plugins/com.st.stm32cube.ide.mcu.externaltools.gnu-tools-for-stm32.9-2020-q2-update.win32_1.5.0.202011040924/tools/bin/../lib/gcc/arm-none-eabi/9.3.1/../../../../arm-none-eabi/lib/thumb/v7-m/nofp\libc_nano.a(lib_a-memset.o)
                              c:/st/stm32cubeide_1.6.0/stm32cubeide/plugins/com.st.stm32cube.ide.mcu.externaltools.gnu-tools-for-stm32.9-2020-q2-update.win32_1.5.0.202011040924/tools/bin/../lib/gcc/arm-none-eabi/9.3.1/../../../../arm-none-eabi/lib/thumb/v7-m/nofp/crt0.o (memset)

Allocating common symbols
Common symbol       size              file

hUsbDeviceFS        0x2c4             USB_DEVICE/usb_device.o
uwTick              0x4               Drivers/stm32f1xx_hal.o
pFlash              0x20              Drivers/stm32f1xx_hal_flash.o
hpcd_USB_FS         0x2f0             USB_DEVICE/usbd_conf.o
USBD_StrDesc        0x200             USB_DEVICE/usbd_desc.o

Discarded input sections

 .text          0x0000000000000000        0x0 c:/st/stm32cubeide_1.6.0/stm32cubeide/plugins/com.st.stm32cube.ide.mcu.externaltools.gnu-tools-for-stm32.9-2020-q2-update.win32_1.5.0.202011040924/tools/bin/../lib/gcc/arm-none-eabi/9.3.1/thumb/v7-m/nofp/crti.o
 .data          0x0000000000000000        0x0 c:/st/stm32cubeide_1.6.0/stm32cubeide/plugins/com.st.stm32cube.ide.mcu.externaltools.gnu-tools-for-stm32.9-2020-q2-update.win32_1.5.0.202011040924/tools/bin/../lib/gcc/arm-none-eabi/9.3.1/thumb/v7-m/nofp/crti.o
 .bss           0x0000000000000000        0x0 c:/st/stm32cubeide_1.6.0/stm32cubeide/plugins/com.st.stm32cube.ide.mcu.externaltools.gnu-tools-for-stm32.9-2020-q2-update.win32_1.5.0.202011040924/tools/bin/../lib/gcc/arm-none-eabi/9.3.1/thumb/v7-m/nofp/crti.o
 .data          0x0000000000000000        0x4 c:/st/stm32cubeide_1.6.0/stm32cubeide/plugins/com.st.stm32cube.ide.mcu.externaltools.gnu-tools-for-stm32.9-2020-q2-update.win32_1.5.0.202011040924/tools/bin/../lib/gcc/arm-none-eabi/9.3.1/thumb/v7-m/nofp/crtbegin.o
 .text          0x0000000000000000       0x7c c:/st/stm32cubeide_1.6.0/stm32cubeide/plugins/com.st.stm32cube.ide.mcu.externaltools.gnu-tools-for-stm32.9-2020-q2-update.win32_1.5.0.202011040924/tools/bin/../lib/gcc/arm-none-eabi/9.3.1/../../../../arm-none-eabi/lib/thumb/v7-m/nofp/crt0.o
 .data          0x0000000000000000        0x0 c:/st/stm32cubeide_1.6.0/stm32cubeide/plugins/com.st.stm32cube.ide.mcu.externaltools.gnu-tools-for-stm32.9-2020-q2-update.win32_1.5.0.202011040924/tools/bin/../lib/gcc/arm-none-eabi/9.3.1/../../../../arm-none-eabi/lib/thumb/v7-m/nofp/crt0.o
 .bss           0x0000000000000000        0x0 c:/st/stm32cubeide_1.6.0/stm32cubeide/plugins/com.st.stm32cube.ide.mcu.externaltools.gnu-tools-for-stm32.9-2020-q2-update.win32_1.5.0.202011040924/tools/bin/../lib/gcc/arm-none-eabi/9.3.1/../../../../arm-none-eabi/lib/thumb/v7-m/nofp/crt0.o
[...]
Memory Configuration

Name             Origin             Length             Attributes
RAM              0x0000000020000000 0x0000000000005000 xrw
FLASH            0x0000000008000000 0x0000000000010000 xr
*default*        0x0000000000000000 0xffffffffffffffff

Linker script and memory map

LOAD c:/st/stm32cubeide_1.6.0/stm32cubeide/plugins/com.st.stm32cube.ide.mcu.externaltools.gnu-tools-for-stm32.9-2020-q2-update.win32_1.5.0.202011040924/tools/bin/../lib/gcc/arm-none-eabi/9.3.1/thumb/v7-m/nofp/crti.o
LOAD c:/st/stm32cubeide_1.6.0/stm32cubeide/plugins/com.st.stm32cube.ide.mcu.externaltools.gnu-tools-for-stm32.9-2020-q2-update.win32_1.5.0.202011040924/tools/bin/../lib/gcc/arm-none-eabi/9.3.1/thumb/v7-m/nofp/crtbegin.o
LOAD c:/st/stm32cubeide_1.6.0/stm32cubeide/plugins/com.st.stm32cube.ide.mcu.externaltools.gnu-tools-for-stm32.9-2020-q2-update.win32_1.5.0.202011040924/tools/bin/../lib/gcc/arm-none-eabi/9.3.1/../../../../arm-none-eabi/lib/thumb/v7-m/nofp/crt0.o
LOAD Core/Src/main.o
LOAD Core/Src/stm32f1xx_hal_msp.o
LOAD Core/Src/stm32f1xx_it.o
LOAD Core/Src/syscalls.o
LOAD Core/Src/sysmem.o
LOAD Core/Src/system_stm32f1xx.o
LOAD Core/Startup/startup_stm32f103c8tx.o
LOAD Drivers/stm32f1xx_hal.o
LOAD Drivers/stm32f1xx_hal_cortex.o
LOAD Drivers/stm32f1xx_hal_dma.o
LOAD Drivers/stm32f1xx_hal_exti.o
LOAD Drivers/stm32f1xx_hal_flash.o
LOAD Drivers/stm32f1xx_hal_gpio.o
LOAD Drivers/stm32f1xx_hal_pcd.o
LOAD Drivers/stm32f1xx_hal_pcd_ex.o
LOAD Drivers/stm32f1xx_hal_pwr.o
LOAD Drivers/stm32f1xx_hal_rcc.o
LOAD Drivers/stm32f1xx_hal_rcc_ex.o
LOAD Drivers/stm32f1xx_hal_tim.o
LOAD Drivers/stm32f1xx_ll_usb.o
LOAD Middlewares/usbd_core.o
LOAD Middlewares/usbd_ctlreq.o
LOAD Middlewares/usbd_hid.o
LOAD Middlewares/usbd_ioreq.o
LOAD USB_DEVICE/usb_device.o
LOAD USB_DEVICE/usbd_conf.o
LOAD USB_DEVICE/usbd_desc.o
START GROUP
LOAD c:/st/stm32cubeide_1.6.0/stm32cubeide/plugins/com.st.stm32cube.ide.mcu.externaltools.gnu-tools-for-stm32.9-2020-q2-update.win32_1.5.0.202011040924/tools/bin/../lib/gcc/arm-none-eabi/9.3.1/../../../../arm-none-eabi/lib/thumb/v7-m/nofp\libc_nano.a
LOAD c:/st/stm32cubeide_1.6.0/stm32cubeide/plugins/com.st.stm32cube.ide.mcu.externaltools.gnu-tools-for-stm32.9-2020-q2-update.win32_1.5.0.202011040924/tools/bin/../lib/gcc/arm-none-eabi/9.3.1/../../../../arm-none-eabi/lib/thumb/v7-m/nofp\libm.a
END GROUP
START GROUP
LOAD c:/st/stm32cubeide_1.6.0/stm32cubeide/plugins/com.st.stm32cube.ide.mcu.externaltools.gnu-tools-for-stm32.9-2020-q2-update.win32_1.5.0.202011040924/tools/bin/../lib/gcc/arm-none-eabi/9.3.1/thumb/v7-m/nofp\libgcc.a
LOAD c:/st/stm32cubeide_1.6.0/stm32cubeide/plugins/com.st.stm32cube.ide.mcu.externaltools.gnu-tools-for-stm32.9-2020-q2-update.win32_1.5.0.202011040924/tools/bin/../lib/gcc/arm-none-eabi/9.3.1/../../../../arm-none-eabi/lib/thumb/v7-m/nofp\libc_nano.a
END GROUP
START GROUP
LOAD c:/st/stm32cubeide_1.6.0/stm32cubeide/plugins/com.st.stm32cube.ide.mcu.externaltools.gnu-tools-for-stm32.9-2020-q2-update.win32_1.5.0.202011040924/tools/bin/../lib/gcc/arm-none-eabi/9.3.1/thumb/v7-m/nofp\libgcc.a
LOAD c:/st/stm32cubeide_1.6.0/stm32cubeide/plugins/com.st.stm32cube.ide.mcu.externaltools.gnu-tools-for-stm32.9-2020-q2-update.win32_1.5.0.202011040924/tools/bin/../lib/gcc/arm-none-eabi/9.3.1/../../../../arm-none-eabi/lib/thumb/v7-m/nofp\libc_nano.a
LOAD c:/st/stm32cubeide_1.6.0/stm32cubeide/plugins/com.st.stm32cube.ide.mcu.externaltools.gnu-tools-for-stm32.9-2020-q2-update.win32_1.5.0.202011040924/tools/bin/../lib/gcc/arm-none-eabi/9.3.1/../../../../arm-none-eabi/lib/thumb/v7-m/nofp\libnosys.a
END GROUP
START GROUP
LOAD c:/st/stm32cubeide_1.6.0/stm32cubeide/plugins/com.st.stm32cube.ide.mcu.externaltools.gnu-tools-for-stm32.9-2020-q2-update.win32_1.5.0.202011040924/tools/bin/../lib/gcc/arm-none-eabi/9.3.1/thumb/v7-m/nofp\libgcc.a
LOAD c:/st/stm32cubeide_1.6.0/stm32cubeide/plugins/com.st.stm32cube.ide.mcu.externaltools.gnu-tools-for-stm32.9-2020-q2-update.win32_1.5.0.202011040924/tools/bin/../lib/gcc/arm-none-eabi/9.3.1/../../../../arm-none-eabi/lib/thumb/v7-m/nofp\libc_nano.a
LOAD c:/st/stm32cubeide_1.6.0/stm32cubeide/plugins/com.st.stm32cube.ide.mcu.externaltools.gnu-tools-for-stm32.9-2020-q2-update.win32_1.5.0.202011040924/tools/bin/../lib/gcc/arm-none-eabi/9.3.1/../../../../arm-none-eabi/lib/thumb/v7-m/nofp\libnosys.a
END GROUP
LOAD c:/st/stm32cubeide_1.6.0/stm32cubeide/plugins/com.st.stm32cube.ide.mcu.externaltools.gnu-tools-for-stm32.9-2020-q2-update.win32_1.5.0.202011040924/tools/bin/../lib/gcc/arm-none-eabi/9.3.1/thumb/v7-m/nofp/crtend.o
LOAD c:/st/stm32cubeide_1.6.0/stm32cubeide/plugins/com.st.stm32cube.ide.mcu.externaltools.gnu-tools-for-stm32.9-2020-q2-update.win32_1.5.0.202011040924/tools/bin/../lib/gcc/arm-none-eabi/9.3.1/thumb/v7-m/nofp/crtn.o
                0x0000000020005000                _estack = (ORIGIN (RAM) + LENGTH (RAM))
                0x0000000000000200                _Min_Heap_Size = 0x200
                0x0000000000000400                _Min_Stack_Size = 0x400

.isr_vector     0x0000000008000000      0x10c
                0x0000000008000000                . = ALIGN (0x4)
 *(.isr_vector)
 .isr_vector    0x0000000008000000      0x10c Core/Startup/startup_stm32f103c8tx.o
                0x0000000008000000                g_pfnVectors
                0x000000000800010c                . = ALIGN (0x4)

.text           0x000000000800010c     0x687c
                0x000000000800010c                . = ALIGN (0x4)
 *(.text)
 .text          0x000000000800010c       0x40 c:/st/stm32cubeide_1.6.0/stm32cubeide/plugins/com.st.stm32cube.ide.mcu.externaltools.gnu-tools-for-stm32.9-2020-q2-update.win32_1.5.0.202011040924/tools/bin/../lib/gcc/arm-none-eabi/9.3.1/thumb/v7-m/nofp/crtbegin.o
 *(.text*)
 .text.main     0x000000000800014c       0xa4 Core/Src/main.o
                0x000000000800014c                main
 .text.SystemClock_Config
                0x00000000080001f0       0xb4 Core/Src/main.o
                0x00000000080001f0                SystemClock_Config
 .text.Error_Handler
                0x00000000080002a4        0xa Core/Src/main.o
                0x00000000080002a4                Error_Handler
 *fill*         0x00000000080002ae        0x2 
 .text.HAL_MspInit
                0x00000000080002b0       0x64 Core/Src/stm32f1xx_hal_msp.o
                0x00000000080002b0                HAL_MspInit
 .text.NMI_Handler
                0x0000000008000314        0x6 Core/Src/stm32f1xx_it.o
                0x0000000008000314                NMI_Handler
 .text.HardFault_Handler
                0x000000000800031a        0x6 Core/Src/stm32f1xx_it.o
                0x000000000800031a                HardFault_Handler
 .text.MemManage_Handler
                0x0000000008000320        0x6 Core/Src/stm32f1xx_it.o
                0x0000000008000320                MemManage_Handler
 .text.BusFault_Handler
                0x0000000008000326        0x6 Core/Src/stm32f1xx_it.o
                0x0000000008000326                BusFault_Handler
 .text.UsageFault_Handler
                0x000000000800032c        0x6 Core/Src/stm32f1xx_it.o
                0x000000000800032c                UsageFault_Handler
 .text.SVC_Handler
                0x0000000008000332        0xc Core/Src/stm32f1xx_it.o
                0x0000000008000332                SVC_Handler
 .text.DebugMon_Handler
                0x000000000800033e        0xc Core/Src/stm32f1xx_it.o
                0x000000000800033e                DebugMon_Handler
 .text.PendSV_Handler
                0x000000000800034a        0xc Core/Src/stm32f1xx_it.o
                0x000000000800034a                PendSV_Handler
 .text.SysTick_Handler
                0x0000000008000356        0xc Core/Src/stm32f1xx_it.o
                0x0000000008000356                SysTick_Handler
 *fill*         0x0000000008000362        0x2 
 .text.USB_LP_CAN1_RX0_IRQHandler
                0x0000000008000364       0x14 Core/Src/stm32f1xx_it.o
                0x0000000008000364                USB_LP_CAN1_RX0_IRQHandler
 .text.SystemInit
                0x0000000008000378        0xc Core/Src/system_stm32f1xx.o
                0x0000000008000378                SystemInit
 .text.Reset_Handler
                0x0000000008000384       0x48 Core/Startup/startup_stm32f103c8tx.o
                0x0000000008000384                Reset_Handler
 .text.Default_Handler
                0x00000000080003cc        0x2 Core/Startup/startup_stm32f103c8tx.o
                0x00000000080003cc                RTC_Alarm_IRQHandler
                0x00000000080003cc                EXTI2_IRQHandler
                0x00000000080003cc                TIM1_CC_IRQHandler
                0x00000000080003cc                PVD_IRQHandler
                0x00000000080003cc                EXTI3_IRQHandler
                0x00000000080003cc                EXTI0_IRQHandler
                0x00000000080003cc                I2C2_EV_IRQHandler
                0x00000000080003cc                ADC1_2_IRQHandler
                0x00000000080003cc                SPI1_IRQHandler
                0x00000000080003cc                TAMPER_IRQHandler
                0x00000000080003cc                DMA1_Channel4_IRQHandler
                0x00000000080003cc                USART3_IRQHandler
                0x00000000080003cc                RTC_IRQHandler
                0x00000000080003cc                DMA1_Channel7_IRQHandler
                0x00000000080003cc                CAN1_RX1_IRQHandler
                0x00000000080003cc                TIM4_IRQHandler
                0x00000000080003cc                I2C1_EV_IRQHandler
                0x00000000080003cc                DMA1_Channel6_IRQHandler
                0x00000000080003cc                TIM3_IRQHandler
                0x00000000080003cc                RCC_IRQHandler
                0x00000000080003cc                TIM1_TRG_COM_IRQHandler
                0x00000000080003cc                DMA1_Channel1_IRQHandler
                0x00000000080003cc                Default_Handler
                0x00000000080003cc                EXTI15_10_IRQHandler
                0x00000000080003cc                EXTI9_5_IRQHandler
                0x00000000080003cc                SPI2_IRQHandler
                0x00000000080003cc                DMA1_Channel5_IRQHandler
                0x00000000080003cc                EXTI4_IRQHandler
                0x00000000080003cc                USB_HP_CAN1_TX_IRQHandler
                0x00000000080003cc                DMA1_Channel3_IRQHandler
                0x00000000080003cc                TIM1_UP_IRQHandler
                0x00000000080003cc                WWDG_IRQHandler
                0x00000000080003cc                TIM2_IRQHandler
                0x00000000080003cc                TIM1_BRK_IRQHandler
                0x00000000080003cc                EXTI1_IRQHandler
                0x00000000080003cc                USART2_IRQHandler
                0x00000000080003cc                I2C2_ER_IRQHandler
                0x00000000080003cc                DMA1_Channel2_IRQHandler
                0x00000000080003cc                CAN1_SCE_IRQHandler
                0x00000000080003cc                FLASH_IRQHandler
                0x00000000080003cc                USART1_IRQHandler
                0x00000000080003cc                I2C1_ER_IRQHandler
                0x00000000080003cc                USBWakeUp_IRQHandler
 *fill*         0x00000000080003ce        0x2 
 .text.HAL_Init
                0x00000000080003d0       0x2c Drivers/stm32f1xx_hal.o
                0x00000000080003d0                HAL_Init
 .text.HAL_InitTick
                0x00000000080003fc       0x60 Drivers/stm32f1xx_hal.o
                0x00000000080003fc                HAL_InitTick
 .text.HAL_IncTick
                0x000000000800045c       0x24 Drivers/stm32f1xx_hal.o
                0x000000000800045c                HAL_IncTick
 .text.HAL_GetTick
                0x0000000008000480       0x14 Drivers/stm32f1xx_hal.o
                0x0000000008000480                HAL_GetTick
 .text.HAL_Delay
                0x0000000008000494       0x48 Drivers/stm32f1xx_hal.o
                0x0000000008000494                HAL_Delay
 .text.__NVIC_SetPriorityGrouping
                0x00000000080004dc       0x48 Drivers/stm32f1xx_hal_cortex.o
 .text.__NVIC_GetPriorityGrouping
                0x0000000008000524       0x1c Drivers/stm32f1xx_hal_cortex.o
 .text.__NVIC_EnableIRQ
                0x0000000008000540       0x38 Drivers/stm32f1xx_hal_cortex.o
 .text.__NVIC_SetPriority
                0x0000000008000578       0x54 Drivers/stm32f1xx_hal_cortex.o
 .text.NVIC_EncodePriority
                0x00000000080005cc       0x64 Drivers/stm32f1xx_hal_cortex.o
 .text.SysTick_Config
                0x0000000008000630       0x44 Drivers/stm32f1xx_hal_cortex.o
 .text.HAL_NVIC_SetPriorityGrouping
                0x0000000008000674       0x16 Drivers/stm32f1xx_hal_cortex.o
                0x0000000008000674                HAL_NVIC_SetPriorityGrouping
 .text.HAL_NVIC_SetPriority
                0x000000000800068a       0x38 Drivers/stm32f1xx_hal_cortex.o
                0x000000000800068a                HAL_NVIC_SetPriority
 .text.HAL_NVIC_EnableIRQ
                0x00000000080006c2       0x1c Drivers/stm32f1xx_hal_cortex.o
                0x00000000080006c2                HAL_NVIC_EnableIRQ
 .text.HAL_SYSTICK_Config
                0x00000000080006de       0x18 Drivers/stm32f1xx_hal_cortex.o
                0x00000000080006de                HAL_SYSTICK_Config
 .text.HAL_PCD_Init
                0x00000000080006f6      0x1fe Drivers/stm32f1xx_hal_pcd.o
                0x00000000080006f6                HAL_PCD_Init
 .text.HAL_PCD_Start
                0x00000000080008f4       0x4c Drivers/stm32f1xx_hal_pcd.o
                0x00000000080008f4                HAL_PCD_Start
 .text.HAL_PCD_IRQHandler
                0x0000000008000940      0x264 Drivers/stm32f1xx_hal_pcd.o
                0x0000000008000940                HAL_PCD_IRQHandler
 .text.HAL_PCD_SetAddress
                0x0000000008000ba4       0x4a Drivers/stm32f1xx_hal_pcd.o
                0x0000000008000ba4                HAL_PCD_SetAddress
 .text.HAL_PCD_EP_Open
                0x0000000008000bee       0xba Drivers/stm32f1xx_hal_pcd.o
                0x0000000008000bee                HAL_PCD_EP_Open
 .text.HAL_PCD_EP_Close
                0x0000000008000ca8       0x90 Drivers/stm32f1xx_hal_pcd.o
                0x0000000008000ca8                HAL_PCD_EP_Close
 .text.HAL_PCD_EP_Receive
                0x0000000008000d38       0x62 Drivers/stm32f1xx_hal_pcd.o
                0x0000000008000d38                HAL_PCD_EP_Receive
 .text.HAL_PCD_EP_Transmit
                0x0000000008000d9a       0x6e Drivers/stm32f1xx_hal_pcd.o
                0x0000000008000d9a                HAL_PCD_EP_Transmit
 .text.HAL_PCD_EP_SetStall
                0x0000000008000e08       0xc0 Drivers/stm32f1xx_hal_pcd.o
                0x0000000008000e08                HAL_PCD_EP_SetStall
 .text.HAL_PCD_EP_ClrStall
                0x0000000008000ec8       0xa8 Drivers/stm32f1xx_hal_pcd.o
                0x0000000008000ec8                HAL_PCD_EP_ClrStall
 .text.PCD_EP_ISR_Handler
                0x0000000008000f70      0x7a6 Drivers/stm32f1xx_hal_pcd.o
 .text.HAL_PCD_EP_DB_Receive
                0x0000000008001716      0x21a Drivers/stm32f1xx_hal_pcd.o
 .text.HAL_PCD_EP_DB_Transmit
                0x0000000008001930      0x7f4 Drivers/stm32f1xx_hal_pcd.o
 .text.HAL_PCDEx_PMAConfig
                0x0000000008002124       0x84 Drivers/stm32f1xx_hal_pcd_ex.o
                0x0000000008002124                HAL_PCDEx_PMAConfig
 .text.HAL_RCC_OscConfig
                0x00000000080021a8      0x500 Drivers/stm32f1xx_hal_rcc.o
                0x00000000080021a8                HAL_RCC_OscConfig
 .text.HAL_RCC_ClockConfig
                0x00000000080026a8      0x1d4 Drivers/stm32f1xx_hal_rcc.o
                0x00000000080026a8                HAL_RCC_ClockConfig
 .text.HAL_RCC_GetSysClockFreq
                0x000000000800287c       0xa8 Drivers/stm32f1xx_hal_rcc.o
                0x000000000800287c                HAL_RCC_GetSysClockFreq
 .text.RCC_Delay
                0x0000000008002924       0x3c Drivers/stm32f1xx_hal_rcc.o
 .text.HAL_RCCEx_PeriphCLKConfig
                0x0000000008002960      0x16c Drivers/stm32f1xx_hal_rcc_ex.o
                0x0000000008002960                HAL_RCCEx_PeriphCLKConfig
 .text.USB_CoreInit
                0x0000000008002acc       0x20 Drivers/stm32f1xx_ll_usb.o
                0x0000000008002acc                USB_CoreInit
 .text.USB_EnableGlobalInt
                0x0000000008002aec       0x2c Drivers/stm32f1xx_ll_usb.o
                0x0000000008002aec                USB_EnableGlobalInt
 .text.USB_DisableGlobalInt
                0x0000000008002b18       0x34 Drivers/stm32f1xx_ll_usb.o
                0x0000000008002b18                USB_DisableGlobalInt
 .text.USB_SetCurrentMode
                0x0000000008002b4c       0x18 Drivers/stm32f1xx_ll_usb.o
                0x0000000008002b4c                USB_SetCurrentMode
 .text.USB_DevInit
                0x0000000008002b64       0x40 Drivers/stm32f1xx_ll_usb.o
                0x0000000008002b64                USB_DevInit
 .text.USB_ActivateEndpoint
                0x0000000008002ba4      0x780 Drivers/stm32f1xx_ll_usb.o
                0x0000000008002ba4                USB_ActivateEndpoint
 .text.USB_DeactivateEndpoint
                0x0000000008003324      0x3d8 Drivers/stm32f1xx_ll_usb.o
                0x0000000008003324                USB_DeactivateEndpoint
 .text.USB_EPStartXfer
                0x00000000080036fc     0x1298 Drivers/stm32f1xx_ll_usb.o
                0x00000000080036fc                USB_EPStartXfer
 .text.USB_EPSetStall
                0x0000000008004994       0xa0 Drivers/stm32f1xx_ll_usb.o
                0x0000000008004994                USB_EPSetStall
 .text.USB_EPClearStall
                0x0000000008004a34      0x15a Drivers/stm32f1xx_ll_usb.o
                0x0000000008004a34                USB_EPClearStall
 .text.USB_SetDevAddress
                0x0000000008004b8e       0x26 Drivers/stm32f1xx_ll_usb.o
                0x0000000008004b8e                USB_SetDevAddress
 .text.USB_DevConnect
                0x0000000008004bb4       0x14 Drivers/stm32f1xx_ll_usb.o
                0x0000000008004bb4                USB_DevConnect
 .text.USB_DevDisconnect
                0x0000000008004bc8       0x14 Drivers/stm32f1xx_ll_usb.o
                0x0000000008004bc8                USB_DevDisconnect
 .text.USB_ReadInterrupts
                0x0000000008004bdc       0x1e Drivers/stm32f1xx_ll_usb.o
                0x0000000008004bdc                USB_ReadInterrupts
 .text.USB_EP0_OutStart
                0x0000000008004bfa       0x16 Drivers/stm32f1xx_ll_usb.o
                0x0000000008004bfa                USB_EP0_OutStart
 .text.USB_WritePMA
                0x0000000008004c10       0x8a Drivers/stm32f1xx_ll_usb.o
                0x0000000008004c10                USB_WritePMA
 .text.USB_ReadPMA
                0x0000000008004c9a       0x9e Drivers/stm32f1xx_ll_usb.o
                0x0000000008004c9a                USB_ReadPMA
 .text.USBD_Init
                0x0000000008004d38       0x56 Middlewares/usbd_core.o
                0x0000000008004d38                USBD_Init
 .text.USBD_RegisterClass
                0x0000000008004d8e       0x32 Middlewares/usbd_core.o
                0x0000000008004d8e                USBD_RegisterClass
 .text.USBD_Start
                0x0000000008004dc0       0x18 Middlewares/usbd_core.o
                0x0000000008004dc0                USBD_Start
 .text.USBD_RunTestMode
                0x0000000008004dd8       0x14 Middlewares/usbd_core.o
                0x0000000008004dd8                USBD_RunTestMode
 .text.USBD_SetClassConfig
                0x0000000008004dec       0x3e Middlewares/usbd_core.o
                0x0000000008004dec                USBD_SetClassConfig
 .text.USBD_ClrClassConfig
                0x0000000008004e2a       0x26 Middlewares/usbd_core.o
                0x0000000008004e2a                USBD_ClrClassConfig
 .text.USBD_LL_SetupStage
                0x0000000008004e50       0x9a Middlewares/usbd_core.o
                0x0000000008004e50                USBD_LL_SetupStage
 .text.USBD_LL_DataOutStage
                0x0000000008004eea       0xe2 Middlewares/usbd_core.o
                0x0000000008004eea                USBD_LL_DataOutStage
 .text.USBD_LL_DataInStage
                0x0000000008004fcc      0x14a Middlewares/usbd_core.o
                0x0000000008004fcc                USBD_LL_DataInStage
 .text.USBD_LL_Reset
                0x0000000008005116       0x82 Middlewares/usbd_core.o
                0x0000000008005116                USBD_LL_Reset
 .text.USBD_LL_SetSpeed
                0x0000000008005198       0x1e Middlewares/usbd_core.o
                0x0000000008005198                USBD_LL_SetSpeed
 .text.USBD_LL_Suspend
                0x00000000080051b6       0x28 Middlewares/usbd_core.o
                0x00000000080051b6                USBD_LL_Suspend
 .text.USBD_LL_Resume
                0x00000000080051de       0x2a Middlewares/usbd_core.o
                0x00000000080051de                USBD_LL_Resume
 .text.USBD_LL_SOF
                0x0000000008005208       0x34 Middlewares/usbd_core.o
                0x0000000008005208                USBD_LL_SOF
 .text.USBD_StdDevReq
                0x000000000800523c       0xd4 Middlewares/usbd_ctlreq.o
                0x000000000800523c                USBD_StdDevReq
 .text.USBD_StdItfReq
                0x0000000008005310       0x90 Middlewares/usbd_ctlreq.o
                0x0000000008005310                USBD_StdItfReq
 .text.USBD_StdEPReq
                0x00000000080053a0      0x2c6 Middlewares/usbd_ctlreq.o
                0x00000000080053a0                USBD_StdEPReq
 *fill*         0x0000000008005666        0x2 
 .text.USBD_GetDescriptor
                0x0000000008005668      0x2d0 Middlewares/usbd_ctlreq.o
 .text.USBD_SetAddress
                0x0000000008005938       0x86 Middlewares/usbd_ctlreq.o
 *fill*         0x00000000080059be        0x2 
 .text.USBD_SetConfig
                0x00000000080059c0      0x11c Middlewares/usbd_ctlreq.o
 .text.USBD_GetConfig
                0x0000000008005adc       0x6a Middlewares/usbd_ctlreq.o
 .text.USBD_GetStatus
                0x0000000008005b46       0x66 Middlewares/usbd_ctlreq.o
 .text.USBD_SetFeature
                0x0000000008005bac       0x28 Middlewares/usbd_ctlreq.o
 .text.USBD_ClrFeature
                0x0000000008005bd4       0x42 Middlewares/usbd_ctlreq.o
 .text.USBD_ParseSetupRequest
                0x0000000008005c16       0x78 Middlewares/usbd_ctlreq.o
                0x0000000008005c16                USBD_ParseSetupRequest
 .text.USBD_CtlError
                0x0000000008005c8e       0x22 Middlewares/usbd_ctlreq.o
                0x0000000008005c8e                USBD_CtlError
 .text.USBD_GetString
                0x0000000008005cb0       0x84 Middlewares/usbd_ctlreq.o
                0x0000000008005cb0                USBD_GetString
 .text.USBD_GetLen
                0x0000000008005d34       0x2e Middlewares/usbd_ctlreq.o
 .text.USBD_HID_Init
                0x0000000008005d62       0x4e Middlewares/usbd_hid.o
 .text.USBD_HID_DeInit
                0x0000000008005db0       0x42 Middlewares/usbd_hid.o
 *fill*         0x0000000008005df2        0x2 
 .text.USBD_HID_Setup
                0x0000000008005df4      0x1fc Middlewares/usbd_hid.o
 .text.USBD_HID_SendReport
                0x0000000008005ff0       0x44 Middlewares/usbd_hid.o
                0x0000000008005ff0                USBD_HID_SendReport
 .text.USBD_HID_GetFSCfgDesc
                0x0000000008006034       0x20 Middlewares/usbd_hid.o
 .text.USBD_HID_GetHSCfgDesc
                0x0000000008006054       0x20 Middlewares/usbd_hid.o
 .text.USBD_HID_GetOtherSpeedCfgDesc
                0x0000000008006074       0x20 Middlewares/usbd_hid.o
 .text.USBD_HID_DataIn
                0x0000000008006094       0x22 Middlewares/usbd_hid.o
 *fill*         0x00000000080060b6        0x2 
 .text.USBD_HID_GetDeviceQualifierDesc
                0x00000000080060b8       0x20 Middlewares/usbd_hid.o
 .text.USBD_CtlSendData
                0x00000000080060d8       0x38 Middlewares/usbd_ioreq.o
                0x00000000080060d8                USBD_CtlSendData
 .text.USBD_CtlContinueSendData
                0x0000000008006110       0x24 Middlewares/usbd_ioreq.o
                0x0000000008006110                USBD_CtlContinueSendData
 .text.USBD_CtlContinueRx
                0x0000000008006134       0x24 Middlewares/usbd_ioreq.o
                0x0000000008006134                USBD_CtlContinueRx
 .text.USBD_CtlSendStatus
                0x0000000008006158       0x26 Middlewares/usbd_ioreq.o
                0x0000000008006158                USBD_CtlSendStatus
 .text.USBD_CtlReceiveStatus
                0x000000000800617e       0x26 Middlewares/usbd_ioreq.o
                0x000000000800617e                USBD_CtlReceiveStatus
 .text.MX_USB_DEVICE_Init
                0x00000000080061a4       0x4c USB_DEVICE/usb_device.o
                0x00000000080061a4                MX_USB_DEVICE_Init
 .text.HAL_PCD_MspInit
                0x00000000080061f0       0x4c USB_DEVICE/usbd_conf.o
                0x00000000080061f0                HAL_PCD_MspInit
 .text.HAL_PCD_SetupStageCallback
                0x000000000800623c       0x24 USB_DEVICE/usbd_conf.o
                0x000000000800623c                HAL_PCD_SetupStageCallback
 .text.HAL_PCD_DataOutStageCallback
                0x0000000008006260       0x36 USB_DEVICE/usbd_conf.o
                0x0000000008006260                HAL_PCD_DataOutStageCallback
 .text.HAL_PCD_DataInStageCallback
                0x0000000008006296       0x34 USB_DEVICE/usbd_conf.o
                0x0000000008006296                HAL_PCD_DataInStageCallback
 .text.HAL_PCD_SOFCallback
                0x00000000080062ca       0x1c USB_DEVICE/usbd_conf.o
                0x00000000080062ca                HAL_PCD_SOFCallback
 .text.HAL_PCD_ResetCallback
                0x00000000080062e6       0x3c USB_DEVICE/usbd_conf.o
                0x00000000080062e6                HAL_PCD_ResetCallback
 *fill*         0x0000000008006322        0x2 
 .text.HAL_PCD_SuspendCallback
                0x0000000008006324       0x34 USB_DEVICE/usbd_conf.o
                0x0000000008006324                HAL_PCD_SuspendCallback
 .text.HAL_PCD_ResumeCallback
                0x0000000008006358       0x1c USB_DEVICE/usbd_conf.o
                0x0000000008006358                HAL_PCD_ResumeCallback
 .text.USBD_LL_Init
                0x0000000008006374       0x90 USB_DEVICE/usbd_conf.o
                0x0000000008006374                USBD_LL_Init
 .text.USBD_LL_Start
                0x0000000008006404       0x36 USB_DEVICE/usbd_conf.o
                0x0000000008006404                USBD_LL_Start
 .text.USBD_LL_OpenEP
                0x000000000800643a       0x4c USB_DEVICE/usbd_conf.o
                0x000000000800643a                USBD_LL_OpenEP
 .text.USBD_LL_CloseEP
                0x0000000008006486       0x3e USB_DEVICE/usbd_conf.o
                0x0000000008006486                USBD_LL_CloseEP
 .text.USBD_LL_StallEP
                0x00000000080064c4       0x3e USB_DEVICE/usbd_conf.o
                0x00000000080064c4                USBD_LL_StallEP
 .text.USBD_LL_ClearStallEP
                0x0000000008006502       0x3e USB_DEVICE/usbd_conf.o
                0x0000000008006502                USBD_LL_ClearStallEP
 .text.USBD_LL_IsStallEP
                0x0000000008006540       0x58 USB_DEVICE/usbd_conf.o
                0x0000000008006540                USBD_LL_IsStallEP
 .text.USBD_LL_SetUSBAddress
                0x0000000008006598       0x3e USB_DEVICE/usbd_conf.o
                0x0000000008006598                USBD_LL_SetUSBAddress
 .text.USBD_LL_Transmit
                0x00000000080065d6       0x46 USB_DEVICE/usbd_conf.o
                0x00000000080065d6                USBD_LL_Transmit
 .text.USBD_LL_PrepareReceive
                0x000000000800661c       0x46 USB_DEVICE/usbd_conf.o
                0x000000000800661c                USBD_LL_PrepareReceive
 *fill*         0x0000000008006662        0x2 
 .text.USBD_static_malloc
                0x0000000008006664       0x18 USB_DEVICE/usbd_conf.o
                0x0000000008006664                USBD_static_malloc
 .text.USBD_static_free
                0x000000000800667c       0x12 USB_DEVICE/usbd_conf.o
                0x000000000800667c                USBD_static_free
 .text.HAL_PCDEx_SetConnectionState
                0x000000000800668e       0x16 USB_DEVICE/usbd_conf.o
                0x000000000800668e                HAL_PCDEx_SetConnectionState
 .text.USBD_Get_USB_Status
                0x00000000080066a4       0x58 USB_DEVICE/usbd_conf.o
 .text.USBD_FS_DeviceDescriptor
                0x00000000080066fc       0x24 USB_DEVICE/usbd_desc.o
                0x00000000080066fc                USBD_FS_DeviceDescriptor
 .text.USBD_FS_LangIDStrDescriptor
                0x0000000008006720       0x24 USB_DEVICE/usbd_desc.o
                0x0000000008006720                USBD_FS_LangIDStrDescriptor
 .text.USBD_FS_ProductStrDescriptor
                0x0000000008006744       0x3c USB_DEVICE/usbd_desc.o
                0x0000000008006744                USBD_FS_ProductStrDescriptor
 .text.USBD_FS_ManufacturerStrDescriptor
                0x0000000008006780       0x28 USB_DEVICE/usbd_desc.o
                0x0000000008006780                USBD_FS_ManufacturerStrDescriptor
 .text.USBD_FS_SerialStrDescriptor
                0x00000000080067a8       0x24 USB_DEVICE/usbd_desc.o
                0x00000000080067a8                USBD_FS_SerialStrDescriptor
 .text.USBD_FS_ConfigStrDescriptor
                0x00000000080067cc       0x3c USB_DEVICE/usbd_desc.o
                0x00000000080067cc                USBD_FS_ConfigStrDescriptor
 .text.USBD_FS_InterfaceStrDescriptor
                0x0000000008006808       0x3c USB_DEVICE/usbd_desc.o
                0x0000000008006808                USBD_FS_InterfaceStrDescriptor
 .text.Get_SerialNum
                0x0000000008006844       0x58 USB_DEVICE/usbd_desc.o
 .text.IntToUnicode
                0x000000000800689c       0x7c USB_DEVICE/usbd_desc.o
 .text.__libc_init_array
                0x0000000008006918       0x48 c:/st/stm32cubeide_1.6.0/stm32cubeide/plugins/com.st.stm32cube.ide.mcu.externaltools.gnu-tools-for-stm32.9-2020-q2-update.win32_1.5.0.202011040924/tools/bin/../lib/gcc/arm-none-eabi/9.3.1/../../../../arm-none-eabi/lib/thumb/v7-m/nofp\libc_nano.a(lib_a-init.o)
                0x0000000008006918                __libc_init_array
 .text.memset   0x0000000008006960       0x10 c:/st/stm32cubeide_1.6.0/stm32cubeide/plugins/com.st.stm32cube.ide.mcu.externaltools.gnu-tools-for-stm32.9-2020-q2-update.win32_1.5.0.202011040924/tools/bin/../lib/gcc/arm-none-eabi/9.3.1/../../../../arm-none-eabi/lib/thumb/v7-m/nofp\libc_nano.a(lib_a-memset.o)
                0x0000000008006960                memset
 *(.glue_7)
 .glue_7        0x0000000008006970        0x0 linker stubs
 *(.glue_7t)
 .glue_7t       0x0000000008006970        0x0 linker stubs
 *(.eh_frame)
 .eh_frame      0x0000000008006970        0x0 c:/st/stm32cubeide_1.6.0/stm32cubeide/plugins/com.st.stm32cube.ide.mcu.externaltools.gnu-tools-for-stm32.9-2020-q2-update.win32_1.5.0.202011040924/tools/bin/../lib/gcc/arm-none-eabi/9.3.1/thumb/v7-m/nofp/crtbegin.o
 *(.init)
 .init          0x0000000008006970        0x4 c:/st/stm32cubeide_1.6.0/stm32cubeide/plugins/com.st.stm32cube.ide.mcu.externaltools.gnu-tools-for-stm32.9-2020-q2-update.win32_1.5.0.202011040924/tools/bin/../lib/gcc/arm-none-eabi/9.3.1/thumb/v7-m/nofp/crti.o
                0x0000000008006970                _init
 .init          0x0000000008006974        0x8 c:/st/stm32cubeide_1.6.0/stm32cubeide/plugins/com.st.stm32cube.ide.mcu.externaltools.gnu-tools-for-stm32.9-2020-q2-update.win32_1.5.0.202011040924/tools/bin/../lib/gcc/arm-none-eabi/9.3.1/thumb/v7-m/nofp/crtn.o
 *(.fini)
 .fini          0x000000000800697c        0x4 c:/st/stm32cubeide_1.6.0/stm32cubeide/plugins/com.st.stm32cube.ide.mcu.externaltools.gnu-tools-for-stm32.9-2020-q2-update.win32_1.5.0.202011040924/tools/bin/../lib/gcc/arm-none-eabi/9.3.1/thumb/v7-m/nofp/crti.o
                0x000000000800697c                _fini
 .fini          0x0000000008006980        0x8 c:/st/stm32cubeide_1.6.0/stm32cubeide/plugins/com.st.stm32cube.ide.mcu.externaltools.gnu-tools-for-stm32.9-2020-q2-update.win32_1.5.0.202011040924/tools/bin/../lib/gcc/arm-none-eabi/9.3.1/thumb/v7-m/nofp/crtn.o
                0x0000000008006988                . = ALIGN (0x4)
                0x0000000008006988                _etext = .

.vfp11_veneer   0x0000000008006988        0x0
 .vfp11_veneer  0x0000000008006988        0x0 linker stubs

.v4_bx          0x0000000008006988        0x0
 .v4_bx         0x0000000008006988        0x0 linker stubs

.iplt           0x0000000008006988        0x0
 .iplt          0x0000000008006988        0x0 c:/st/stm32cubeide_1.6.0/stm32cubeide/plugins/com.st.stm32cube.ide.mcu.externaltools.gnu-tools-for-stm32.9-2020-q2-update.win32_1.5.0.202011040924/tools/bin/../lib/gcc/arm-none-eabi/9.3.1/thumb/v7-m/nofp/crtbegin.o

.rodata         0x0000000008006988       0x6c
                0x0000000008006988                . = ALIGN (0x4)
 *(.rodata)
 .rodata        0x0000000008006988       0x46 USB_DEVICE/usbd_desc.o
 *(.rodata*)
 *fill*         0x00000000080069ce        0x2 
 .rodata.AHBPrescTable
                0x00000000080069d0       0x10 Core/Src/system_stm32f1xx.o
                0x00000000080069d0                AHBPrescTable
 .rodata.aPLLMULFactorTable.5818
                0x00000000080069e0       0x10 Drivers/stm32f1xx_hal_rcc.o
 .rodata.aPredivFactorTable.5819
                0x00000000080069f0        0x2 Drivers/stm32f1xx_hal_rcc.o
                0x00000000080069f4                . = ALIGN (0x4)
 *fill*         0x00000000080069f2        0x2 

.rel.dyn        0x00000000080069f4        0x0
 .rel.iplt      0x00000000080069f4        0x0 c:/st/stm32cubeide_1.6.0/stm32cubeide/plugins/com.st.stm32cube.ide.mcu.externaltools.gnu-tools-for-stm32.9-2020-q2-update.win32_1.5.0.202011040924/tools/bin/../lib/gcc/arm-none-eabi/9.3.1/thumb/v7-m/nofp/crtbegin.o

.ARM.extab      0x00000000080069f4        0x0
                0x00000000080069f4                . = ALIGN (0x4)
 *(.ARM.extab* .gnu.linkonce.armextab.*)
                0x00000000080069f4                . = ALIGN (0x4)

.ARM            0x00000000080069f4        0x0
                0x00000000080069f4                . = ALIGN (0x4)
                0x00000000080069f4                __exidx_start = .
 *(.ARM.exidx*)
                0x00000000080069f4                __exidx_end = .
                0x00000000080069f4                . = ALIGN (0x4)

.preinit_array  0x00000000080069f4        0x0
                0x00000000080069f4                . = ALIGN (0x4)
                0x00000000080069f4                PROVIDE (__preinit_array_start = .)
 *(.preinit_array*)
                0x00000000080069f4                PROVIDE (__preinit_array_end = .)
                0x00000000080069f4                . = ALIGN (0x4)

.init_array     0x00000000080069f4        0x4
                0x00000000080069f4                . = ALIGN (0x4)
                0x00000000080069f4                PROVIDE (__init_array_start = .)
 *(SORT_BY_NAME(.init_array.*))
 *(.init_array*)
 .init_array    0x00000000080069f4        0x4 c:/st/stm32cubeide_1.6.0/stm32cubeide/plugins/com.st.stm32cube.ide.mcu.externaltools.gnu-tools-for-stm32.9-2020-q2-update.win32_1.5.0.202011040924/tools/bin/../lib/gcc/arm-none-eabi/9.3.1/thumb/v7-m/nofp/crtbegin.o
                0x00000000080069f8                PROVIDE (__init_array_end = .)
                0x00000000080069f8                . = ALIGN (0x4)

.fini_array     0x00000000080069f8        0x4
                0x00000000080069f8                . = ALIGN (0x4)
                [!provide]                        PROVIDE (__fini_array_start = .)
 *(SORT_BY_NAME(.fini_array.*))
 *(.fini_array*)
 .fini_array    0x00000000080069f8        0x4 c:/st/stm32cubeide_1.6.0/stm32cubeide/plugins/com.st.stm32cube.ide.mcu.externaltools.gnu-tools-for-stm32.9-2020-q2-update.win32_1.5.0.202011040924/tools/bin/../lib/gcc/arm-none-eabi/9.3.1/thumb/v7-m/nofp/crtbegin.o
                [!provide]                        PROVIDE (__fini_array_end = .)
                0x00000000080069fc                . = ALIGN (0x4)
                0x00000000080069fc                _sidata = LOADADDR (.data)

.data           0x0000000020000000      0x158 load address 0x00000000080069fc
                0x0000000020000000                . = ALIGN (0x4)
                0x0000000020000000                _sdata = .
 *(.data)
 *(.data*)
 .data.SystemCoreClock
                0x0000000020000000        0x4 Core/Src/system_stm32f1xx.o
                0x0000000020000000                SystemCoreClock
 .data.uwTickPrio
                0x0000000020000004        0x4 Drivers/stm32f1xx_hal.o
                0x0000000020000004                uwTickPrio
 .data.uwTickFreq
                0x0000000020000008        0x1 Drivers/stm32f1xx_hal.o
                0x0000000020000008                uwTickFreq
 *fill*         0x0000000020000009        0x3 
 .data.USBD_HID
                0x000000002000000c       0x38 Middlewares/usbd_hid.o
                0x000000002000000c                USBD_HID
 .data.USBD_HID_CfgFSDesc
                0x0000000020000044       0x22 Middlewares/usbd_hid.o
 *fill*         0x0000000020000066        0x2 
 .data.USBD_HID_CfgHSDesc
                0x0000000020000068       0x22 Middlewares/usbd_hid.o
 *fill*         0x000000002000008a        0x2 
 .data.USBD_HID_OtherSpeedCfgDesc
                0x000000002000008c       0x22 Middlewares/usbd_hid.o
 *fill*         0x00000000200000ae        0x2 
 .data.USBD_HID_Desc
                0x00000000200000b0        0x9 Middlewares/usbd_hid.o
 *fill*         0x00000000200000b9        0x3 
 .data.USBD_HID_DeviceQualifierDesc
                0x00000000200000bc        0xa Middlewares/usbd_hid.o
 *fill*         0x00000000200000c6        0x2 
 .data.HID_MOUSE_ReportDesc
                0x00000000200000c8       0x3f Middlewares/usbd_hid.o
 *fill*         0x0000000020000107        0x1 
 .data.FS_Desc  0x0000000020000108       0x1c USB_DEVICE/usbd_desc.o
                0x0000000020000108                FS_Desc
 .data.USBD_FS_DeviceDesc
                0x0000000020000124       0x12 USB_DEVICE/usbd_desc.o
                0x0000000020000124                USBD_FS_DeviceDesc
 *fill*         0x0000000020000136        0x2 
 .data.USBD_LangIDDesc
                0x0000000020000138        0x4 USB_DEVICE/usbd_desc.o
                0x0000000020000138                USBD_LangIDDesc
 .data.USBD_StringSerial
                0x000000002000013c       0x1a USB_DEVICE/usbd_desc.o
                0x000000002000013c                USBD_StringSerial
 *(.RamFunc)
 *(.RamFunc*)
                0x0000000020000158                . = ALIGN (0x4)
 *fill*         0x0000000020000156        0x2 
                0x0000000020000158                _edata = .

.igot.plt       0x0000000020000158        0x0 load address 0x0000000008006b54
 .igot.plt      0x0000000020000158        0x0 c:/st/stm32cubeide_1.6.0/stm32cubeide/plugins/com.st.stm32cube.ide.mcu.externaltools.gnu-tools-for-stm32.9-2020-q2-update.win32_1.5.0.202011040924/tools/bin/../lib/gcc/arm-none-eabi/9.3.1/thumb/v7-m/nofp/crtbegin.o
                0x0000000020000158                . = ALIGN (0x4)

.bss            0x0000000020000158      0x7f4 load address 0x0000000008006b54
                0x0000000020000158                _sbss = .
                0x0000000020000158                __bss_start__ = _sbss
 *(.bss)
 .bss           0x0000000020000158       0x1c c:/st/stm32cubeide_1.6.0/stm32cubeide/plugins/com.st.stm32cube.ide.mcu.externaltools.gnu-tools-for-stm32.9-2020-q2-update.win32_1.5.0.202011040924/tools/bin/../lib/gcc/arm-none-eabi/9.3.1/thumb/v7-m/nofp/crtbegin.o
 *(.bss*)
 .bss.keyboardhid
                0x0000000020000174        0x8 Core/Src/main.o
                0x0000000020000174                keyboardhid
 .bss.cfgidx.7770
                0x000000002000017c        0x1 Middlewares/usbd_ctlreq.o
 *fill*         0x000000002000017d        0x3 
 .bss.mem.7797  0x0000000020000180       0x14 USB_DEVICE/usbd_conf.o
 *(COMMON)
 COMMON         0x0000000020000194        0x4 Drivers/stm32f1xx_hal.o
                0x0000000020000194                uwTick
 COMMON         0x0000000020000198      0x2c4 USB_DEVICE/usb_device.o
                0x0000000020000198                hUsbDeviceFS
 COMMON         0x000000002000045c      0x2f0 USB_DEVICE/usbd_conf.o
                0x000000002000045c                hpcd_USB_FS
 COMMON         0x000000002000074c      0x200 USB_DEVICE/usbd_desc.o
                0x000000002000074c                USBD_StrDesc
                0x000000002000094c                . = ALIGN (0x4)
                0x000000002000094c                _ebss = .
                0x000000002000094c                __bss_end__ = _ebss

._user_heap_stack
                0x000000002000094c      0x604 load address 0x0000000008006b54
                0x0000000020000950                . = ALIGN (0x8)
 *fill*         0x000000002000094c        0x4 
                [!provide]                        PROVIDE (end = .)
                0x0000000020000950                PROVIDE (_end = .)
                0x0000000020000b50                . = (. + _Min_Heap_Size)
 *fill*         0x0000000020000950      0x200 
                0x0000000020000f50                . = (. + _Min_Stack_Size)
 *fill*         0x0000000020000b50      0x400 
                0x0000000020000f50                . = ALIGN (0x8)

/DISCARD/
 libc.a(*)
 libm.a(*)
 libgcc.a(*)

.ARM.attributes
                0x0000000000000000       0x29
 *(.ARM.attributes)
 .ARM.attributes
                0x0000000000000000       0x1d c:/st/stm32cubeide_1.6.0/stm32cubeide/plugins/com.st.stm32cube.ide.mcu.externaltools.gnu-tools-for-stm32.9-2020-q2-update.win32_1.5.0.202011040924/tools/bin/../lib/gcc/arm-none-eabi/9.3.1/thumb/v7-m/nofp/crti.o
 .ARM.attributes
                0x000000000000001d       0x2d c:/st/stm32cubeide_1.6.0/stm32cubeide/plugins/com.st.stm32cube.ide.mcu.externaltools.gnu-tools-for-stm32.9-2020-q2-update.win32_1.5.0.202011040924/tools/bin/../lib/gcc/arm-none-eabi/9.3.1/thumb/v7-m/nofp/crtbegin.o
 .ARM.attributes
                0x000000000000004a       0x2d Core/Src/main.o
 .ARM.attributes
                0x0000000000000077       0x2d Core/Src/stm32f1xx_hal_msp.o
 .ARM.attributes
                0x00000000000000a4       0x2d Core/Src/stm32f1xx_it.o
 .ARM.attributes
                0x00000000000000d1       0x2d Core/Src/system_stm32f1xx.o
 .ARM.attributes
                0x00000000000000fe       0x21 Core/Startup/startup_stm32f103c8tx.o
 .ARM.attributes
                0x000000000000011f       0x2d Drivers/stm32f1xx_hal.o
 .ARM.attributes
                0x000000000000014c       0x2d Drivers/stm32f1xx_hal_cortex.o
 .ARM.attributes
                0x0000000000000179       0x2d Drivers/stm32f1xx_hal_pcd.o
 .ARM.attributes
                0x00000000000001a6       0x2d Drivers/stm32f1xx_hal_pcd_ex.o
 .ARM.attributes
                0x00000000000001d3       0x2d Drivers/stm32f1xx_hal_rcc.o
 .ARM.attributes
                0x0000000000000200       0x2d Drivers/stm32f1xx_hal_rcc_ex.o
 .ARM.attributes
                0x000000000000022d       0x2d Drivers/stm32f1xx_ll_usb.o
 .ARM.attributes
                0x000000000000025a       0x2d Middlewares/usbd_core.o
 .ARM.attributes
                0x0000000000000287       0x2d Middlewares/usbd_ctlreq.o
 .ARM.attributes
                0x00000000000002b4       0x2d Middlewares/usbd_hid.o
 .ARM.attributes
                0x00000000000002e1       0x2d Middlewares/usbd_ioreq.o
 .ARM.attributes
                0x000000000000030e       0x2d USB_DEVICE/usb_device.o
 .ARM.attributes
                0x000000000000033b       0x2d USB_DEVICE/usbd_conf.o
 .ARM.attributes
                0x0000000000000368       0x2d USB_DEVICE/usbd_desc.o
 .ARM.attributes
                0x0000000000000395       0x2d c:/st/stm32cubeide_1.6.0/stm32cubeide/plugins/com.st.stm32cube.ide.mcu.externaltools.gnu-tools-for-stm32.9-2020-q2-update.win32_1.5.0.202011040924/tools/bin/../lib/gcc/arm-none-eabi/9.3.1/../../../../arm-none-eabi/lib/thumb/v7-m/nofp\libc_nano.a(lib_a-init.o)
 .ARM.attributes
                0x00000000000003c2       0x2d c:/st/stm32cubeide_1.6.0/stm32cubeide/plugins/com.st.stm32cube.ide.mcu.externaltools.gnu-tools-for-stm32.9-2020-q2-update.win32_1.5.0.202011040924/tools/bin/../lib/gcc/arm-none-eabi/9.3.1/../../../../arm-none-eabi/lib/thumb/v7-m/nofp\libc_nano.a(lib_a-memset.o)
 .ARM.attributes
                0x00000000000003ef       0x1d c:/st/stm32cubeide_1.6.0/stm32cubeide/plugins/com.st.stm32cube.ide.mcu.externaltools.gnu-tools-for-stm32.9-2020-q2-update.win32_1.5.0.202011040924/tools/bin/../lib/gcc/arm-none-eabi/9.3.1/thumb/v7-m/nofp/crtn.o
OUTPUT(usb_test.elf elf32-littlearm)
LOAD linker stubs
LOAD c:/st/stm32cubeide_1.6.0/stm32cubeide/plugins/com.st.stm32cube.ide.mcu.externaltools.gnu-tools-for-stm32.9-2020-q2-update.win32_1.5.0.202011040924/tools/bin/../lib/gcc/arm-none-eabi/9.3.1/../../../../arm-none-eabi/lib/thumb/v7-m/nofp\libc.a
LOAD c:/st/stm32cubeide_1.6.0/stm32cubeide/plugins/com.st.stm32cube.ide.mcu.externaltools.gnu-tools-for-stm32.9-2020-q2-update.win32_1.5.0.202011040924/tools/bin/../lib/gcc/arm-none-eabi/9.3.1/../../../../arm-none-eabi/lib/thumb/v7-m/nofp\libm.a
LOAD c:/st/stm32cubeide_1.6.0/stm32cubeide/plugins/com.st.stm32cube.ide.mcu.externaltools.gnu-tools-for-stm32.9-2020-q2-update.win32_1.5.0.202011040924/tools/bin/../lib/gcc/arm-none-eabi/9.3.1/thumb/v7-m/nofp\libgcc.a

.debug_info     0x0000000000000000     0xfe64
 .debug_info    0x0000000000000000     0x115e Core/Src/main.o
 .debug_info    0x000000000000115e      0x2fc Core/Src/stm32f1xx_hal_msp.o
 .debug_info    0x000000000000145a      0x705 Core/Src/stm32f1xx_it.o
 .debug_info    0x0000000000001b5f      0x2bf Core/Src/system_stm32f1xx.o
 .debug_info    0x0000000000001e1e       0x22 Core/Startup/startup_stm32f103c8tx.o
 .debug_info    0x0000000000001e40      0x765 Drivers/stm32f1xx_hal.o
 .debug_info    0x00000000000025a5      0xbdc Drivers/stm32f1xx_hal_cortex.o
 .debug_info    0x0000000000003181     0x165d Drivers/stm32f1xx_hal_pcd.o
 .debug_info    0x00000000000047de      0x7ee Drivers/stm32f1xx_hal_pcd_ex.o
 .debug_info    0x0000000000004fcc      0x894 Drivers/stm32f1xx_hal_rcc.o
 .debug_info    0x0000000000005860      0x483 Drivers/stm32f1xx_hal_rcc_ex.o
 .debug_info    0x0000000000005ce3     0x19b1 Drivers/stm32f1xx_ll_usb.o
 .debug_info    0x0000000000007694     0x1310 Middlewares/usbd_core.o
 .debug_info    0x00000000000089a4     0x127d Middlewares/usbd_ctlreq.o
 .debug_info    0x0000000000009c21     0x126c Middlewares/usbd_hid.o
 .debug_info    0x000000000000ae8d     0x104f Middlewares/usbd_ioreq.o
 .debug_info    0x000000000000bedc      0xec4 USB_DEVICE/usb_device.o
 .debug_info    0x000000000000cda0     0x1f80 USB_DEVICE/usbd_conf.o
 .debug_info    0x000000000000ed20     0x1144 USB_DEVICE/usbd_desc.o

.debug_abbrev   0x0000000000000000     0x28ff
 .debug_abbrev  0x0000000000000000      0x275 Core/Src/main.o
 .debug_abbrev  0x0000000000000275      0x11d Core/Src/stm32f1xx_hal_msp.o
 .debug_abbrev  0x0000000000000392      0x173 Core/Src/stm32f1xx_it.o
 .debug_abbrev  0x0000000000000505      0x161 Core/Src/system_stm32f1xx.o
 .debug_abbrev  0x0000000000000666       0x12 Core/Startup/startup_stm32f103c8tx.o
 .debug_abbrev  0x0000000000000678      0x21e Drivers/stm32f1xx_hal.o
 .debug_abbrev  0x0000000000000896      0x313 Drivers/stm32f1xx_hal_cortex.o
 .debug_abbrev  0x0000000000000ba9      0x29e Drivers/stm32f1xx_hal_pcd.o
 .debug_abbrev  0x0000000000000e47      0x1ac Drivers/stm32f1xx_hal_pcd_ex.o
 .debug_abbrev  0x0000000000000ff3      0x286 Drivers/stm32f1xx_hal_rcc.o
 .debug_abbrev  0x0000000000001279      0x1c6 Drivers/stm32f1xx_hal_rcc_ex.o
 .debug_abbrev  0x000000000000143f      0x1fa Drivers/stm32f1xx_ll_usb.o
 .debug_abbrev  0x0000000000001639      0x2b9 Middlewares/usbd_core.o
 .debug_abbrev  0x00000000000018f2      0x2ef Middlewares/usbd_ctlreq.o
 .debug_abbrev  0x0000000000001be1      0x2ea Middlewares/usbd_hid.o
 .debug_abbrev  0x0000000000001ecb      0x21b Middlewares/usbd_ioreq.o
 .debug_abbrev  0x00000000000020e6      0x1ec USB_DEVICE/usb_device.o
 .debug_abbrev  0x00000000000022d2      0x341 USB_DEVICE/usbd_conf.o
 .debug_abbrev  0x0000000000002613      0x2ec USB_DEVICE/usbd_desc.o

.debug_aranges  0x0000000000000000      0x9a8
 .debug_aranges
                0x0000000000000000       0x30 Core/Src/main.o
 .debug_aranges
                0x0000000000000030       0x20 Core/Src/stm32f1xx_hal_msp.o
 .debug_aranges
                0x0000000000000050       0x68 Core/Src/stm32f1xx_it.o
 .debug_aranges
                0x00000000000000b8       0x28 Core/Src/system_stm32f1xx.o
 .debug_aranges
                0x00000000000000e0       0x28 Core/Startup/startup_stm32f103c8tx.o
 .debug_aranges
                0x0000000000000108       0xe0 Drivers/stm32f1xx_hal.o
 .debug_aranges
                0x00000000000001e8      0x100 Drivers/stm32f1xx_hal_cortex.o
 .debug_aranges
                0x00000000000002e8      0x140 Drivers/stm32f1xx_hal_pcd.o
 .debug_aranges
                0x0000000000000428       0x38 Drivers/stm32f1xx_hal_pcd_ex.o
 .debug_aranges
                0x0000000000000460       0x90 Drivers/stm32f1xx_hal_rcc.o
 .debug_aranges
                0x00000000000004f0       0x30 Drivers/stm32f1xx_hal_rcc_ex.o
 .debug_aranges
                0x0000000000000520       0xf8 Drivers/stm32f1xx_ll_usb.o
 .debug_aranges
                0x0000000000000618       0xb8 Middlewares/usbd_core.o
 .debug_aranges
                0x00000000000006d0       0x88 Middlewares/usbd_ctlreq.o
 .debug_aranges
                0x0000000000000758       0x68 Middlewares/usbd_hid.o
 .debug_aranges
                0x00000000000007c0       0x50 Middlewares/usbd_ioreq.o
 .debug_aranges
                0x0000000000000810       0x20 USB_DEVICE/usb_device.o
 .debug_aranges
                0x0000000000000830      0x118 USB_DEVICE/usbd_conf.o
 .debug_aranges
                0x0000000000000948       0x60 USB_DEVICE/usbd_desc.o

.debug_ranges   0x0000000000000000      0x880
 .debug_ranges  0x0000000000000000       0x20 Core/Src/main.o
 .debug_ranges  0x0000000000000020       0x10 Core/Src/stm32f1xx_hal_msp.o
 .debug_ranges  0x0000000000000030       0x58 Core/Src/stm32f1xx_it.o
 .debug_ranges  0x0000000000000088       0x18 Core/Src/system_stm32f1xx.o
 .debug_ranges  0x00000000000000a0       0x20 Core/Startup/startup_stm32f103c8tx.o
 .debug_ranges  0x00000000000000c0       0xd0 Drivers/stm32f1xx_hal.o
 .debug_ranges  0x0000000000000190       0xf0 Drivers/stm32f1xx_hal_cortex.o
 .debug_ranges  0x0000000000000280      0x130 Drivers/stm32f1xx_hal_pcd.o
 .debug_ranges  0x00000000000003b0       0x28 Drivers/stm32f1xx_hal_pcd_ex.o
 .debug_ranges  0x00000000000003d8       0x80 Drivers/stm32f1xx_hal_rcc.o
 .debug_ranges  0x0000000000000458       0x20 Drivers/stm32f1xx_hal_rcc_ex.o
 .debug_ranges  0x0000000000000478       0xe8 Drivers/stm32f1xx_ll_usb.o
 .debug_ranges  0x0000000000000560       0xa8 Middlewares/usbd_core.o
 .debug_ranges  0x0000000000000608       0x78 Middlewares/usbd_ctlreq.o
 .debug_ranges  0x0000000000000680       0x58 Middlewares/usbd_hid.o
 .debug_ranges  0x00000000000006d8       0x40 Middlewares/usbd_ioreq.o
 .debug_ranges  0x0000000000000718       0x10 USB_DEVICE/usb_device.o
 .debug_ranges  0x0000000000000728      0x108 USB_DEVICE/usbd_conf.o
 .debug_ranges  0x0000000000000830       0x50 USB_DEVICE/usbd_desc.o

.debug_macro    0x0000000000000000    0x24199
 .debug_macro   0x0000000000000000      0x378 Core/Src/main.o
 .debug_macro   0x0000000000000378      0xa9c Core/Src/main.o
 .debug_macro   0x0000000000000e14      0x1d6 Core/Src/main.o
 .debug_macro   0x0000000000000fea       0x35 Core/Src/main.o
 .debug_macro   0x000000000000101f       0x22 Core/Src/main.o
 .debug_macro   0x0000000000001041       0x22 Core/Src/main.o
 .debug_macro   0x0000000000001063       0x8e Core/Src/main.o
 .debug_macro   0x00000000000010f1       0x51 Core/Src/main.o
 .debug_macro   0x0000000000001142      0x103 Core/Src/main.o
 .debug_macro   0x0000000000001245       0x6a Core/Src/main.o
 .debug_macro   0x00000000000012af      0x1df Core/Src/main.o
 .debug_macro   0x000000000000148e       0x1c Core/Src/main.o
 .debug_macro   0x00000000000014aa       0x22 Core/Src/main.o
 .debug_macro   0x00000000000014cc       0xc3 Core/Src/main.o
 .debug_macro   0x000000000000158f      0xd23 Core/Src/main.o
 .debug_macro   0x00000000000022b2     0xe09e Core/Src/main.o
 .debug_macro   0x0000000000010350       0x6d Core/Src/main.o
 .debug_macro   0x00000000000103bd      0x174 Core/Src/main.o
 .debug_macro   0x0000000000010531       0x5c Core/Src/main.o
 .debug_macro   0x000000000001058d      0x58c Core/Src/main.o
 .debug_macro   0x0000000000010b19      0x278 Core/Src/main.o
 .debug_macro   0x0000000000010d91       0x7c Core/Src/main.o
 .debug_macro   0x0000000000010e0d      0x1cb Core/Src/main.o
 .debug_macro   0x0000000000010fd8      0x114 Core/Src/main.o
 .debug_macro   0x00000000000110ec      0x1b2 Core/Src/main.o
 .debug_macro   0x000000000001129e       0x27 Core/Src/main.o
 .debug_macro   0x00000000000112c5      0x136 Core/Src/main.o
 .debug_macro   0x00000000000113fb      0x1bc Core/Src/main.o
 .debug_macro   0x00000000000115b7       0x34 Core/Src/main.o
 .debug_macro   0x00000000000115eb       0x3c Core/Src/main.o
 .debug_macro   0x0000000000011627       0x57 Core/Src/main.o
 .debug_macro   0x000000000001167e       0x87 Core/Src/main.o
 .debug_macro   0x0000000000011705      0x240 Core/Src/main.o
 .debug_macro   0x0000000000011945      0x140 Core/Src/main.o
 .debug_macro   0x0000000000011a85       0xab Core/Src/main.o
 .debug_macro   0x0000000000011b30      0x242 Core/Src/main.o
 .debug_macro   0x0000000000011d72       0x90 Core/Src/main.o
 .debug_macro   0x0000000000011e02       0x52 Core/Src/main.o
 .debug_macro   0x0000000000011e54       0x18 Core/Src/main.o
 .debug_macro   0x0000000000011e6c       0x3c Core/Src/main.o
 .debug_macro   0x0000000000011ea8       0x34 Core/Src/main.o
 .debug_macro   0x0000000000011edc       0x16 Core/Src/main.o
 .debug_macro   0x0000000000011ef2       0x35 Core/Src/main.o
 .debug_macro   0x0000000000011f27      0x333 Core/Src/main.o
 .debug_macro   0x000000000001225a       0x10 Core/Src/main.o
 .debug_macro   0x000000000001226a       0x16 Core/Src/main.o
 .debug_macro   0x0000000000012280       0x43 Core/Src/main.o
 .debug_macro   0x00000000000122c3       0x34 Core/Src/main.o
 .debug_macro   0x00000000000122f7       0x10 Core/Src/main.o
 .debug_macro   0x0000000000012307       0x58 Core/Src/main.o
 .debug_macro   0x000000000001235f       0x71 Core/Src/main.o
 .debug_macro   0x00000000000123d0       0x1c Core/Src/main.o
 .debug_macro   0x00000000000123ec      0x12a Core/Src/main.o
 .debug_macro   0x0000000000012516       0x10 Core/Src/main.o
 .debug_macro   0x0000000000012526       0x1c Core/Src/main.o
 .debug_macro   0x0000000000012542       0x52 Core/Src/main.o
 .debug_macro   0x0000000000012594       0x22 Core/Src/main.o
 .debug_macro   0x00000000000125b6       0x10 Core/Src/main.o
 .debug_macro   0x00000000000125c6       0x40 Core/Src/main.o
 .debug_macro   0x0000000000012606       0xd5 Core/Src/main.o
 .debug_macro   0x00000000000126db       0x1c Core/Src/main.o
 .debug_macro   0x00000000000126f7       0x3d Core/Src/main.o
 .debug_macro   0x0000000000012734       0x16 Core/Src/main.o
 .debug_macro   0x000000000001274a      0x145 Core/Src/main.o
 .debug_macro   0x000000000001288f       0x16 Core/Src/main.o
 .debug_macro   0x00000000000128a5       0x16 Core/Src/main.o
 .debug_macro   0x00000000000128bb       0x29 Core/Src/main.o
 .debug_macro   0x00000000000128e4       0x16 Core/Src/main.o
 .debug_macro   0x00000000000128fa       0x20 Core/Src/main.o
 .debug_macro   0x000000000001291a      0x2bc Core/Src/main.o
 .debug_macro   0x0000000000012bd6      0x187 Core/Src/stm32f1xx_hal_msp.o
 .debug_macro   0x0000000000012d5d      0x1d6 Core/Src/stm32f1xx_hal_msp.o
 .debug_macro   0x0000000000012f33     0xe09e Core/Src/stm32f1xx_hal_msp.o
 .debug_macro   0x0000000000020fd1      0x5bc Core/Src/stm32f1xx_hal_msp.o
 .debug_macro   0x000000000002158d      0x289 Core/Src/stm32f1xx_hal_msp.o
 .debug_macro   0x0000000000021816      0x1cb Core/Src/stm32f1xx_hal_msp.o
 .debug_macro   0x00000000000219e1       0x90 Core/Src/stm32f1xx_hal_msp.o
 .debug_macro   0x0000000000021a71      0x191 Core/Src/stm32f1xx_it.o
 .debug_macro   0x0000000000021c02      0x187 Core/Src/system_stm32f1xx.o
 .debug_macro   0x0000000000021d89      0x1c0 Drivers/stm32f1xx_hal.o
 .debug_macro   0x0000000000021f49      0x19c Drivers/stm32f1xx_hal_cortex.o
 .debug_macro   0x00000000000220e5      0x1a8 Drivers/stm32f1xx_hal_pcd.o
 .debug_macro   0x000000000002228d      0x19c Drivers/stm32f1xx_hal_pcd_ex.o
 .debug_macro   0x0000000000022429      0x1ae Drivers/stm32f1xx_hal_rcc.o
 .debug_macro   0x00000000000225d7      0x19c Drivers/stm32f1xx_hal_rcc_ex.o
 .debug_macro   0x0000000000022773      0x19c Drivers/stm32f1xx_ll_usb.o
 .debug_macro   0x000000000002290f      0x36e Middlewares/usbd_core.o
 .debug_macro   0x0000000000022c7d      0x36e Middlewares/usbd_ctlreq.o
 .debug_macro   0x0000000000022feb      0x36e Middlewares/usbd_hid.o
 .debug_macro   0x0000000000023359      0x36e Middlewares/usbd_ioreq.o
 .debug_macro   0x00000000000236c7      0x377 USB_DEVICE/usb_device.o
 .debug_macro   0x0000000000023a3e       0x22 USB_DEVICE/usb_device.o
 .debug_macro   0x0000000000023a60      0x376 USB_DEVICE/usbd_conf.o
 .debug_macro   0x0000000000023dd6      0x3a7 USB_DEVICE/usbd_desc.o
 .debug_macro   0x000000000002417d       0x1c USB_DEVICE/usbd_desc.o

.debug_line     0x0000000000000000     0xb832
 .debug_line    0x0000000000000000      0x953 Core/Src/main.o
 .debug_line    0x0000000000000953      0x60d Core/Src/stm32f1xx_hal_msp.o
 .debug_line    0x0000000000000f60      0x6df Core/Src/stm32f1xx_it.o
 .debug_line    0x000000000000163f      0x681 Core/Src/system_stm32f1xx.o
 .debug_line    0x0000000000001cc0       0x86 Core/Startup/startup_stm32f103c8tx.o
 .debug_line    0x0000000000001d46      0x862 Drivers/stm32f1xx_hal.o
 .debug_line    0x00000000000025a8      0xa4a Drivers/stm32f1xx_hal_cortex.o
 .debug_line    0x0000000000002ff2     0x1293 Drivers/stm32f1xx_hal_pcd.o
 .debug_line    0x0000000000004285      0x630 Drivers/stm32f1xx_hal_pcd_ex.o
 .debug_line    0x00000000000048b5      0xc6e Drivers/stm32f1xx_hal_rcc.o
 .debug_line    0x0000000000005523      0x7a0 Drivers/stm32f1xx_hal_rcc_ex.o
 .debug_line    0x0000000000005cc3      0xef9 Drivers/stm32f1xx_ll_usb.o
 .debug_line    0x0000000000006bbc      0xc3c Middlewares/usbd_core.o
 .debug_line    0x00000000000077f8      0xe5b Middlewares/usbd_ctlreq.o
 .debug_line    0x0000000000008653      0xa29 Middlewares/usbd_hid.o
 .debug_line    0x000000000000907c      0x8ca Middlewares/usbd_ioreq.o
 .debug_line    0x0000000000009946      0x87b USB_DEVICE/usb_device.o
 .debug_line    0x000000000000a1c1      0xcbc USB_DEVICE/usbd_conf.o
 .debug_line    0x000000000000ae7d      0x9b5 USB_DEVICE/usbd_desc.o

.debug_str      0x0000000000000000    0x6cdc2
 .debug_str     0x0000000000000000    0x6a90d Core/Src/main.o
                                      0x6acec (size before relaxing)
 .debug_str     0x000000000006a90d      0x231 Core/Src/stm32f1xx_hal_msp.o
                                      0x65ae3 (size before relaxing)
 .debug_str     0x000000000006ab3e      0x3de Core/Src/stm32f1xx_it.o
                                      0x65e86 (size before relaxing)
 .debug_str     0x000000000006af1c       0x52 Core/Src/system_stm32f1xx.o
                                      0x65ada (size before relaxing)
 .debug_str     0x000000000006af6e       0x36 Core/Startup/startup_stm32f103c8tx.o
                                         0x88 (size before relaxing)
 .debug_str     0x000000000006afa4      0x60c Drivers/stm32f1xx_hal.o
                                      0x660aa (size before relaxing)
 .debug_str     0x000000000006b5b0      0x2db Drivers/stm32f1xx_hal_cortex.o
                                      0x660b2 (size before relaxing)
 .debug_str     0x000000000006b88b      0x450 Drivers/stm32f1xx_hal_pcd.o
                                      0x66197 (size before relaxing)
 .debug_str     0x000000000006bcdb      0x174 Drivers/stm32f1xx_hal_pcd_ex.o
                                      0x65eb9 (size before relaxing)
 .debug_str     0x000000000006be4f      0x277 Drivers/stm32f1xx_hal_rcc.o
                                      0x65e16 (size before relaxing)
 .debug_str     0x000000000006c0c6       0xa0 Drivers/stm32f1xx_hal_rcc_ex.o
                                      0x65ba3 (size before relaxing)
 .debug_str     0x000000000006c166      0x2b3 Drivers/stm32f1xx_ll_usb.o
                                      0x65f0b (size before relaxing)
 .debug_str     0x000000000006c419      0x1b8 Middlewares/usbd_core.o
                                      0x6ac5d (size before relaxing)
 .debug_str     0x000000000006c5d1      0x10f Middlewares/usbd_ctlreq.o
                                      0x6abe3 (size before relaxing)
 .debug_str     0x000000000006c6e0      0x1ec Middlewares/usbd_hid.o
                                      0x6accc (size before relaxing)
 .debug_str     0x000000000006c8cc       0xa4 Middlewares/usbd_ioreq.o
                                      0x6ab6b (size before relaxing)
 .debug_str     0x000000000006c970       0xb1 USB_DEVICE/usb_device.o
                                      0x6ab60 (size before relaxing)
 .debug_str     0x000000000006ca21      0x14d USB_DEVICE/usbd_conf.o
                                      0x6b4be (size before relaxing)
 .debug_str     0x000000000006cb6e      0x254 USB_DEVICE/usbd_desc.o
                                      0x6ad62 (size before relaxing)

.comment        0x0000000000000000       0x53
 .comment       0x0000000000000000       0x53 Core/Src/main.o
                                         0x54 (size before relaxing)
 .comment       0x0000000000000053       0x54 Core/Src/stm32f1xx_hal_msp.o
 .comment       0x0000000000000053       0x54 Core/Src/stm32f1xx_it.o
 .comment       0x0000000000000053       0x54 Core/Src/system_stm32f1xx.o
 .comment       0x0000000000000053       0x54 Drivers/stm32f1xx_hal.o
 .comment       0x0000000000000053       0x54 Drivers/stm32f1xx_hal_cortex.o
 .comment       0x0000000000000053       0x54 Drivers/stm32f1xx_hal_pcd.o
 .comment       0x0000000000000053       0x54 Drivers/stm32f1xx_hal_pcd_ex.o
 .comment       0x0000000000000053       0x54 Drivers/stm32f1xx_hal_rcc.o
 .comment       0x0000000000000053       0x54 Drivers/stm32f1xx_hal_rcc_ex.o
 .comment       0x0000000000000053       0x54 Drivers/stm32f1xx_ll_usb.o
 .comment       0x0000000000000053       0x54 Middlewares/usbd_core.o
 .comment       0x0000000000000053       0x54 Middlewares/usbd_ctlreq.o
 .comment       0x0000000000000053       0x54 Middlewares/usbd_hid.o
 .comment       0x0000000000000053       0x54 Middlewares/usbd_ioreq.o
 .comment       0x0000000000000053       0x54 USB_DEVICE/usb_device.o
 .comment       0x0000000000000053       0x54 USB_DEVICE/usbd_conf.o
 .comment       0x0000000000000053       0x54 USB_DEVICE/usbd_desc.o

.debug_frame    0x0000000000000000     0x2504
 .debug_frame   0x0000000000000000       0x6c Core/Src/main.o
 .debug_frame   0x000000000000006c       0x38 Core/Src/stm32f1xx_hal_msp.o
 .debug_frame   0x00000000000000a4      0x120 Core/Src/stm32f1xx_it.o
 .debug_frame   0x00000000000001c4       0x58 Core/Src/system_stm32f1xx.o
 .debug_frame   0x000000000000021c      0x334 Drivers/stm32f1xx_hal.o
 .debug_frame   0x0000000000000550      0x428 Drivers/stm32f1xx_hal_cortex.o
 .debug_frame   0x0000000000000978      0x59c Drivers/stm32f1xx_hal_pcd.o
 .debug_frame   0x0000000000000f14       0xb0 Drivers/stm32f1xx_hal_pcd_ex.o
 .debug_frame   0x0000000000000fc4      0x218 Drivers/stm32f1xx_hal_rcc.o
 .debug_frame   0x00000000000011dc       0x80 Drivers/stm32f1xx_hal_rcc_ex.o
 .debug_frame   0x000000000000125c      0x478 Drivers/stm32f1xx_ll_usb.o
 .debug_frame   0x00000000000016d4      0x300 Middlewares/usbd_core.o
 .debug_frame   0x00000000000019d4      0x218 Middlewares/usbd_ctlreq.o
 .debug_frame   0x0000000000001bec      0x190 Middlewares/usbd_hid.o
 .debug_frame   0x0000000000001d7c      0x10c Middlewares/usbd_ioreq.o
 .debug_frame   0x0000000000001e88       0x2c USB_DEVICE/usb_device.o
 .debug_frame   0x0000000000001eb4      0x4a4 USB_DEVICE/usbd_conf.o
 .debug_frame   0x0000000000002358      0x160 USB_DEVICE/usbd_desc.o
 .debug_frame   0x00000000000024b8       0x2c c:/st/stm32cubeide_1.6.0/stm32cubeide/plugins/com.st.stm32cube.ide.mcu.externaltools.gnu-tools-for-stm32.9-2020-q2-update.win32_1.5.0.202011040924/tools/bin/../lib/gcc/arm-none-eabi/9.3.1/../../../../arm-none-eabi/lib/thumb/v7-m/nofp\libc_nano.a(lib_a-init.o)
 .debug_frame   0x00000000000024e4       0x20 c:/st/stm32cubeide_1.6.0/stm32cubeide/plugins/com.st.stm32cube.ide.mcu.externaltools.gnu-tools-for-stm32.9-2020-q2-update.win32_1.5.0.202011040924/tools/bin/../lib/gcc/arm-none-eabi/9.3.1/../../../../arm-none-eabi/lib/thumb/v7-m/nofp\libc_nano.a(lib_a-memset.o)
