Archive member included to satisfy reference by file (symbol)

c:/st/stm32cubeide_1.6.0/stm32cubeide/plugins/com.st.stm32cube.ide.mcu.externaltools.gnu-tools-for-stm32.9-2020-q2-update.win32_1.5.0.202011040924/tools/bin/../lib/gcc/arm-none-eabi/9.3.1/../../../../arm-none-eabi/lib/thumb/v7-m/nofp\libc_nano.a(lib_a-errno.o)
                              Core/Src/sysmem.o (__errno)
c:/st/stm32cubeide_1.6.0/stm32cubeide/plugins/com.st.stm32cube.ide.mcu.externaltools.gnu-tools-for-stm32.9-2020-q2-update.win32_1.5.0.202011040924/tools/bin/../lib/gcc/arm-none-eabi/9.3.1/../../../../arm-none-eabi/lib/thumb/v7-m/nofp\libc_nano.a(lib_a-exit.o)
                              c:/st/stm32cubeide_1.6.0/stm32cubeide/plugins/com.st.stm32cube.ide.mcu.externaltools.gnu-tools-for-stm32.9-2020-q2-update.win32_1.5.0.202011040924/tools/bin/../lib/gcc/arm-none-eabi/9.3.1/../../../../arm-none-eabi/lib/thumb/v7-m/nofp/crt0.o (exit)
c:/st/stm32cubeide_1.6.0/stm32cubeide/plugins/com.st.stm32cube.ide.mcu.externaltools.gnu-tools-for-stm32.9-2020-q2-update.win32_1.5.0.202011040924/tools/bin/../lib/gcc/arm-none-eabi/9.3.1/../../../../arm-none-eabi/lib/thumb/v7-m/nofp\libc_nano.a(lib_a-impure.o)
                              c:/st/stm32cubeide_1.6.0/stm32cubeide/plugins/com.st.stm32cube.ide.mcu.externaltools.gnu-tools-for-stm32.9-2020-q2-update.win32_1.5.0.202011040924/tools/bin/../lib/gcc/arm-none-eabi/9.3.1/../../../../arm-none-eabi/lib/thumb/v7-m/nofp\libc_nano.a(lib_a-exit.o) (_global_impure_ptr)
c:/st/stm32cubeide_1.6.0/stm32cubeide/plugins/com.st.stm32cube.ide.mcu.externaltools.gnu-tools-for-stm32.9-2020-q2-update.win32_1.5.0.202011040924/tools/bin/../lib/gcc/arm-none-eabi/9.3.1/../../../../arm-none-eabi/lib/thumb/v7-m/nofp\libc_nano.a(lib_a-init.o)
                              c:/st/stm32cubeide_1.6.0/stm32cubeide/plugins/com.st.stm32cube.ide.mcu.externaltools.gnu-tools-for-stm32.9-2020-q2-update.win32_1.5.0.202011040924/tools/bin/../lib/gcc/arm-none-eabi/9.3.1/../../../../arm-none-eabi/lib/thumb/v7-m/nofp/crt0.o (__libc_init_array)
c:/st/stm32cubeide_1.6.0/stm32cubeide/plugins/com.st.stm32cube.ide.mcu.externaltools.gnu-tools-for-stm32.9-2020-q2-update.win32_1.5.0.202011040924/tools/bin/../lib/gcc/arm-none-eabi/9.3.1/../../../../arm-none-eabi/lib/thumb/v7-m/nofp\libc_nano.a(lib_a-memset.o)
                              c:/st/stm32cubeide_1.6.0/stm32cubeide/plugins/com.st.stm32cube.ide.mcu.externaltools.gnu-tools-for-stm32.9-2020-q2-update.win32_1.5.0.202011040924/tools/bin/../lib/gcc/arm-none-eabi/9.3.1/../../../../arm-none-eabi/lib/thumb/v7-m/nofp/crt0.o (memset)
c:/st/stm32cubeide_1.6.0/stm32cubeide/plugins/com.st.stm32cube.ide.mcu.externaltools.gnu-tools-for-stm32.9-2020-q2-update.win32_1.5.0.202011040924/tools/bin/../lib/gcc/arm-none-eabi/9.3.1/../../../../arm-none-eabi/lib/thumb/v7-m/nofp\libnosys.a(_exit.o)
                              c:/st/stm32cubeide_1.6.0/stm32cubeide/plugins/com.st.stm32cube.ide.mcu.externaltools.gnu-tools-for-stm32.9-2020-q2-update.win32_1.5.0.202011040924/tools/bin/../lib/gcc/arm-none-eabi/9.3.1/../../../../arm-none-eabi/lib/thumb/v7-m/nofp\libc_nano.a(lib_a-exit.o) (_exit)

Allocating common symbols
Common symbol       size              file

hUsbDeviceFS        0x2c4             Core/Src/main.o
uwTick              0x4               Drivers/stm32f1xx_hal.o
hpcd_USB_FS         0x2f0             Middlewares/usbd_conf.o
USBD_StrDesc        0x200             Middlewares/usbd_desc.o

Discarded input sections

 .text          0x0000000000000000        0x0 c:/st/stm32cubeide_1.6.0/stm32cubeide/plugins/com.st.stm32cube.ide.mcu.externaltools.gnu-tools-for-stm32.9-2020-q2-update.win32_1.5.0.202011040924/tools/bin/../lib/gcc/arm-none-eabi/9.3.1/thumb/v7-m/nofp/crti.o
 .data          0x0000000000000000        0x0 c:/st/stm32cubeide_1.6.0/stm32cubeide/plugins/com.st.stm32cube.ide.mcu.externaltools.gnu-tools-for-stm32.9-2020-q2-update.win32_1.5.0.202011040924/tools/bin/../lib/gcc/arm-none-eabi/9.3.1/thumb/v7-m/nofp/crti.o
 .bss           0x0000000000000000        0x0 c:/st/stm32cubeide_1.6.0/stm32cubeide/plugins/com.st.stm32cube.ide.mcu.externaltools.gnu-tools-for-stm32.9-2020-q2-update.win32_1.5.0.202011040924/tools/bin/../lib/gcc/arm-none-eabi/9.3.1/thumb/v7-m/nofp/crti.o
 .data          0x0000000000000000        0x4 c:/st/stm32cubeide_1.6.0/stm32cubeide/plugins/com.st.stm32cube.ide.mcu.externaltools.gnu-tools-for-stm32.9-2020-q2-update.win32_1.5.0.202011040924/tools/bin/../lib/gcc/arm-none-eabi/9.3.1/thumb/v7-m/nofp/crtbegin.o
 .text          0x0000000000000000       0x7c c:/st/stm32cubeide_1.6.0/stm32cubeide/plugins/com.st.stm32cube.ide.mcu.externaltools.gnu-tools-for-stm32.9-2020-q2-update.win32_1.5.0.202011040924/tools/bin/../lib/gcc/arm-none-eabi/9.3.1/../../../../arm-none-eabi/lib/thumb/v7-m/nofp/crt0.o
[...]
Memory Configuration

Name             Origin             Length             Attributes
RAM              0x0000000020000000 0x0000000000005000 xrw
FLASH            0x0000000008000000 0x0000000000010000 xr
*default*        0x0000000000000000 0xffffffffffffffff

Linker script and memory map

LOAD c:/st/stm32cubeide_1.6.0/stm32cubeide/plugins/com.st.stm32cube.ide.mcu.externaltools.gnu-tools-for-stm32.9-2020-q2-update.win32_1.5.0.202011040924/tools/bin/../lib/gcc/arm-none-eabi/9.3.1/thumb/v7-m/nofp/crti.o
LOAD c:/st/stm32cubeide_1.6.0/stm32cubeide/plugins/com.st.stm32cube.ide.mcu.externaltools.gnu-tools-for-stm32.9-2020-q2-update.win32_1.5.0.202011040924/tools/bin/../lib/gcc/arm-none-eabi/9.3.1/thumb/v7-m/nofp/crtbegin.o
LOAD c:/st/stm32cubeide_1.6.0/stm32cubeide/plugins/com.st.stm32cube.ide.mcu.externaltools.gnu-tools-for-stm32.9-2020-q2-update.win32_1.5.0.202011040924/tools/bin/../lib/gcc/arm-none-eabi/9.3.1/../../../../arm-none-eabi/lib/thumb/v7-m/nofp/crt0.o
LOAD Core/Src/main.o
LOAD Core/Src/sysmem.o
LOAD Core/Startup/startup_stm32f103c8tx.o
LOAD Drivers/stm32f1xx_hal.o
LOAD Drivers/stm32f1xx_hal_pcd.o
LOAD Drivers/stm32f1xx_hal_rcc.o
LOAD Drivers/stm32f1xx_ll_usb.o
LOAD Middlewares/usbd_conf.o
LOAD Middlewares/usbd_core.o
LOAD Middlewares/usbd_ctlreq.o
LOAD Middlewares/usbd_desc.o
LOAD Middlewares/usbd_hid.o
LOAD Middlewares/usbd_ioreq.o
START GROUP
LOAD c:/st/stm32cubeide_1.6.0/stm32cubeide/plugins/com.st.stm32cube.ide.mcu.externaltools.gnu-tools-for-stm32.9-2020-q2-update.win32_1.5.0.202011040924/tools/bin/../lib/gcc/arm-none-eabi/9.3.1/../../../../arm-none-eabi/lib/thumb/v7-m/nofp\libc_nano.a
LOAD c:/st/stm32cubeide_1.6.0/stm32cubeide/plugins/com.st.stm32cube.ide.mcu.externaltools.gnu-tools-for-stm32.9-2020-q2-update.win32_1.5.0.202011040924/tools/bin/../lib/gcc/arm-none-eabi/9.3.1/../../../../arm-none-eabi/lib/thumb/v7-m/nofp\libm.a
END GROUP
START GROUP
LOAD c:/st/stm32cubeide_1.6.0/stm32cubeide/plugins/com.st.stm32cube.ide.mcu.externaltools.gnu-tools-for-stm32.9-2020-q2-update.win32_1.5.0.202011040924/tools/bin/../lib/gcc/arm-none-eabi/9.3.1/thumb/v7-m/nofp\libgcc.a
LOAD c:/st/stm32cubeide_1.6.0/stm32cubeide/plugins/com.st.stm32cube.ide.mcu.externaltools.gnu-tools-for-stm32.9-2020-q2-update.win32_1.5.0.202011040924/tools/bin/../lib/gcc/arm-none-eabi/9.3.1/../../../../arm-none-eabi/lib/thumb/v7-m/nofp\libc_nano.a
END GROUP
START GROUP
LOAD c:/st/stm32cubeide_1.6.0/stm32cubeide/plugins/com.st.stm32cube.ide.mcu.externaltools.gnu-tools-for-stm32.9-2020-q2-update.win32_1.5.0.202011040924/tools/bin/../lib/gcc/arm-none-eabi/9.3.1/thumb/v7-m/nofp\libgcc.a
LOAD c:/st/stm32cubeide_1.6.0/stm32cubeide/plugins/com.st.stm32cube.ide.mcu.externaltools.gnu-tools-for-stm32.9-2020-q2-update.win32_1.5.0.202011040924/tools/bin/../lib/gcc/arm-none-eabi/9.3.1/../../../../arm-none-eabi/lib/thumb/v7-m/nofp\libc_nano.a
LOAD c:/st/stm32cubeide_1.6.0/stm32cubeide/plugins/com.st.stm32cube.ide.mcu.externaltools.gnu-tools-for-stm32.9-2020-q2-update.win32_1.5.0.202011040924/tools/bin/../lib/gcc/arm-none-eabi/9.3.1/../../../../arm-none-eabi/lib/thumb/v7-m/nofp\libnosys.a
END GROUP
START GROUP
LOAD c:/st/stm32cubeide_1.6.0/stm32cubeide/plugins/com.st.stm32cube.ide.mcu.externaltools.gnu-tools-for-stm32.9-2020-q2-update.win32_1.5.0.202011040924/tools/bin/../lib/gcc/arm-none-eabi/9.3.1/thumb/v7-m/nofp\libgcc.a
LOAD c:/st/stm32cubeide_1.6.0/stm32cubeide/plugins/com.st.stm32cube.ide.mcu.externaltools.gnu-tools-for-stm32.9-2020-q2-update.win32_1.5.0.202011040924/tools/bin/../lib/gcc/arm-none-eabi/9.3.1/../../../../arm-none-eabi/lib/thumb/v7-m/nofp\libc_nano.a
LOAD c:/st/stm32cubeide_1.6.0/stm32cubeide/plugins/com.st.stm32cube.ide.mcu.externaltools.gnu-tools-for-stm32.9-2020-q2-update.win32_1.5.0.202011040924/tools/bin/../lib/gcc/arm-none-eabi/9.3.1/../../../../arm-none-eabi/lib/thumb/v7-m/nofp\libnosys.a
END GROUP
LOAD c:/st/stm32cubeide_1.6.0/stm32cubeide/plugins/com.st.stm32cube.ide.mcu.externaltools.gnu-tools-for-stm32.9-2020-q2-update.win32_1.5.0.202011040924/tools/bin/../lib/gcc/arm-none-eabi/9.3.1/thumb/v7-m/nofp/crtend.o
LOAD c:/st/stm32cubeide_1.6.0/stm32cubeide/plugins/com.st.stm32cube.ide.mcu.externaltools.gnu-tools-for-stm32.9-2020-q2-update.win32_1.5.0.202011040924/tools/bin/../lib/gcc/arm-none-eabi/9.3.1/thumb/v7-m/nofp/crtn.o
                0x0000000020005000                _estack = (ORIGIN (RAM) + LENGTH (RAM))
                0x0000000000000200                _Min_Heap_Size = 0x200
                0x0000000000000400                _Min_Stack_Size = 0x400

.isr_vector     0x0000000008000000      0x10c
                0x0000000008000000                . = ALIGN (0x4)
 *(.isr_vector)
 .isr_vector    0x0000000008000000      0x10c Core/Startup/startup_stm32f103c8tx.o
                0x0000000008000000                g_pfnVectors
                0x000000000800010c                . = ALIGN (0x4)

.text           0x000000000800010c     0x67f8
                0x000000000800010c                . = ALIGN (0x4)
 *(.text)
 .text          0x000000000800010c       0x40 c:/st/stm32cubeide_1.6.0/stm32cubeide/plugins/com.st.stm32cube.ide.mcu.externaltools.gnu-tools-for-stm32.9-2020-q2-update.win32_1.5.0.202011040924/tools/bin/../lib/gcc/arm-none-eabi/9.3.1/thumb/v7-m/nofp/crtbegin.o
 *(.text*)
 .text.SystemInit
                0x000000000800014c        0xc Core/Src/main.o
                0x000000000800014c                SystemInit
 .text.SysTick_Handler
                0x0000000008000158        0xc Core/Src/main.o
                0x0000000008000158                SysTick_Handler
 .text.USB_LP_CAN1_RX0_IRQHandler
                0x0000000008000164       0x14 Core/Src/main.o
                0x0000000008000164                USB_LP_CAN1_RX0_IRQHandler
 .text.main     0x0000000008000178       0x90 Core/Src/main.o
                0x0000000008000178                main
 .text.SystemClock_Config
                0x0000000008000208       0xb4 Core/Src/main.o
                0x0000000008000208                SystemClock_Config
 .text.USB_DEVICE_Init
                0x00000000080002bc       0x4c Core/Src/main.o
                0x00000000080002bc                USB_DEVICE_Init
 .text.Error_Handler
                0x0000000008000308        0x6 Core/Src/main.o
                0x0000000008000308                Error_Handler
 *fill*         0x000000000800030e        0x2 
 .text.Reset_Handler
                0x0000000008000310       0x48 Core/Startup/startup_stm32f103c8tx.o
                0x0000000008000310                Reset_Handler
 .text.Default_Handler
                0x0000000008000358        0x2 Core/Startup/startup_stm32f103c8tx.o
                0x0000000008000358                RTC_Alarm_IRQHandler
                0x0000000008000358                EXTI2_IRQHandler
                0x0000000008000358                DebugMon_Handler
                0x0000000008000358                TIM1_CC_IRQHandler
                0x0000000008000358                HardFault_Handler
                0x0000000008000358                PVD_IRQHandler
                0x0000000008000358                PendSV_Handler
                0x0000000008000358                NMI_Handler
                0x0000000008000358                EXTI3_IRQHandler
                0x0000000008000358                EXTI0_IRQHandler
                0x0000000008000358                I2C2_EV_IRQHandler
                0x0000000008000358                UsageFault_Handler
                0x0000000008000358                ADC1_2_IRQHandler
                0x0000000008000358                SPI1_IRQHandler
                0x0000000008000358                TAMPER_IRQHandler
                0x0000000008000358                DMA1_Channel4_IRQHandler
                0x0000000008000358                USART3_IRQHandler
                0x0000000008000358                RTC_IRQHandler
                0x0000000008000358                DMA1_Channel7_IRQHandler
                0x0000000008000358                CAN1_RX1_IRQHandler
                0x0000000008000358                TIM4_IRQHandler
                0x0000000008000358                I2C1_EV_IRQHandler
                0x0000000008000358                DMA1_Channel6_IRQHandler
                0x0000000008000358                TIM3_IRQHandler
                0x0000000008000358                RCC_IRQHandler
                0x0000000008000358                TIM1_TRG_COM_IRQHandler
                0x0000000008000358                DMA1_Channel1_IRQHandler
                0x0000000008000358                Default_Handler
                0x0000000008000358                EXTI15_10_IRQHandler
                0x0000000008000358                EXTI9_5_IRQHandler
                0x0000000008000358                SPI2_IRQHandler
                0x0000000008000358                MemManage_Handler
                0x0000000008000358                SVC_Handler
                0x0000000008000358                DMA1_Channel5_IRQHandler
                0x0000000008000358                EXTI4_IRQHandler
                0x0000000008000358                USB_HP_CAN1_TX_IRQHandler
                0x0000000008000358                DMA1_Channel3_IRQHandler
                0x0000000008000358                TIM1_UP_IRQHandler
                0x0000000008000358                WWDG_IRQHandler
                0x0000000008000358                TIM2_IRQHandler
                0x0000000008000358                TIM1_BRK_IRQHandler
                0x0000000008000358                EXTI1_IRQHandler
                0x0000000008000358                USART2_IRQHandler
                0x0000000008000358                I2C2_ER_IRQHandler
                0x0000000008000358                DMA1_Channel2_IRQHandler
                0x0000000008000358                CAN1_SCE_IRQHandler
                0x0000000008000358                FLASH_IRQHandler
                0x0000000008000358                BusFault_Handler
                0x0000000008000358                USART1_IRQHandler
                0x0000000008000358                I2C1_ER_IRQHandler
                0x0000000008000358                USBWakeUp_IRQHandler
 *fill*         0x000000000800035a        0x2 
 .text.HAL_Init
                0x000000000800035c       0x28 Drivers/stm32f1xx_hal.o
                0x000000000800035c                HAL_Init
 .text.HAL_InitTick
                0x0000000008000384       0x60 Drivers/stm32f1xx_hal.o
                0x0000000008000384                HAL_InitTick
 .text.HAL_IncTick
                0x00000000080003e4       0x24 Drivers/stm32f1xx_hal.o
                0x00000000080003e4                HAL_IncTick
 .text.HAL_GetTick
                0x0000000008000408       0x14 Drivers/stm32f1xx_hal.o
                0x0000000008000408                HAL_GetTick
 .text.HAL_Delay
                0x000000000800041c       0x48 Drivers/stm32f1xx_hal.o
                0x000000000800041c                HAL_Delay
 .text.HAL_PCD_Init
                0x0000000008000464      0x1fe Drivers/stm32f1xx_hal_pcd.o
                0x0000000008000464                HAL_PCD_Init
 .text.HAL_PCD_Start
                0x0000000008000662       0x4c Drivers/stm32f1xx_hal_pcd.o
                0x0000000008000662                HAL_PCD_Start
 .text.HAL_PCD_IRQHandler
                0x00000000080006ae      0x264 Drivers/stm32f1xx_hal_pcd.o
                0x00000000080006ae                HAL_PCD_IRQHandler
 .text.HAL_PCD_SetAddress
                0x0000000008000912       0x4a Drivers/stm32f1xx_hal_pcd.o
                0x0000000008000912                HAL_PCD_SetAddress
 .text.HAL_PCD_EP_Open
                0x000000000800095c       0xba Drivers/stm32f1xx_hal_pcd.o
                0x000000000800095c                HAL_PCD_EP_Open
 .text.HAL_PCD_EP_Close
                0x0000000008000a16       0x90 Drivers/stm32f1xx_hal_pcd.o
                0x0000000008000a16                HAL_PCD_EP_Close
 .text.HAL_PCD_EP_Receive
                0x0000000008000aa6       0x62 Drivers/stm32f1xx_hal_pcd.o
                0x0000000008000aa6                HAL_PCD_EP_Receive
 .text.HAL_PCD_EP_Transmit
                0x0000000008000b08       0x6e Drivers/stm32f1xx_hal_pcd.o
                0x0000000008000b08                HAL_PCD_EP_Transmit
 .text.HAL_PCD_EP_SetStall
                0x0000000008000b76       0xc0 Drivers/stm32f1xx_hal_pcd.o
                0x0000000008000b76                HAL_PCD_EP_SetStall
 .text.HAL_PCD_EP_ClrStall
                0x0000000008000c36       0xa8 Drivers/stm32f1xx_hal_pcd.o
                0x0000000008000c36                HAL_PCD_EP_ClrStall
 .text.PCD_EP_ISR_Handler
                0x0000000008000cde      0x7a6 Drivers/stm32f1xx_hal_pcd.o
 .text.HAL_PCD_EP_DB_Receive
                0x0000000008001484      0x21a Drivers/stm32f1xx_hal_pcd.o
 .text.HAL_PCD_EP_DB_Transmit
                0x000000000800169e      0x7f4 Drivers/stm32f1xx_hal_pcd.o
 *fill*         0x0000000008001e92        0x2 
 .text.__NVIC_SetPriorityGrouping
                0x0000000008001e94       0x48 Drivers/stm32f1xx_hal_rcc.o
 .text.__NVIC_GetPriorityGrouping
                0x0000000008001edc       0x1c Drivers/stm32f1xx_hal_rcc.o
 .text.__NVIC_EnableIRQ
                0x0000000008001ef8       0x38 Drivers/stm32f1xx_hal_rcc.o
 .text.__NVIC_SetPriority
                0x0000000008001f30       0x54 Drivers/stm32f1xx_hal_rcc.o
 .text.NVIC_EncodePriority
                0x0000000008001f84       0x64 Drivers/stm32f1xx_hal_rcc.o
 .text.SysTick_Config
                0x0000000008001fe8       0x44 Drivers/stm32f1xx_hal_rcc.o
 .text.HAL_NVIC_SetPriorityGrouping
                0x000000000800202c       0x16 Drivers/stm32f1xx_hal_rcc.o
                0x000000000800202c                HAL_NVIC_SetPriorityGrouping
 .text.HAL_NVIC_SetPriority
                0x0000000008002042       0x38 Drivers/stm32f1xx_hal_rcc.o
                0x0000000008002042                HAL_NVIC_SetPriority
 .text.HAL_NVIC_EnableIRQ
                0x000000000800207a       0x1c Drivers/stm32f1xx_hal_rcc.o
                0x000000000800207a                HAL_NVIC_EnableIRQ
 .text.HAL_SYSTICK_Config
                0x0000000008002096       0x18 Drivers/stm32f1xx_hal_rcc.o
                0x0000000008002096                HAL_SYSTICK_Config
 *fill*         0x00000000080020ae        0x2 
 .text.HAL_RCC_OscConfig
                0x00000000080020b0      0x530 Drivers/stm32f1xx_hal_rcc.o
                0x00000000080020b0                HAL_RCC_OscConfig
 .text.HAL_RCC_ClockConfig
                0x00000000080025e0      0x1d8 Drivers/stm32f1xx_hal_rcc.o
                0x00000000080025e0                HAL_RCC_ClockConfig
 .text.HAL_RCCEx_PeriphCLKConfig
                0x00000000080027b8      0x174 Drivers/stm32f1xx_hal_rcc.o
                0x00000000080027b8                HAL_RCCEx_PeriphCLKConfig
 .text.HAL_RCC_GetSysClockFreq
                0x000000000800292c       0xa8 Drivers/stm32f1xx_hal_rcc.o
                0x000000000800292c                HAL_RCC_GetSysClockFreq
 .text.RCC_Delay
                0x00000000080029d4       0x3c Drivers/stm32f1xx_hal_rcc.o
 .text.USB_CoreInit
                0x0000000008002a10       0x20 Drivers/stm32f1xx_ll_usb.o
                0x0000000008002a10                USB_CoreInit
 .text.USB_EnableGlobalInt
                0x0000000008002a30       0x2c Drivers/stm32f1xx_ll_usb.o
                0x0000000008002a30                USB_EnableGlobalInt
 .text.USB_DisableGlobalInt
                0x0000000008002a5c       0x34 Drivers/stm32f1xx_ll_usb.o
                0x0000000008002a5c                USB_DisableGlobalInt
 .text.USB_SetCurrentMode
                0x0000000008002a90       0x18 Drivers/stm32f1xx_ll_usb.o
                0x0000000008002a90                USB_SetCurrentMode
 .text.USB_DevInit
                0x0000000008002aa8       0x40 Drivers/stm32f1xx_ll_usb.o
                0x0000000008002aa8                USB_DevInit
 .text.USB_ActivateEndpoint
                0x0000000008002ae8      0x780 Drivers/stm32f1xx_ll_usb.o
                0x0000000008002ae8                USB_ActivateEndpoint
 .text.USB_DeactivateEndpoint
                0x0000000008003268      0x3d8 Drivers/stm32f1xx_ll_usb.o
                0x0000000008003268                USB_DeactivateEndpoint
 .text.USB_EPStartXfer
                0x0000000008003640     0x1298 Drivers/stm32f1xx_ll_usb.o
                0x0000000008003640                USB_EPStartXfer
 .text.USB_EPSetStall
                0x00000000080048d8       0xa0 Drivers/stm32f1xx_ll_usb.o
                0x00000000080048d8                USB_EPSetStall
 .text.USB_EPClearStall
                0x0000000008004978      0x15a Drivers/stm32f1xx_ll_usb.o
                0x0000000008004978                USB_EPClearStall
 .text.USB_SetDevAddress
                0x0000000008004ad2       0x26 Drivers/stm32f1xx_ll_usb.o
                0x0000000008004ad2                USB_SetDevAddress
 .text.USB_DevConnect
                0x0000000008004af8       0x14 Drivers/stm32f1xx_ll_usb.o
                0x0000000008004af8                USB_DevConnect
 .text.USB_DevDisconnect
                0x0000000008004b0c       0x14 Drivers/stm32f1xx_ll_usb.o
                0x0000000008004b0c                USB_DevDisconnect
 .text.USB_ReadInterrupts
                0x0000000008004b20       0x1e Drivers/stm32f1xx_ll_usb.o
                0x0000000008004b20                USB_ReadInterrupts
 .text.USB_EP0_OutStart
                0x0000000008004b3e       0x16 Drivers/stm32f1xx_ll_usb.o
                0x0000000008004b3e                USB_EP0_OutStart
 .text.USB_WritePMA
                0x0000000008004b54       0x8a Drivers/stm32f1xx_ll_usb.o
                0x0000000008004b54                USB_WritePMA
 .text.USB_ReadPMA
                0x0000000008004bde       0x9e Drivers/stm32f1xx_ll_usb.o
                0x0000000008004bde                USB_ReadPMA
 .text.HAL_PCD_MspInit
                0x0000000008004c7c       0x4c Middlewares/usbd_conf.o
                0x0000000008004c7c                HAL_PCD_MspInit
 .text.HAL_PCD_SetupStageCallback
                0x0000000008004cc8       0x24 Middlewares/usbd_conf.o
                0x0000000008004cc8                HAL_PCD_SetupStageCallback
 .text.HAL_PCD_DataOutStageCallback
                0x0000000008004cec       0x36 Middlewares/usbd_conf.o
                0x0000000008004cec                HAL_PCD_DataOutStageCallback
 .text.HAL_PCD_DataInStageCallback
                0x0000000008004d22       0x34 Middlewares/usbd_conf.o
                0x0000000008004d22                HAL_PCD_DataInStageCallback
 .text.HAL_PCD_SOFCallback
                0x0000000008004d56       0x1c Middlewares/usbd_conf.o
                0x0000000008004d56                HAL_PCD_SOFCallback
 .text.HAL_PCD_ResetCallback
                0x0000000008004d72       0x3c Middlewares/usbd_conf.o
                0x0000000008004d72                HAL_PCD_ResetCallback
 *fill*         0x0000000008004dae        0x2 
 .text.HAL_PCD_SuspendCallback
                0x0000000008004db0       0x34 Middlewares/usbd_conf.o
                0x0000000008004db0                HAL_PCD_SuspendCallback
 .text.HAL_PCD_ResumeCallback
                0x0000000008004de4       0x1c Middlewares/usbd_conf.o
                0x0000000008004de4                HAL_PCD_ResumeCallback
 .text.HAL_PCDEx_PMAConfig
                0x0000000008004e00       0x84 Middlewares/usbd_conf.o
                0x0000000008004e00                HAL_PCDEx_PMAConfig
 .text.USBD_LL_Init
                0x0000000008004e84       0x90 Middlewares/usbd_conf.o
                0x0000000008004e84                USBD_LL_Init
 .text.USBD_LL_Start
                0x0000000008004f14       0x36 Middlewares/usbd_conf.o
                0x0000000008004f14                USBD_LL_Start
 .text.USBD_LL_OpenEP
                0x0000000008004f4a       0x4c Middlewares/usbd_conf.o
                0x0000000008004f4a                USBD_LL_OpenEP
 .text.USBD_LL_CloseEP
                0x0000000008004f96       0x3e Middlewares/usbd_conf.o
                0x0000000008004f96                USBD_LL_CloseEP
 .text.USBD_LL_StallEP
                0x0000000008004fd4       0x3e Middlewares/usbd_conf.o
                0x0000000008004fd4                USBD_LL_StallEP
 .text.USBD_LL_ClearStallEP
                0x0000000008005012       0x3e Middlewares/usbd_conf.o
                0x0000000008005012                USBD_LL_ClearStallEP
 .text.USBD_LL_IsStallEP
                0x0000000008005050       0x58 Middlewares/usbd_conf.o
                0x0000000008005050                USBD_LL_IsStallEP
 .text.USBD_LL_SetUSBAddress
                0x00000000080050a8       0x3e Middlewares/usbd_conf.o
                0x00000000080050a8                USBD_LL_SetUSBAddress
 .text.USBD_LL_Transmit
                0x00000000080050e6       0x46 Middlewares/usbd_conf.o
                0x00000000080050e6                USBD_LL_Transmit
 .text.USBD_LL_PrepareReceive
                0x000000000800512c       0x46 Middlewares/usbd_conf.o
                0x000000000800512c                USBD_LL_PrepareReceive
 *fill*         0x0000000008005172        0x2 
 .text.USBD_static_malloc
                0x0000000008005174       0x18 Middlewares/usbd_conf.o
                0x0000000008005174                USBD_static_malloc
 .text.USBD_static_free
                0x000000000800518c       0x12 Middlewares/usbd_conf.o
                0x000000000800518c                USBD_static_free
 .text.HAL_PCDEx_SetConnectionState
                0x000000000800519e       0x16 Middlewares/usbd_conf.o
                0x000000000800519e                HAL_PCDEx_SetConnectionState
 .text.USBD_Get_USB_Status
                0x00000000080051b4       0x58 Middlewares/usbd_conf.o
 .text.USBD_Init
                0x000000000800520c       0x56 Middlewares/usbd_core.o
                0x000000000800520c                USBD_Init
 .text.USBD_RegisterClass
                0x0000000008005262       0x32 Middlewares/usbd_core.o
                0x0000000008005262                USBD_RegisterClass
 .text.USBD_Start
                0x0000000008005294       0x18 Middlewares/usbd_core.o
                0x0000000008005294                USBD_Start
 .text.USBD_RunTestMode
                0x00000000080052ac       0x14 Middlewares/usbd_core.o
                0x00000000080052ac                USBD_RunTestMode
 .text.USBD_SetClassConfig
                0x00000000080052c0       0x3e Middlewares/usbd_core.o
                0x00000000080052c0                USBD_SetClassConfig
 .text.USBD_ClrClassConfig
                0x00000000080052fe       0x26 Middlewares/usbd_core.o
                0x00000000080052fe                USBD_ClrClassConfig
 .text.USBD_LL_SetupStage
                0x0000000008005324       0x9a Middlewares/usbd_core.o
                0x0000000008005324                USBD_LL_SetupStage
 .text.USBD_LL_DataOutStage
                0x00000000080053be       0xe2 Middlewares/usbd_core.o
                0x00000000080053be                USBD_LL_DataOutStage
 .text.USBD_LL_DataInStage
                0x00000000080054a0      0x14a Middlewares/usbd_core.o
                0x00000000080054a0                USBD_LL_DataInStage
 .text.USBD_LL_Reset
                0x00000000080055ea       0x82 Middlewares/usbd_core.o
                0x00000000080055ea                USBD_LL_Reset
 .text.USBD_LL_SetSpeed
                0x000000000800566c       0x1e Middlewares/usbd_core.o
                0x000000000800566c                USBD_LL_SetSpeed
 .text.USBD_LL_Suspend
                0x000000000800568a       0x28 Middlewares/usbd_core.o
                0x000000000800568a                USBD_LL_Suspend
 .text.USBD_LL_Resume
                0x00000000080056b2       0x2a Middlewares/usbd_core.o
                0x00000000080056b2                USBD_LL_Resume
 .text.USBD_LL_SOF
                0x00000000080056dc       0x34 Middlewares/usbd_core.o
                0x00000000080056dc                USBD_LL_SOF
 .text.USBD_StdDevReq
                0x0000000008005710       0xd4 Middlewares/usbd_ctlreq.o
                0x0000000008005710                USBD_StdDevReq
 .text.USBD_StdItfReq
                0x00000000080057e4       0x90 Middlewares/usbd_ctlreq.o
                0x00000000080057e4                USBD_StdItfReq
 .text.USBD_StdEPReq
                0x0000000008005874      0x2c6 Middlewares/usbd_ctlreq.o
                0x0000000008005874                USBD_StdEPReq
 *fill*         0x0000000008005b3a        0x2 
 .text.USBD_GetDescriptor
                0x0000000008005b3c      0x2d0 Middlewares/usbd_ctlreq.o
 .text.USBD_SetAddress
                0x0000000008005e0c       0x86 Middlewares/usbd_ctlreq.o
 *fill*         0x0000000008005e92        0x2 
 .text.USBD_SetConfig
                0x0000000008005e94      0x11c Middlewares/usbd_ctlreq.o
 .text.USBD_GetConfig
                0x0000000008005fb0       0x6a Middlewares/usbd_ctlreq.o
 .text.USBD_GetStatus
                0x000000000800601a       0x66 Middlewares/usbd_ctlreq.o
 .text.USBD_SetFeature
                0x0000000008006080       0x28 Middlewares/usbd_ctlreq.o
 .text.USBD_ClrFeature
                0x00000000080060a8       0x42 Middlewares/usbd_ctlreq.o
 .text.USBD_ParseSetupRequest
                0x00000000080060ea       0x78 Middlewares/usbd_ctlreq.o
                0x00000000080060ea                USBD_ParseSetupRequest
 .text.USBD_CtlError
                0x0000000008006162       0x22 Middlewares/usbd_ctlreq.o
                0x0000000008006162                USBD_CtlError
 .text.USBD_GetString
                0x0000000008006184       0x84 Middlewares/usbd_ctlreq.o
                0x0000000008006184                USBD_GetString
 .text.USBD_GetLen
                0x0000000008006208       0x2e Middlewares/usbd_ctlreq.o
 *fill*         0x0000000008006236        0x2 
 .text.USBD_FS_DeviceDescriptor
                0x0000000008006238       0x24 Middlewares/usbd_desc.o
                0x0000000008006238                USBD_FS_DeviceDescriptor
 .text.USBD_FS_LangIDStrDescriptor
                0x000000000800625c       0x24 Middlewares/usbd_desc.o
                0x000000000800625c                USBD_FS_LangIDStrDescriptor
 .text.USBD_FS_ProductStrDescriptor
                0x0000000008006280       0x3c Middlewares/usbd_desc.o
                0x0000000008006280                USBD_FS_ProductStrDescriptor
 .text.USBD_FS_ManufacturerStrDescriptor
                0x00000000080062bc       0x28 Middlewares/usbd_desc.o
                0x00000000080062bc                USBD_FS_ManufacturerStrDescriptor
 .text.USBD_FS_SerialStrDescriptor
                0x00000000080062e4       0x24 Middlewares/usbd_desc.o
                0x00000000080062e4                USBD_FS_SerialStrDescriptor
 .text.USBD_FS_ConfigStrDescriptor
                0x0000000008006308       0x3c Middlewares/usbd_desc.o
                0x0000000008006308                USBD_FS_ConfigStrDescriptor
 .text.USBD_FS_InterfaceStrDescriptor
                0x0000000008006344       0x3c Middlewares/usbd_desc.o
                0x0000000008006344                USBD_FS_InterfaceStrDescriptor
 .text.Get_SerialNum
                0x0000000008006380       0x58 Middlewares/usbd_desc.o
 .text.IntToUnicode
                0x00000000080063d8       0x7c Middlewares/usbd_desc.o
 .text.USBD_HID_Init
                0x0000000008006454       0x4e Middlewares/usbd_hid.o
 .text.USBD_HID_DeInit
                0x00000000080064a2       0x42 Middlewares/usbd_hid.o
 .text.USBD_HID_Setup
                0x00000000080064e4      0x1fc Middlewares/usbd_hid.o
 .text.USBD_HID_SendReport
                0x00000000080066e0       0x44 Middlewares/usbd_hid.o
                0x00000000080066e0                USBD_HID_SendReport
 .text.USBD_HID_GetFSCfgDesc
                0x0000000008006724       0x20 Middlewares/usbd_hid.o
 .text.USBD_HID_GetHSCfgDesc
                0x0000000008006744       0x20 Middlewares/usbd_hid.o
 .text.USBD_HID_GetOtherSpeedCfgDesc
                0x0000000008006764       0x20 Middlewares/usbd_hid.o
 .text.USBD_HID_DataIn
                0x0000000008006784       0x22 Middlewares/usbd_hid.o
 *fill*         0x00000000080067a6        0x2 
 .text.USBD_HID_GetDeviceQualifierDesc
                0x00000000080067a8       0x20 Middlewares/usbd_hid.o
 .text.USBD_CtlSendData
                0x00000000080067c8       0x38 Middlewares/usbd_ioreq.o
                0x00000000080067c8                USBD_CtlSendData
 .text.USBD_CtlContinueSendData
                0x0000000008006800       0x24 Middlewares/usbd_ioreq.o
                0x0000000008006800                USBD_CtlContinueSendData
 .text.USBD_CtlContinueRx
                0x0000000008006824       0x24 Middlewares/usbd_ioreq.o
                0x0000000008006824                USBD_CtlContinueRx
 .text.USBD_CtlSendStatus
                0x0000000008006848       0x26 Middlewares/usbd_ioreq.o
                0x0000000008006848                USBD_CtlSendStatus
 .text.USBD_CtlReceiveStatus
                0x000000000800686e       0x26 Middlewares/usbd_ioreq.o
                0x000000000800686e                USBD_CtlReceiveStatus
 .text.__libc_init_array
                0x0000000008006894       0x48 c:/st/stm32cubeide_1.6.0/stm32cubeide/plugins/com.st.stm32cube.ide.mcu.externaltools.gnu-tools-for-stm32.9-2020-q2-update.win32_1.5.0.202011040924/tools/bin/../lib/gcc/arm-none-eabi/9.3.1/../../../../arm-none-eabi/lib/thumb/v7-m/nofp\libc_nano.a(lib_a-init.o)
                0x0000000008006894                __libc_init_array
 .text.memset   0x00000000080068dc       0x10 c:/st/stm32cubeide_1.6.0/stm32cubeide/plugins/com.st.stm32cube.ide.mcu.externaltools.gnu-tools-for-stm32.9-2020-q2-update.win32_1.5.0.202011040924/tools/bin/../lib/gcc/arm-none-eabi/9.3.1/../../../../arm-none-eabi/lib/thumb/v7-m/nofp\libc_nano.a(lib_a-memset.o)
                0x00000000080068dc                memset
 *(.glue_7)
 .glue_7        0x00000000080068ec        0x0 linker stubs
 *(.glue_7t)
 .glue_7t       0x00000000080068ec        0x0 linker stubs
 *(.eh_frame)
 .eh_frame      0x00000000080068ec        0x0 c:/st/stm32cubeide_1.6.0/stm32cubeide/plugins/com.st.stm32cube.ide.mcu.externaltools.gnu-tools-for-stm32.9-2020-q2-update.win32_1.5.0.202011040924/tools/bin/../lib/gcc/arm-none-eabi/9.3.1/thumb/v7-m/nofp/crtbegin.o
 *(.init)
 .init          0x00000000080068ec        0x4 c:/st/stm32cubeide_1.6.0/stm32cubeide/plugins/com.st.stm32cube.ide.mcu.externaltools.gnu-tools-for-stm32.9-2020-q2-update.win32_1.5.0.202011040924/tools/bin/../lib/gcc/arm-none-eabi/9.3.1/thumb/v7-m/nofp/crti.o
                0x00000000080068ec                _init
 .init          0x00000000080068f0        0x8 c:/st/stm32cubeide_1.6.0/stm32cubeide/plugins/com.st.stm32cube.ide.mcu.externaltools.gnu-tools-for-stm32.9-2020-q2-update.win32_1.5.0.202011040924/tools/bin/../lib/gcc/arm-none-eabi/9.3.1/thumb/v7-m/nofp/crtn.o
 *(.fini)
 .fini          0x00000000080068f8        0x4 c:/st/stm32cubeide_1.6.0/stm32cubeide/plugins/com.st.stm32cube.ide.mcu.externaltools.gnu-tools-for-stm32.9-2020-q2-update.win32_1.5.0.202011040924/tools/bin/../lib/gcc/arm-none-eabi/9.3.1/thumb/v7-m/nofp/crti.o
                0x00000000080068f8                _fini
 .fini          0x00000000080068fc        0x8 c:/st/stm32cubeide_1.6.0/stm32cubeide/plugins/com.st.stm32cube.ide.mcu.externaltools.gnu-tools-for-stm32.9-2020-q2-update.win32_1.5.0.202011040924/tools/bin/../lib/gcc/arm-none-eabi/9.3.1/thumb/v7-m/nofp/crtn.o
                0x0000000008006904                . = ALIGN (0x4)
                0x0000000008006904                _etext = .

.vfp11_veneer   0x0000000008006904        0x0
 .vfp11_veneer  0x0000000008006904        0x0 linker stubs

.v4_bx          0x0000000008006904        0x0
 .v4_bx         0x0000000008006904        0x0 linker stubs

.iplt           0x0000000008006904        0x0
 .iplt          0x0000000008006904        0x0 c:/st/stm32cubeide_1.6.0/stm32cubeide/plugins/com.st.stm32cube.ide.mcu.externaltools.gnu-tools-for-stm32.9-2020-q2-update.win32_1.5.0.202011040924/tools/bin/../lib/gcc/arm-none-eabi/9.3.1/thumb/v7-m/nofp/crtbegin.o

.rodata         0x0000000008006904       0x6c
                0x0000000008006904                . = ALIGN (0x4)
 *(.rodata)
 .rodata        0x0000000008006904       0x46 Middlewares/usbd_desc.o
 *(.rodata*)
 *fill*         0x000000000800694a        0x2 
 .rodata.AHBPrescTable
                0x000000000800694c       0x10 Core/Src/main.o
                0x000000000800694c                AHBPrescTable
 .rodata.aPLLMULFactorTable.5359
                0x000000000800695c       0x10 Drivers/stm32f1xx_hal_rcc.o
 .rodata.aPredivFactorTable.5360
                0x000000000800696c        0x2 Drivers/stm32f1xx_hal_rcc.o
                0x0000000008006970                . = ALIGN (0x4)
 *fill*         0x000000000800696e        0x2 

.rel.dyn        0x0000000008006970        0x0
 .rel.iplt      0x0000000008006970        0x0 c:/st/stm32cubeide_1.6.0/stm32cubeide/plugins/com.st.stm32cube.ide.mcu.externaltools.gnu-tools-for-stm32.9-2020-q2-update.win32_1.5.0.202011040924/tools/bin/../lib/gcc/arm-none-eabi/9.3.1/thumb/v7-m/nofp/crtbegin.o

.ARM.extab      0x0000000008006970        0x0
                0x0000000008006970                . = ALIGN (0x4)
 *(.ARM.extab* .gnu.linkonce.armextab.*)
                0x0000000008006970                . = ALIGN (0x4)

.ARM            0x0000000008006970        0x0
                0x0000000008006970                . = ALIGN (0x4)
                0x0000000008006970                __exidx_start = .
 *(.ARM.exidx*)
                0x0000000008006970                __exidx_end = .
                0x0000000008006970                . = ALIGN (0x4)

.preinit_array  0x0000000008006970        0x0
                0x0000000008006970                . = ALIGN (0x4)
                0x0000000008006970                PROVIDE (__preinit_array_start = .)
 *(.preinit_array*)
                0x0000000008006970                PROVIDE (__preinit_array_end = .)
                0x0000000008006970                . = ALIGN (0x4)

.init_array     0x0000000008006970        0x4
                0x0000000008006970                . = ALIGN (0x4)
                0x0000000008006970                PROVIDE (__init_array_start = .)
 *(SORT_BY_NAME(.init_array.*))
 *(.init_array*)
 .init_array    0x0000000008006970        0x4 c:/st/stm32cubeide_1.6.0/stm32cubeide/plugins/com.st.stm32cube.ide.mcu.externaltools.gnu-tools-for-stm32.9-2020-q2-update.win32_1.5.0.202011040924/tools/bin/../lib/gcc/arm-none-eabi/9.3.1/thumb/v7-m/nofp/crtbegin.o
                0x0000000008006974                PROVIDE (__init_array_end = .)
                0x0000000008006974                . = ALIGN (0x4)

.fini_array     0x0000000008006974        0x4
                0x0000000008006974                . = ALIGN (0x4)
                [!provide]                        PROVIDE (__fini_array_start = .)
 *(SORT_BY_NAME(.fini_array.*))
 *(.fini_array*)
 .fini_array    0x0000000008006974        0x4 c:/st/stm32cubeide_1.6.0/stm32cubeide/plugins/com.st.stm32cube.ide.mcu.externaltools.gnu-tools-for-stm32.9-2020-q2-update.win32_1.5.0.202011040924/tools/bin/../lib/gcc/arm-none-eabi/9.3.1/thumb/v7-m/nofp/crtbegin.o
                [!provide]                        PROVIDE (__fini_array_end = .)
                0x0000000008006978                . = ALIGN (0x4)
                0x0000000008006978                _sidata = LOADADDR (.data)

.data           0x0000000020000000      0x158 load address 0x0000000008006978
                0x0000000020000000                . = ALIGN (0x4)
                0x0000000020000000                _sdata = .
 *(.data)
 *(.data*)
 .data.SystemCoreClock
                0x0000000020000000        0x4 Core/Src/main.o
                0x0000000020000000                SystemCoreClock
 .data.uwTickPrio
                0x0000000020000004        0x4 Drivers/stm32f1xx_hal.o
                0x0000000020000004                uwTickPrio
 .data.uwTickFreq
                0x0000000020000008        0x1 Drivers/stm32f1xx_hal.o
                0x0000000020000008                uwTickFreq
 *fill*         0x0000000020000009        0x3 
 .data.FS_Desc  0x000000002000000c       0x1c Middlewares/usbd_desc.o
                0x000000002000000c                FS_Desc
 .data.USBD_FS_DeviceDesc
                0x0000000020000028       0x12 Middlewares/usbd_desc.o
                0x0000000020000028                USBD_FS_DeviceDesc
 *fill*         0x000000002000003a        0x2 
 .data.USBD_LangIDDesc
                0x000000002000003c        0x4 Middlewares/usbd_desc.o
                0x000000002000003c                USBD_LangIDDesc
 .data.USBD_StringSerial
                0x0000000020000040       0x1a Middlewares/usbd_desc.o
                0x0000000020000040                USBD_StringSerial
 *fill*         0x000000002000005a        0x2 
 .data.USBD_HID
                0x000000002000005c       0x38 Middlewares/usbd_hid.o
                0x000000002000005c                USBD_HID
 .data.USBD_HID_CfgFSDesc
                0x0000000020000094       0x22 Middlewares/usbd_hid.o
 *fill*         0x00000000200000b6        0x2 
 .data.USBD_HID_CfgHSDesc
                0x00000000200000b8       0x22 Middlewares/usbd_hid.o
 *fill*         0x00000000200000da        0x2 
 .data.USBD_HID_OtherSpeedCfgDesc
                0x00000000200000dc       0x22 Middlewares/usbd_hid.o
 *fill*         0x00000000200000fe        0x2 
 .data.USBD_HID_Desc
                0x0000000020000100        0x9 Middlewares/usbd_hid.o
 *fill*         0x0000000020000109        0x3 
 .data.USBD_HID_DeviceQualifierDesc
                0x000000002000010c        0xa Middlewares/usbd_hid.o
 *fill*         0x0000000020000116        0x2 
 .data.HID_MOUSE_ReportDesc
                0x0000000020000118       0x3f Middlewares/usbd_hid.o
 *(.RamFunc)
 *(.RamFunc*)
                0x0000000020000158                . = ALIGN (0x4)
 *fill*         0x0000000020000157        0x1 
                0x0000000020000158                _edata = .

.igot.plt       0x0000000020000158        0x0 load address 0x0000000008006ad0
 .igot.plt      0x0000000020000158        0x0 c:/st/stm32cubeide_1.6.0/stm32cubeide/plugins/com.st.stm32cube.ide.mcu.externaltools.gnu-tools-for-stm32.9-2020-q2-update.win32_1.5.0.202011040924/tools/bin/../lib/gcc/arm-none-eabi/9.3.1/thumb/v7-m/nofp/crtbegin.o
                0x0000000020000158                . = ALIGN (0x4)

.bss            0x0000000020000158      0x7f4 load address 0x0000000008006ad0
                0x0000000020000158                _sbss = .
                0x0000000020000158                __bss_start__ = _sbss
 *(.bss)
 .bss           0x0000000020000158       0x1c c:/st/stm32cubeide_1.6.0/stm32cubeide/plugins/com.st.stm32cube.ide.mcu.externaltools.gnu-tools-for-stm32.9-2020-q2-update.win32_1.5.0.202011040924/tools/bin/../lib/gcc/arm-none-eabi/9.3.1/thumb/v7-m/nofp/crtbegin.o
 *(.bss*)
 .bss.keyboardhid
                0x0000000020000174        0x8 Core/Src/main.o
                0x0000000020000174                keyboardhid
 .bss.mem.5773  0x000000002000017c       0x14 Middlewares/usbd_conf.o
 .bss.cfgidx.5694
                0x0000000020000190        0x1 Middlewares/usbd_ctlreq.o
 *(COMMON)
 *fill*         0x0000000020000191        0x3 
 COMMON         0x0000000020000194      0x2c4 Core/Src/main.o
                0x0000000020000194                hUsbDeviceFS
 COMMON         0x0000000020000458        0x4 Drivers/stm32f1xx_hal.o
                0x0000000020000458                uwTick
 COMMON         0x000000002000045c      0x2f0 Middlewares/usbd_conf.o
                0x000000002000045c                hpcd_USB_FS
 COMMON         0x000000002000074c      0x200 Middlewares/usbd_desc.o
                0x000000002000074c                USBD_StrDesc
                0x000000002000094c                . = ALIGN (0x4)
                0x000000002000094c                _ebss = .
                0x000000002000094c                __bss_end__ = _ebss

._user_heap_stack
                0x000000002000094c      0x604 load address 0x0000000008006ad0
                0x0000000020000950                . = ALIGN (0x8)
 *fill*         0x000000002000094c        0x4 
                [!provide]                        PROVIDE (end = .)
                0x0000000020000950                PROVIDE (_end = .)
                0x0000000020000b50                . = (. + _Min_Heap_Size)
 *fill*         0x0000000020000950      0x200 
                0x0000000020000f50                . = (. + _Min_Stack_Size)
 *fill*         0x0000000020000b50      0x400 
                0x0000000020000f50                . = ALIGN (0x8)

/DISCARD/
 libc.a(*)
 libm.a(*)
 libgcc.a(*)

.ARM.attributes
                0x0000000000000000       0x29
 *(.ARM.attributes)
 .ARM.attributes
                0x0000000000000000       0x1d c:/st/stm32cubeide_1.6.0/stm32cubeide/plugins/com.st.stm32cube.ide.mcu.externaltools.gnu-tools-for-stm32.9-2020-q2-update.win32_1.5.0.202011040924/tools/bin/../lib/gcc/arm-none-eabi/9.3.1/thumb/v7-m/nofp/crti.o
 .ARM.attributes
                0x000000000000001d       0x2d c:/st/stm32cubeide_1.6.0/stm32cubeide/plugins/com.st.stm32cube.ide.mcu.externaltools.gnu-tools-for-stm32.9-2020-q2-update.win32_1.5.0.202011040924/tools/bin/../lib/gcc/arm-none-eabi/9.3.1/thumb/v7-m/nofp/crtbegin.o
 .ARM.attributes
                0x000000000000004a       0x2d Core/Src/main.o
 .ARM.attributes
                0x0000000000000077       0x21 Core/Startup/startup_stm32f103c8tx.o
 .ARM.attributes
                0x0000000000000098       0x2d Drivers/stm32f1xx_hal.o
 .ARM.attributes
                0x00000000000000c5       0x2d Drivers/stm32f1xx_hal_pcd.o
 .ARM.attributes
                0x00000000000000f2       0x2d Drivers/stm32f1xx_hal_rcc.o
 .ARM.attributes
                0x000000000000011f       0x2d Drivers/stm32f1xx_ll_usb.o
 .ARM.attributes
                0x000000000000014c       0x2d Middlewares/usbd_conf.o
 .ARM.attributes
                0x0000000000000179       0x2d Middlewares/usbd_core.o
 .ARM.attributes
                0x00000000000001a6       0x2d Middlewares/usbd_ctlreq.o
 .ARM.attributes
                0x00000000000001d3       0x2d Middlewares/usbd_desc.o
 .ARM.attributes
                0x0000000000000200       0x2d Middlewares/usbd_hid.o
 .ARM.attributes
                0x000000000000022d       0x2d Middlewares/usbd_ioreq.o
 .ARM.attributes
                0x000000000000025a       0x2d c:/st/stm32cubeide_1.6.0/stm32cubeide/plugins/com.st.stm32cube.ide.mcu.externaltools.gnu-tools-for-stm32.9-2020-q2-update.win32_1.5.0.202011040924/tools/bin/../lib/gcc/arm-none-eabi/9.3.1/../../../../arm-none-eabi/lib/thumb/v7-m/nofp\libc_nano.a(lib_a-init.o)
 .ARM.attributes
                0x0000000000000287       0x2d c:/st/stm32cubeide_1.6.0/stm32cubeide/plugins/com.st.stm32cube.ide.mcu.externaltools.gnu-tools-for-stm32.9-2020-q2-update.win32_1.5.0.202011040924/tools/bin/../lib/gcc/arm-none-eabi/9.3.1/../../../../arm-none-eabi/lib/thumb/v7-m/nofp\libc_nano.a(lib_a-memset.o)
 .ARM.attributes
                0x00000000000002b4       0x1d c:/st/stm32cubeide_1.6.0/stm32cubeide/plugins/com.st.stm32cube.ide.mcu.externaltools.gnu-tools-for-stm32.9-2020-q2-update.win32_1.5.0.202011040924/tools/bin/../lib/gcc/arm-none-eabi/9.3.1/thumb/v7-m/nofp/crtn.o
OUTPUT(usb_test.elf elf32-littlearm)
LOAD linker stubs
LOAD c:/st/stm32cubeide_1.6.0/stm32cubeide/plugins/com.st.stm32cube.ide.mcu.externaltools.gnu-tools-for-stm32.9-2020-q2-update.win32_1.5.0.202011040924/tools/bin/../lib/gcc/arm-none-eabi/9.3.1/../../../../arm-none-eabi/lib/thumb/v7-m/nofp\libc.a
LOAD c:/st/stm32cubeide_1.6.0/stm32cubeide/plugins/com.st.stm32cube.ide.mcu.externaltools.gnu-tools-for-stm32.9-2020-q2-update.win32_1.5.0.202011040924/tools/bin/../lib/gcc/arm-none-eabi/9.3.1/../../../../arm-none-eabi/lib/thumb/v7-m/nofp\libm.a
LOAD c:/st/stm32cubeide_1.6.0/stm32cubeide/plugins/com.st.stm32cube.ide.mcu.externaltools.gnu-tools-for-stm32.9-2020-q2-update.win32_1.5.0.202011040924/tools/bin/../lib/gcc/arm-none-eabi/9.3.1/thumb/v7-m/nofp\libgcc.a

.debug_info     0x0000000000000000     0x9a21
 .debug_info    0x0000000000000000     0x16b3 Core/Src/main.o
 .debug_info    0x00000000000016b3       0x22 Core/Startup/startup_stm32f103c8tx.o
 .debug_info    0x00000000000016d5      0x49b Drivers/stm32f1xx_hal.o
 .debug_info    0x0000000000001b70     0x12e3 Drivers/stm32f1xx_hal_pcd.o
 .debug_info    0x0000000000002e53      0xf2e Drivers/stm32f1xx_hal_rcc.o
 .debug_info    0x0000000000003d81     0x16ec Drivers/stm32f1xx_ll_usb.o
 .debug_info    0x000000000000546d     0x183e Middlewares/usbd_conf.o
 .debug_info    0x0000000000006cab      0xa3b Middlewares/usbd_core.o
 .debug_info    0x00000000000076e6      0x9b1 Middlewares/usbd_ctlreq.o
 .debug_info    0x0000000000008097      0x869 Middlewares/usbd_desc.o
 .debug_info    0x0000000000008900      0x998 Middlewares/usbd_hid.o
 .debug_info    0x0000000000009298      0x789 Middlewares/usbd_ioreq.o

.debug_abbrev   0x0000000000000000     0x1a3f
 .debug_abbrev  0x0000000000000000      0x2b9 Core/Src/main.o
 .debug_abbrev  0x00000000000002b9       0x12 Core/Startup/startup_stm32f103c8tx.o
 .debug_abbrev  0x00000000000002cb      0x1c1 Drivers/stm32f1xx_hal.o
 .debug_abbrev  0x000000000000048c      0x2b5 Drivers/stm32f1xx_hal_pcd.o
 .debug_abbrev  0x0000000000000741      0x2f9 Drivers/stm32f1xx_hal_rcc.o
 .debug_abbrev  0x0000000000000a3a      0x25c Drivers/stm32f1xx_ll_usb.o
 .debug_abbrev  0x0000000000000c96      0x364 Middlewares/usbd_conf.o
 .debug_abbrev  0x0000000000000ffa      0x20d Middlewares/usbd_core.o
 .debug_abbrev  0x0000000000001207      0x26e Middlewares/usbd_ctlreq.o
 .debug_abbrev  0x0000000000001475      0x220 Middlewares/usbd_desc.o
 .debug_abbrev  0x0000000000001695      0x22a Middlewares/usbd_hid.o
 .debug_abbrev  0x00000000000018bf      0x180 Middlewares/usbd_ioreq.o

.debug_aranges  0x0000000000000000      0x5f0
 .debug_aranges
                0x0000000000000000       0x50 Core/Src/main.o
 .debug_aranges
                0x0000000000000050       0x28 Core/Startup/startup_stm32f103c8tx.o
 .debug_aranges
                0x0000000000000078       0x40 Drivers/stm32f1xx_hal.o
 .debug_aranges
                0x00000000000000b8       0x80 Drivers/stm32f1xx_hal_pcd.o
 .debug_aranges
                0x0000000000000138       0x98 Drivers/stm32f1xx_hal_rcc.o
 .debug_aranges
                0x00000000000001d0       0xa8 Drivers/stm32f1xx_ll_usb.o
 .debug_aranges
                0x0000000000000278      0x120 Middlewares/usbd_conf.o
 .debug_aranges
                0x0000000000000398       0xb8 Middlewares/usbd_core.o
 .debug_aranges
                0x0000000000000450       0x88 Middlewares/usbd_ctlreq.o
 .debug_aranges
                0x00000000000004d8       0x60 Middlewares/usbd_desc.o
 .debug_aranges
                0x0000000000000538       0x68 Middlewares/usbd_hid.o
 .debug_aranges
                0x00000000000005a0       0x50 Middlewares/usbd_ioreq.o

.debug_ranges   0x0000000000000000      0x538
 .debug_ranges  0x0000000000000000       0x40 Core/Src/main.o
 .debug_ranges  0x0000000000000040       0x20 Core/Startup/startup_stm32f103c8tx.o
 .debug_ranges  0x0000000000000060       0x30 Drivers/stm32f1xx_hal.o
 .debug_ranges  0x0000000000000090       0x70 Drivers/stm32f1xx_hal_pcd.o
 .debug_ranges  0x0000000000000100       0x88 Drivers/stm32f1xx_hal_rcc.o
 .debug_ranges  0x0000000000000188       0x98 Drivers/stm32f1xx_ll_usb.o
 .debug_ranges  0x0000000000000220      0x110 Middlewares/usbd_conf.o
 .debug_ranges  0x0000000000000330       0xa8 Middlewares/usbd_core.o
 .debug_ranges  0x00000000000003d8       0x78 Middlewares/usbd_ctlreq.o
 .debug_ranges  0x0000000000000450       0x50 Middlewares/usbd_desc.o
 .debug_ranges  0x00000000000004a0       0x58 Middlewares/usbd_hid.o
 .debug_ranges  0x00000000000004f8       0x40 Middlewares/usbd_ioreq.o

.debug_macro    0x0000000000000000    0x12dbb
 .debug_macro   0x0000000000000000      0x1f3 Core/Src/main.o
 .debug_macro   0x00000000000001f3      0xa9c Core/Src/main.o
 .debug_macro   0x0000000000000c8f       0x18 Core/Src/main.o
 .debug_macro   0x0000000000000ca7       0x22 Core/Src/main.o
 .debug_macro   0x0000000000000cc9       0x4c Core/Src/main.o
 .debug_macro   0x0000000000000d15       0x94 Core/Src/main.o
 .debug_macro   0x0000000000000da9       0x3c Core/Src/main.o
 .debug_macro   0x0000000000000de5       0x34 Core/Src/main.o
 .debug_macro   0x0000000000000e19       0x16 Core/Src/main.o
 .debug_macro   0x0000000000000e2f      0x10e Core/Src/main.o
 .debug_macro   0x0000000000000f3d       0x8d Core/Src/main.o
 .debug_macro   0x0000000000000fca       0x16 Core/Src/main.o
 .debug_macro   0x0000000000000fe0       0x43 Core/Src/main.o
 .debug_macro   0x0000000000001023       0x57 Core/Src/main.o
 .debug_macro   0x000000000000107a       0x34 Core/Src/main.o
 .debug_macro   0x00000000000010ae       0x10 Core/Src/main.o
 .debug_macro   0x00000000000010be       0x58 Core/Src/main.o
 .debug_macro   0x0000000000001116       0x71 Core/Src/main.o
 .debug_macro   0x0000000000001187       0x1c Core/Src/main.o
 .debug_macro   0x00000000000011a3      0x12a Core/Src/main.o
 .debug_macro   0x00000000000012cd      0x339 Core/Src/main.o
 .debug_macro   0x0000000000001606       0x16 Core/Src/main.o
 .debug_macro   0x000000000000161c       0x29 Core/Src/main.o
 .debug_macro   0x0000000000001645      0x1ba Core/Src/main.o
 .debug_macro   0x00000000000017ff       0x10 Core/Src/main.o
 .debug_macro   0x000000000000180f       0x35 Core/Src/main.o
 .debug_macro   0x0000000000001844       0x22 Core/Src/main.o
 .debug_macro   0x0000000000001866      0x103 Core/Src/main.o
 .debug_macro   0x0000000000001969       0x6a Core/Src/main.o
 .debug_macro   0x00000000000019d3      0x1df Core/Src/main.o
 .debug_macro   0x0000000000001bb2       0x22 Core/Src/main.o
 .debug_macro   0x0000000000001bd4       0xcf Core/Src/main.o
 .debug_macro   0x0000000000001ca3      0xd1d Core/Src/main.o
 .debug_macro   0x00000000000029c0     0xe089 Core/Src/main.o
 .debug_macro   0x0000000000010a49       0x43 Core/Src/main.o
 .debug_macro   0x0000000000010a8c      0x624 Core/Src/main.o
 .debug_macro   0x00000000000110b0       0x82 Core/Src/main.o
 .debug_macro   0x0000000000011132      0x1cb Core/Src/main.o
 .debug_macro   0x00000000000112fd       0x3c Core/Src/main.o
 .debug_macro   0x0000000000011339       0xab Core/Src/main.o
 .debug_macro   0x00000000000113e4      0x12c Core/Src/main.o
 .debug_macro   0x0000000000011510       0x2e Core/Src/main.o
 .debug_macro   0x000000000001153e      0x281 Core/Src/main.o
 .debug_macro   0x00000000000117bf      0x21b Core/Src/main.o
 .debug_macro   0x00000000000119da      0x109 Drivers/stm32f1xx_hal.o
 .debug_macro   0x0000000000011ae3       0x52 Drivers/stm32f1xx_hal.o
 .debug_macro   0x0000000000011b35       0x8e Drivers/stm32f1xx_hal.o
 .debug_macro   0x0000000000011bc3       0x51 Drivers/stm32f1xx_hal.o
 .debug_macro   0x0000000000011c14       0xd5 Drivers/stm32f1xx_hal.o
 .debug_macro   0x0000000000011ce9      0x62a Drivers/stm32f1xx_hal.o
 .debug_macro   0x0000000000012313       0x82 Drivers/stm32f1xx_hal.o
 .debug_macro   0x0000000000012395       0x34 Drivers/stm32f1xx_hal.o
 .debug_macro   0x00000000000123c9      0x10f Drivers/stm32f1xx_hal_pcd.o
 .debug_macro   0x00000000000124d8      0x103 Drivers/stm32f1xx_hal_rcc.o
 .debug_macro   0x00000000000125db      0x103 Drivers/stm32f1xx_ll_usb.o
 .debug_macro   0x00000000000126de      0x12d Middlewares/usbd_conf.o
 .debug_macro   0x000000000001280b      0x116 Middlewares/usbd_core.o
 .debug_macro   0x0000000000012921      0x116 Middlewares/usbd_ctlreq.o
 .debug_macro   0x0000000000012a37      0x158 Middlewares/usbd_desc.o
 .debug_macro   0x0000000000012b8f      0x116 Middlewares/usbd_hid.o
 .debug_macro   0x0000000000012ca5      0x116 Middlewares/usbd_ioreq.o

.debug_line     0x0000000000000000     0x6608
 .debug_line    0x0000000000000000      0x83c Core/Src/main.o
 .debug_line    0x000000000000083c       0x86 Core/Startup/startup_stm32f103c8tx.o
 .debug_line    0x00000000000008c2      0x528 Drivers/stm32f1xx_hal.o
 .debug_line    0x0000000000000dea      0xe76 Drivers/stm32f1xx_hal_pcd.o
 .debug_line    0x0000000000001c60      0xb89 Drivers/stm32f1xx_hal_rcc.o
 .debug_line    0x00000000000027e9      0xc9a Drivers/stm32f1xx_ll_usb.o
 .debug_line    0x0000000000003483      0xa36 Middlewares/usbd_conf.o
 .debug_line    0x0000000000003eb9      0x916 Middlewares/usbd_core.o
 .debug_line    0x00000000000047cf      0xb39 Middlewares/usbd_ctlreq.o
 .debug_line    0x0000000000005308      0x64e Middlewares/usbd_desc.o
 .debug_line    0x0000000000005956      0x709 Middlewares/usbd_hid.o
 .debug_line    0x000000000000605f      0x5a9 Middlewares/usbd_ioreq.o

.debug_str      0x0000000000000000    0x62322
 .debug_str     0x0000000000000000    0x60e35 Core/Src/main.o
                                      0x61240 (size before relaxing)
 .debug_str     0x0000000000060e35       0x36 Core/Startup/startup_stm32f103c8tx.o
                                         0x6e (size before relaxing)
 .debug_str     0x0000000000060e6b      0x377 Drivers/stm32f1xx_hal.o
                                      0x5c5ea (size before relaxing)
 .debug_str     0x00000000000611e2      0x2cf Drivers/stm32f1xx_hal_pcd.o
                                      0x5c86a (size before relaxing)
 .debug_str     0x00000000000614b1      0x2c4 Drivers/stm32f1xx_hal_rcc.o
                                      0x5ca79 (size before relaxing)
 .debug_str     0x0000000000061775      0x1d0 Drivers/stm32f1xx_ll_usb.o
                                      0x5c663 (size before relaxing)
 .debug_str     0x0000000000061945      0x273 Middlewares/usbd_conf.o
                                      0x5e50f (size before relaxing)
 .debug_str     0x0000000000061bb8      0x184 Middlewares/usbd_core.o
                                      0x5daf7 (size before relaxing)
 .debug_str     0x0000000000061d3c      0x101 Middlewares/usbd_ctlreq.o
                                      0x5da7d (size before relaxing)
 .debug_str     0x0000000000061e3d      0x255 Middlewares/usbd_desc.o
                                      0x5dbeb (size before relaxing)
 .debug_str     0x0000000000062092      0x1ec Middlewares/usbd_hid.o
                                      0x5db66 (size before relaxing)
 .debug_str     0x000000000006227e       0xa4 Middlewares/usbd_ioreq.o
                                      0x5da05 (size before relaxing)

.comment        0x0000000000000000       0x53
 .comment       0x0000000000000000       0x53 Core/Src/main.o
                                         0x54 (size before relaxing)
 .comment       0x0000000000000053       0x54 Drivers/stm32f1xx_hal.o
 .comment       0x0000000000000053       0x54 Drivers/stm32f1xx_hal_pcd.o
 .comment       0x0000000000000053       0x54 Drivers/stm32f1xx_hal_rcc.o
 .comment       0x0000000000000053       0x54 Drivers/stm32f1xx_ll_usb.o
 .comment       0x0000000000000053       0x54 Middlewares/usbd_conf.o
 .comment       0x0000000000000053       0x54 Middlewares/usbd_core.o
 .comment       0x0000000000000053       0x54 Middlewares/usbd_ctlreq.o
 .comment       0x0000000000000053       0x54 Middlewares/usbd_desc.o
 .comment       0x0000000000000053       0x54 Middlewares/usbd_hid.o
 .comment       0x0000000000000053       0x54 Middlewares/usbd_ioreq.o

.debug_frame    0x0000000000000000     0x1708
 .debug_frame   0x0000000000000000       0xe0 Core/Src/main.o
 .debug_frame   0x00000000000000e0       0xb4 Drivers/stm32f1xx_hal.o
 .debug_frame   0x0000000000000194      0x1fc Drivers/stm32f1xx_hal_pcd.o
 .debug_frame   0x0000000000000390      0x264 Drivers/stm32f1xx_hal_rcc.o
 .debug_frame   0x00000000000005f4      0x2e8 Drivers/stm32f1xx_ll_usb.o
 .debug_frame   0x00000000000008dc      0x4cc Middlewares/usbd_conf.o
 .debug_frame   0x0000000000000da8      0x300 Middlewares/usbd_core.o
 .debug_frame   0x00000000000010a8      0x218 Middlewares/usbd_ctlreq.o
 .debug_frame   0x00000000000012c0      0x160 Middlewares/usbd_desc.o
 .debug_frame   0x0000000000001420      0x190 Middlewares/usbd_hid.o
 .debug_frame   0x00000000000015b0      0x10c Middlewares/usbd_ioreq.o
 .debug_frame   0x00000000000016bc       0x2c c:/st/stm32cubeide_1.6.0/stm32cubeide/plugins/com.st.stm32cube.ide.mcu.externaltools.gnu-tools-for-stm32.9-2020-q2-update.win32_1.5.0.202011040924/tools/bin/../lib/gcc/arm-none-eabi/9.3.1/../../../../arm-none-eabi/lib/thumb/v7-m/nofp\libc_nano.a(lib_a-init.o)
 .debug_frame   0x00000000000016e8       0x20 c:/st/stm32cubeide_1.6.0/stm32cubeide/plugins/com.st.stm32cube.ide.mcu.externaltools.gnu-tools-for-stm32.9-2020-q2-update.win32_1.5.0.202011040924/tools/bin/../lib/gcc/arm-none-eabi/9.3.1/../../../../arm-none-eabi/lib/thumb/v7-m/nofp\libc_nano.a(lib_a-memset.o)
