stm32f1xx.h:2103:22:__NVIC_SetPriorityGrouping	24	static
stm32f1xx.h:2116:26:__NVIC_GetPriorityGrouping	4	static
stm32f1xx.h:2121:22:__NVIC_EnableIRQ	16	static
stm32f1xx.h:2191:22:__NVIC_SetPriority	16	static
stm32f1xx.h:2216:26:NVIC_EncodePriority	40	static
stm32f1xx.h:2281:26:SysTick_Config	16	static
stm32f1xx_hal.c:579:17:HAL_GetTick	4	static
stm32f1xx_hal.c:584:6:HAL_NVIC_SetPriorityGrouping	16	static
stm32f1xx_hal.c:590:6:HAL_NVIC_SetPriority	32	static
stm32f1xx_hal.c:601:6:HAL_NVIC_EnableIRQ	16	static
stm32f1xx_hal.c:607:10:HAL_SYSTICK_Config	16	static
stm32f1xx_hal.c:615:19:HAL_RCC_OscConfig	32	static
stm32f1xx_hal.c:1053:19:HAL_RCC_ClockConfig	24	static
stm32f1xx_hal.c:1190:19:HAL_RCCEx_PeriphCLKConfig	32	static
stm32f1xx_hal.c:1375:10:HAL_RCC_GetSysClockFreq	32	static
stm32f1xx_hal.c:1449:13:RCC_Delay	24	static,ignoring_inline_asm
stm32f1xx_hal.c:1458:13:HAL_RCC_CSSCallback	4	static
stm32f1xx_hal.c:1469:19:HAL_PCD_Init	64	static
stm32f1xx_hal.c:1533:19:HAL_PCD_Start	16	static
stm32f1xx_hal.c:1544:6:HAL_PCD_IRQHandler	40	static
stm32f1xx_hal.c:1657:19:HAL_PCD_SetAddress	16	static
stm32f1xx_hal.c:1667:19:HAL_PCD_EP_Open	24	static
stm32f1xx_hal.c:1701:19:HAL_PCD_EP_Close	24	static
stm32f1xx_hal.c:1723:19:HAL_PCD_EP_Receive	32	static
stm32f1xx_hal.c:1741:19:HAL_PCD_EP_Transmit	32	static
stm32f1xx_hal.c:1763:19:HAL_PCD_EP_SetStall	24	static
stm32f1xx_hal.c:1800:19:HAL_PCD_EP_ClrStall	24	static
stm32f1xx_hal.c:1830:26:PCD_EP_ISR_Handler	96	static
stm32f1xx_hal.c:2085:17:HAL_PCD_EP_DB_Receive	40	static
stm32f1xx_hal.c:2158:26:HAL_PCD_EP_DB_Transmit	152	static
stm32f1xx_hal.c:2328:26:HAL_InitTick	16	static
stm32f1xx_hal.c:2351:13:HAL_IncTick	4	static
stm32f1xx_hal.c:2356:13:HAL_Delay	24	static
