core_cm3.h:1314:22:__NVIC_SetPriorityGrouping	24	static
core_cm3.h:1329:26:__NVIC_GetPriorityGrouping	4	static
core_cm3.h:1336:22:__NVIC_EnableIRQ	16	static
core_cm3.h:1360:22:__NVIC_DisableIRQ	16	static,ignoring_inline_asm
core_cm3.h:1372:26:__NVIC_GetPendingIRQ	16	static
core_cm3.h:1386:22:__NVIC_SetPendingIRQ	16	static
core_cm3.h:1396:22:__NVIC_ClearPendingIRQ	16	static
core_cm3.h:1406:26:__NVIC_GetActive	16	static
core_cm3.h:1420:22:__NVIC_SetPriority	16	static
core_cm3.h:1434:26:__NVIC_GetPriority	16	static
core_cm3.h:1449:26:NVIC_EncodePriority	40	static
core_cm3.h:1466:22:NVIC_DecodePriority	40	static
core_cm3.h:1497:34:__NVIC_SystemReset	4	static,ignoring_inline_asm
core_cm3.h:1537:26:SysTick_Config	16	static
stm32f1xx_hal_cortex.c:26:6:HAL_NVIC_SetPriorityGrouping	16	static
stm32f1xx_hal_cortex.c:36:6:HAL_NVIC_SetPriority	32	static
stm32f1xx_hal_cortex.c:50:6:HAL_NVIC_EnableIRQ	16	static
stm32f1xx_hal_cortex.c:60:6:HAL_NVIC_DisableIRQ	16	static
stm32f1xx_hal_cortex.c:70:6:HAL_NVIC_SystemReset	8	static
stm32f1xx_hal_cortex.c:77:10:HAL_SYSTICK_Config	16	static
stm32f1xx_hal_cortex.c:155:10:HAL_NVIC_GetPriorityGrouping	8	static
stm32f1xx_hal_cortex.c:162:6:HAL_NVIC_GetPriority	24	static
stm32f1xx_hal_cortex.c:171:6:HAL_NVIC_SetPendingIRQ	16	static
stm32f1xx_hal_cortex.c:181:10:HAL_NVIC_GetPendingIRQ	16	static
stm32f1xx_hal_cortex.c:191:6:HAL_NVIC_ClearPendingIRQ	16	static
stm32f1xx_hal_cortex.c:201:10:HAL_NVIC_GetActive	16	static
stm32f1xx_hal_cortex.c:211:6:HAL_SYSTICK_CLKSourceConfig	16	static
stm32f1xx_hal_cortex.c:226:6:HAL_SYSTICK_IRQHandler	8	static
stm32f1xx_hal_cortex.c:232:13:HAL_SYSTICK_Callback	4	static
