stm32f1xx_hal.c:20:19:HAL_Init	8	static
stm32f1xx_hal.c:48:19:HAL_DeInit	8	static
stm32f1xx_hal.c:70:13:HAL_MspInit	4	static
stm32f1xx_hal.c:78:13:HAL_MspDeInit	4	static
stm32f1xx_hal.c:86:26:HAL_InitTick	16	static
stm32f1xx_hal.c:114:13:HAL_IncTick	4	static
stm32f1xx_hal.c:120:17:HAL_GetTick	4	static
stm32f1xx_hal.c:126:10:HAL_GetTickPrio	4	static
stm32f1xx_hal.c:132:19:HAL_SetTickFreq	24	static
stm32f1xx_hal.c:161:21:HAL_GetTickFreq	4	static
stm32f1xx_hal.c:167:13:HAL_Delay	24	static
stm32f1xx_hal.c:184:13:HAL_SuspendTick	4	static
stm32f1xx_hal.c:191:13:HAL_ResumeTick	4	static
stm32f1xx_hal.c:198:10:HAL_GetHalVersion	4	static
stm32f1xx_hal.c:204:10:HAL_GetREVID	4	static
stm32f1xx_hal.c:210:10:HAL_GetDEVID	4	static
stm32f1xx_hal.c:216:10:HAL_GetUIDw0	4	static
stm32f1xx_hal.c:222:10:HAL_GetUIDw1	4	static
stm32f1xx_hal.c:228:10:HAL_GetUIDw2	4	static
stm32f1xx_hal.c:234:6:HAL_DBGMCU_EnableDBGSleepMode	4	static
stm32f1xx_hal.c:240:6:HAL_DBGMCU_DisableDBGSleepMode	4	static
stm32f1xx_hal.c:246:6:HAL_DBGMCU_EnableDBGStopMode	4	static
stm32f1xx_hal.c:252:6:HAL_DBGMCU_DisableDBGStopMode	4	static
stm32f1xx_hal.c:258:6:HAL_DBGMCU_EnableDBGStandbyMode	4	static
stm32f1xx_hal.c:264:6:HAL_DBGMCU_DisableDBGStandbyMode	4	static
