core_cm3.h:1272:22:__NVIC_SetPriorityGrouping	24	static
core_cm3.h:1287:26:__NVIC_GetPriorityGrouping	4	static
core_cm3.h:1294:22:__NVIC_EnableIRQ	16	static
core_cm3.h:1378:22:__NVIC_SetPriority	16	static
core_cm3.h:1407:26:NVIC_EncodePriority	40	static
core_cm3.h:1495:26:SysTick_Config	16	static
stm32f1xx_hal.c:4:17:HAL_GetTick	4	static
stm32f1xx_hal.c:8:6:HAL_NVIC_SetPriorityGrouping	16	static
stm32f1xx_hal.c:13:6:HAL_NVIC_SetPriority	32	static
stm32f1xx_hal.c:23:6:HAL_NVIC_EnableIRQ	16	static
stm32f1xx_hal.c:28:10:HAL_SYSTICK_Config	16	static
stm32f1xx_hal.c:34:19:HAL_RCC_OscConfig	32	static
stm32f1xx_hal.c:474:19:HAL_RCC_ClockConfig	24	static
stm32f1xx_hal.c:610:19:HAL_RCCEx_PeriphCLKConfig	32	static
stm32f1xx_hal.c:796:10:HAL_RCC_GetSysClockFreq	32	static
stm32f1xx_hal.c:869:13:RCC_Delay	24	static,ignoring_inline_asm
stm32f1xx_hal.c:877:13:HAL_RCC_CSSCallback	4	static
stm32f1xx_hal.c:889:19:HAL_PCD_Init	64	static
stm32f1xx_hal.c:948:19:HAL_PCD_Start	16	static
stm32f1xx_hal.c:958:6:HAL_PCD_IRQHandler	40	static
stm32f1xx_hal.c:1073:19:HAL_PCD_SetAddress	16	static
stm32f1xx_hal.c:1083:19:HAL_PCD_EP_Open	24	static
stm32f1xx_hal.c:1117:19:HAL_PCD_EP_Close	24	static
stm32f1xx_hal.c:1139:19:HAL_PCD_EP_Receive	32	static
stm32f1xx_hal.c:1157:19:HAL_PCD_EP_Transmit	32	static
stm32f1xx_hal.c:1179:19:HAL_PCD_EP_SetStall	24	static
stm32f1xx_hal.c:1216:19:HAL_PCD_EP_ClrStall	24	static
stm32f1xx_hal.c:1246:26:PCD_EP_ISR_Handler	96	static
stm32f1xx_hal.c:1502:17:HAL_PCD_EP_DB_Receive	40	static
stm32f1xx_hal.c:1575:26:HAL_PCD_EP_DB_Transmit	152	static
stm32f1xx_hal.c:1746:19:HAL_Init	8	static
stm32f1xx_hal.c:1760:26:HAL_InitTick	16	static
stm32f1xx_hal.c:1783:13:HAL_IncTick	4	static
stm32f1xx_hal.c:1790:13:HAL_Delay	24	static
