core_cm3.h:2896:22:__NVIC_SetPriorityGrouping	24	static
core_cm3.h:2911:26:__NVIC_GetPriorityGrouping	4	static
core_cm3.h:2918:22:__NVIC_EnableIRQ	16	static
core_cm3.h:3002:22:__NVIC_SetPriority	16	static
core_cm3.h:3031:26:NVIC_EncodePriority	40	static
core_cm3.h:3119:26:SysTick_Config	16	static
stm32f1xx_hal.c:812:17:HAL_GetTick	4	static
stm32f1xx_hal.c:816:6:HAL_NVIC_SetPriorityGrouping	16	static
stm32f1xx_hal.c:821:6:HAL_NVIC_SetPriority	32	static
stm32f1xx_hal.c:831:6:HAL_NVIC_EnableIRQ	16	static
stm32f1xx_hal.c:836:10:HAL_SYSTICK_Config	16	static
stm32f1xx_hal.c:842:19:HAL_RCC_OscConfig	32	static
stm32f1xx_hal.c:1282:19:HAL_RCC_ClockConfig	24	static
stm32f1xx_hal.c:1418:19:HAL_RCCEx_PeriphCLKConfig	32	static
stm32f1xx_hal.c:1604:10:HAL_RCC_GetSysClockFreq	32	static
stm32f1xx_hal.c:1677:13:RCC_Delay	24	static,ignoring_inline_asm
stm32f1xx_hal.c:1685:13:HAL_RCC_CSSCallback	4	static
stm32f1xx_hal.c:1697:19:HAL_PCD_Init	64	static
stm32f1xx_hal.c:1756:19:HAL_PCD_Start	16	static
stm32f1xx_hal.c:1766:6:HAL_PCD_IRQHandler	40	static
stm32f1xx_hal.c:1881:19:HAL_PCD_SetAddress	16	static
stm32f1xx_hal.c:1891:19:HAL_PCD_EP_Open	24	static
stm32f1xx_hal.c:1925:19:HAL_PCD_EP_Close	24	static
stm32f1xx_hal.c:1947:19:HAL_PCD_EP_Receive	32	static
stm32f1xx_hal.c:1965:19:HAL_PCD_EP_Transmit	32	static
stm32f1xx_hal.c:1987:19:HAL_PCD_EP_SetStall	24	static
stm32f1xx_hal.c:2024:19:HAL_PCD_EP_ClrStall	24	static
stm32f1xx_hal.c:2054:26:PCD_EP_ISR_Handler	96	static
stm32f1xx_hal.c:2310:17:HAL_PCD_EP_DB_Receive	40	static
stm32f1xx_hal.c:2383:26:HAL_PCD_EP_DB_Transmit	152	static
stm32f1xx_hal.c:2554:19:HAL_Init	8	static
stm32f1xx_hal.c:2568:26:HAL_InitTick	16	static
stm32f1xx_hal.c:2591:13:HAL_IncTick	4	static
stm32f1xx_hal.c:2598:13:HAL_Delay	24	static
