stm32f1xx_hal_pcd.c:46:19:HAL_PCD_Init	64	static
stm32f1xx_hal_pcd.c:162:19:HAL_PCD_DeInit	16	static
stm32f1xx_hal_pcd.c:197:13:HAL_PCD_MspInit	16	static
stm32f1xx_hal_pcd.c:208:13:HAL_PCD_MspDeInit	16	static
stm32f1xx_hal_pcd.c:668:19:HAL_PCD_Start	16	static
stm32f1xx_hal_pcd.c:684:19:HAL_PCD_Stop	16	static
stm32f1xx_hal_pcd.c:1118:6:HAL_PCD_IRQHandler	40	static
stm32f1xx_hal_pcd.c:1249:6:HAL_PCD_WKUP_IRQHandler	16	static
stm32f1xx_hal_pcd.c:1257:13:HAL_PCD_DataOutStageCallback	16	static
stm32f1xx_hal_pcd.c:1269:13:HAL_PCD_DataInStageCallback	16	static
stm32f1xx_hal_pcd.c:1280:13:HAL_PCD_SetupStageCallback	16	static
stm32f1xx_hal_pcd.c:1291:13:HAL_PCD_SOFCallback	16	static
stm32f1xx_hal_pcd.c:1302:13:HAL_PCD_ResetCallback	16	static
stm32f1xx_hal_pcd.c:1313:13:HAL_PCD_SuspendCallback	16	static
stm32f1xx_hal_pcd.c:1324:13:HAL_PCD_ResumeCallback	16	static
stm32f1xx_hal_pcd.c:1335:13:HAL_PCD_ISOOUTIncompleteCallback	16	static
stm32f1xx_hal_pcd.c:1347:13:HAL_PCD_ISOINIncompleteCallback	16	static
stm32f1xx_hal_pcd.c:1359:13:HAL_PCD_ConnectCallback	16	static
stm32f1xx_hal_pcd.c:1370:13:HAL_PCD_DisconnectCallback	16	static
stm32f1xx_hal_pcd.c:1385:19:HAL_PCD_DevConnect	16	static
stm32f1xx_hal_pcd.c:1400:19:HAL_PCD_DevDisconnect	16	static
stm32f1xx_hal_pcd.c:1415:19:HAL_PCD_SetAddress	16	static
stm32f1xx_hal_pcd.c:1425:19:HAL_PCD_EP_Open	24	static
stm32f1xx_hal_pcd.c:1468:19:HAL_PCD_EP_Close	24	static
stm32f1xx_hal_pcd.c:1492:19:HAL_PCD_EP_Receive	32	static
stm32f1xx_hal_pcd.c:1511:10:HAL_PCD_EP_GetRxCount	16	static
stm32f1xx_hal_pcd.c:1516:19:HAL_PCD_EP_Transmit	32	static
stm32f1xx_hal_pcd.c:1539:19:HAL_PCD_EP_SetStall	24	static
stm32f1xx_hal_pcd.c:1577:19:HAL_PCD_EP_ClrStall	24	static
stm32f1xx_hal_pcd.c:1608:19:HAL_PCD_EP_Abort	24	static
stm32f1xx_hal_pcd.c:1629:19:HAL_PCD_EP_Flush	16	static
stm32f1xx_hal_pcd.c:1648:19:HAL_PCD_ActivateRemoteWakeup	16	static
stm32f1xx_hal_pcd.c:1654:19:HAL_PCD_DeActivateRemoteWakeup	16	static
stm32f1xx_hal_pcd.c:1664:18:HAL_PCD_GetState	16	static
stm32f1xx_hal_pcd.c:1799:26:PCD_EP_ISR_Handler	96	static
stm32f1xx_hal_pcd.c:2072:17:HAL_PCD_EP_DB_Receive	40	static
stm32f1xx_hal_pcd.c:2147:26:HAL_PCD_EP_DB_Transmit	152	static
