usbd_core.c:7:20:USBD_Init	24	static
usbd_core.c:28:21:USBD_RegisterClass	24	static
usbd_core.c:41:21:USBD_Start	16	static
usbd_core.c:47:21:USBD_RunTestMode	16	static
usbd_core.c:53:20:USBD_SetClassConfig	24	static
usbd_core.c:65:20:USBD_ClrClassConfig	16	static
usbd_core.c:71:20:USBD_LL_SetupStage	16	static
usbd_core.c:92:20:USBD_LL_DataOutStage	32	static
usbd_core.c:137:20:USBD_LL_DataInStage	32	static
usbd_core.c:199:20:USBD_LL_Reset	16	static
usbd_core.c:219:20:USBD_LL_SetSpeed	16	static
usbd_core.c:224:20:USBD_LL_Suspend	16	static
usbd_core.c:230:20:USBD_LL_Resume	16	static
usbd_core.c:237:20:USBD_LL_SOF	16	static
usbd_core.c:250:6:HAL_PCD_MspInit	24	static
usbd_core.c:258:6:HAL_PCD_SetupStageCallback	16	static
usbd_core.c:262:6:HAL_PCD_DataOutStageCallback	16	static
usbd_core.c:266:6:HAL_PCD_DataInStageCallback	16	static
usbd_core.c:270:6:HAL_PCD_SOFCallback	16	static
usbd_core.c:274:6:HAL_PCD_ResetCallback	24	static
usbd_core.c:283:6:HAL_PCD_SuspendCallback	16	static
usbd_core.c:290:6:HAL_PCD_ResumeCallback	16	static
usbd_core.c:294:20:HAL_PCDEx_PMAConfig	32	static
usbd_core.c:314:20:USBD_LL_Init	16	static
usbd_core.c:332:20:USBD_LL_Start	24	static
usbd_core.c:340:20:USBD_LL_OpenEP	24	static
usbd_core.c:348:20:USBD_LL_CloseEP	24	static
usbd_core.c:356:20:USBD_LL_StallEP	24	static
usbd_core.c:364:20:USBD_LL_ClearStallEP	24	static
usbd_core.c:372:9:USBD_LL_IsStallEP	24	static
usbd_core.c:382:20:USBD_LL_SetUSBAddress	24	static
usbd_core.c:390:20:USBD_LL_Transmit	32	static
usbd_core.c:398:20:USBD_LL_PrepareReceive	32	static
usbd_core.c:406:7:USBD_static_malloc	16	static
usbd_core.c:411:20:USBD_Get_USB_Status	24	static
usbd_core.c:440:21:USBD_StdDevReq	24	static
usbd_core.c:483:21:USBD_StdItfReq	24	static
usbd_core.c:516:21:USBD_StdEPReq	24	static
usbd_core.c:655:13:USBD_GetDescriptor	24	static
usbd_core.c:795:13:USBD_SetAddress	24	static
usbd_core.c:825:13:USBD_SetConfig	16	static
usbd_core.c:887:13:USBD_GetConfig	16	static
usbd_core.c:911:13:USBD_GetStatus	16	static
usbd_core.c:935:13:USBD_SetFeature	16	static
usbd_core.c:943:13:USBD_ClrFeature	16	static
usbd_core.c:961:6:USBD_CtlError	16	static
usbd_core.c:966:6:USBD_ParseSetupRequest	16	static
usbd_core.c:974:6:USBD_GetString	32	static
usbd_core.c:989:16:USBD_GetLen	24	static
usbd_core.c:1050:11:USBD_FS_DeviceDescriptor	16	static
usbd_core.c:1056:11:USBD_FS_LangIDStrDescriptor	16	static
usbd_core.c:1062:11:USBD_FS_ProductStrDescriptor	16	static
usbd_core.c:1067:11:USBD_FS_ManufacturerStrDescriptor	16	static
usbd_core.c:1073:11:USBD_FS_SerialStrDescriptor	16	static
usbd_core.c:1080:11:USBD_FS_ConfigStrDescriptor	16	static
usbd_core.c:1085:11:USBD_FS_InterfaceStrDescriptor	16	static
usbd_core.c:1090:13:Get_SerialNum	24	static
usbd_core.c:1104:13:IntToUnicode	32	static
usbd_core.c:1342:17:USBD_HID_Init	16	static
usbd_core.c:1359:17:USBD_HID_DeInit	16	static
usbd_core.c:1373:17:USBD_HID_Setup	40	static
usbd_core.c:1482:9:USBD_HID_SendReport	32	static
usbd_core.c:1499:18:USBD_HID_GetFSCfgDesc	16	static
usbd_core.c:1504:18:USBD_HID_GetHSCfgDesc	16	static
usbd_core.c:1509:18:USBD_HID_GetOtherSpeedCfgDesc	16	static
usbd_core.c:1514:17:USBD_HID_DataIn	16	static
usbd_core.c:1519:18:USBD_HID_GetDeviceQualifierDesc	16	static
usbd_core.c:1524:20:USBD_CtlSendData	24	static
usbd_core.c:1532:20:USBD_CtlContinueSendData	24	static
usbd_core.c:1537:20:USBD_CtlContinueRx	24	static
usbd_core.c:1542:20:USBD_CtlSendStatus	16	static
usbd_core.c:1548:20:USBD_CtlReceiveStatus	16	static
