usbd_core.c:4:19:USB_CoreInit	16	static
usbd_core.c:10:19:USB_EnableGlobalInt	24	static
usbd_core.c:28:19:USB_DisableGlobalInt	24	static
usbd_core.c:43:19:USB_SetCurrentMode	16	static
usbd_core.c:55:19:USB_DevInit	16	static
usbd_core.c:75:19:USB_ActivateEndpoint	120	static
usbd_core.c:201:19:USB_DeactivateEndpoint	56	static
usbd_core.c:253:19:USB_EPStartXfer	272	static
usbd_core.c:465:19:USB_EPSetStall	24	static
usbd_core.c:478:19:USB_EPClearStall	32	static
usbd_core.c:503:19:USB_SetDevAddress	16	static
usbd_core.c:513:19:USB_DevConnect	16	static
usbd_core.c:525:19:USB_DevDisconnect	16	static
usbd_core.c:537:10:USB_ReadInterrupts	24	static
usbd_core.c:544:19:USB_EP0_OutStart	16	static
usbd_core.c:556:6:USB_WritePMA	48	static
usbd_core.c:582:6:USB_ReadPMA	48	static
usbd_core.c:614:20:USBD_Init	24	static
usbd_core.c:635:21:USBD_RegisterClass	24	static
usbd_core.c:648:21:USBD_Start	16	static
usbd_core.c:654:21:USBD_RunTestMode	16	static
usbd_core.c:660:20:USBD_SetClassConfig	24	static
usbd_core.c:672:20:USBD_ClrClassConfig	16	static
usbd_core.c:678:20:USBD_LL_SetupStage	16	static
usbd_core.c:699:20:USBD_LL_DataOutStage	32	static
usbd_core.c:744:20:USBD_LL_DataInStage	32	static
usbd_core.c:806:20:USBD_LL_Reset	16	static
usbd_core.c:826:20:USBD_LL_SetSpeed	16	static
usbd_core.c:831:20:USBD_LL_Suspend	16	static
usbd_core.c:837:20:USBD_LL_Resume	16	static
usbd_core.c:844:20:USBD_LL_SOF	16	static
usbd_core.c:857:6:HAL_PCD_MspInit	24	static
usbd_core.c:865:6:HAL_PCD_SetupStageCallback	16	static
usbd_core.c:869:6:HAL_PCD_DataOutStageCallback	16	static
usbd_core.c:873:6:HAL_PCD_DataInStageCallback	16	static
usbd_core.c:877:6:HAL_PCD_SOFCallback	16	static
usbd_core.c:881:6:HAL_PCD_ResetCallback	24	static
usbd_core.c:890:6:HAL_PCD_SuspendCallback	16	static
usbd_core.c:897:6:HAL_PCD_ResumeCallback	16	static
usbd_core.c:901:20:HAL_PCDEx_PMAConfig	32	static
usbd_core.c:921:20:USBD_LL_Init	16	static
usbd_core.c:939:20:USBD_LL_Start	24	static
usbd_core.c:947:20:USBD_LL_OpenEP	24	static
usbd_core.c:955:20:USBD_LL_CloseEP	24	static
usbd_core.c:963:20:USBD_LL_StallEP	24	static
usbd_core.c:971:20:USBD_LL_ClearStallEP	24	static
usbd_core.c:979:9:USBD_LL_IsStallEP	24	static
usbd_core.c:989:20:USBD_LL_SetUSBAddress	24	static
usbd_core.c:997:20:USBD_LL_Transmit	32	static
usbd_core.c:1005:20:USBD_LL_PrepareReceive	32	static
usbd_core.c:1013:7:USBD_static_malloc	16	static
usbd_core.c:1018:20:USBD_Get_USB_Status	24	static
usbd_core.c:1047:21:USBD_StdDevReq	24	static
usbd_core.c:1090:21:USBD_StdItfReq	24	static
usbd_core.c:1123:21:USBD_StdEPReq	24	static
usbd_core.c:1262:13:USBD_GetDescriptor	24	static
usbd_core.c:1402:13:USBD_SetAddress	24	static
usbd_core.c:1432:13:USBD_SetConfig	16	static
usbd_core.c:1494:13:USBD_GetConfig	16	static
usbd_core.c:1518:13:USBD_GetStatus	16	static
usbd_core.c:1542:13:USBD_SetFeature	16	static
usbd_core.c:1550:13:USBD_ClrFeature	16	static
usbd_core.c:1568:6:USBD_CtlError	16	static
usbd_core.c:1573:6:USBD_ParseSetupRequest	16	static
usbd_core.c:1581:6:USBD_GetString	32	static
usbd_core.c:1596:16:USBD_GetLen	24	static
usbd_core.c:1657:11:USBD_FS_DeviceDescriptor	16	static
usbd_core.c:1663:11:USBD_FS_LangIDStrDescriptor	16	static
usbd_core.c:1669:11:USBD_FS_ProductStrDescriptor	16	static
usbd_core.c:1674:11:USBD_FS_ManufacturerStrDescriptor	16	static
usbd_core.c:1680:11:USBD_FS_SerialStrDescriptor	16	static
usbd_core.c:1687:11:USBD_FS_ConfigStrDescriptor	16	static
usbd_core.c:1692:11:USBD_FS_InterfaceStrDescriptor	16	static
usbd_core.c:1697:13:Get_SerialNum	24	static
usbd_core.c:1711:13:IntToUnicode	32	static
usbd_core.c:1949:17:USBD_HID_Init	16	static
usbd_core.c:1966:17:USBD_HID_DeInit	16	static
usbd_core.c:1980:17:USBD_HID_Setup	40	static
usbd_core.c:2089:9:USBD_HID_SendReport	32	static
usbd_core.c:2106:18:USBD_HID_GetFSCfgDesc	16	static
usbd_core.c:2111:18:USBD_HID_GetHSCfgDesc	16	static
usbd_core.c:2116:18:USBD_HID_GetOtherSpeedCfgDesc	16	static
usbd_core.c:2121:17:USBD_HID_DataIn	16	static
usbd_core.c:2126:18:USBD_HID_GetDeviceQualifierDesc	16	static
usbd_core.c:2131:20:USBD_CtlSendData	24	static
usbd_core.c:2139:20:USBD_CtlContinueSendData	24	static
usbd_core.c:2144:20:USBD_CtlContinueRx	24	static
usbd_core.c:2149:20:USBD_CtlSendStatus	16	static
usbd_core.c:2155:20:USBD_CtlReceiveStatus	16	static
