stm32.h:2189:22:__NVIC_SetPriorityGrouping	24	static
stm32.h:2202:26:__NVIC_GetPriorityGrouping	4	static
stm32.h:2207:22:__NVIC_EnableIRQ	16	static
stm32.h:2277:22:__NVIC_SetPriority	16	static
stm32.h:2302:26:NVIC_EncodePriority	40	static
stm32.h:2367:26:SysTick_Config	16	static
main.c:25:17:HAL_GetTick	4	static
main.c:30:6:HAL_NVIC_SetPriorityGrouping	16	static
main.c:36:6:HAL_NVIC_SetPriority	32	static
main.c:47:6:HAL_NVIC_EnableIRQ	16	static
main.c:53:10:HAL_SYSTICK_Config	16	static
main.c:61:19:HAL_RCC_OscConfig	32	static
main.c:401:19:HAL_RCC_ClockConfig	24	static
main.c:538:19:HAL_RCCEx_PeriphCLKConfig	32	static
main.c:723:10:HAL_RCC_GetSysClockFreq	32	static
main.c:797:13:RCC_Delay	24	static,ignoring_inline_asm
main.c:806:13:HAL_RCC_CSSCallback	4	static
main.c:817:19:HAL_PCD_Init	64	static
main.c:881:19:HAL_PCD_Start	16	static
main.c:892:6:HAL_PCD_IRQHandler	40	static
main.c:1005:19:HAL_PCD_SetAddress	16	static
main.c:1015:19:HAL_PCD_EP_Open	24	static
main.c:1049:19:HAL_PCD_EP_Close	24	static
main.c:1071:19:HAL_PCD_EP_Receive	32	static
main.c:1089:19:HAL_PCD_EP_Transmit	32	static
main.c:1111:19:HAL_PCD_EP_SetStall	24	static
main.c:1148:19:HAL_PCD_EP_ClrStall	24	static
main.c:1178:26:PCD_EP_ISR_Handler	96	static
main.c:1433:17:HAL_PCD_EP_DB_Receive	40	static
main.c:1506:26:HAL_PCD_EP_DB_Transmit	152	static
main.c:1676:26:HAL_InitTick	16	static
main.c:1699:13:HAL_IncTick	4	static
main.c:1704:13:HAL_Delay	24	static
main.c:1725:19:USB_CoreInit	16	static
main.c:1731:19:USB_EnableGlobalInt	24	static
main.c:1749:19:USB_DisableGlobalInt	24	static
main.c:1764:19:USB_SetCurrentMode	16	static
main.c:1776:19:USB_DevInit	16	static
main.c:1796:19:USB_ActivateEndpoint	120	static
main.c:1922:19:USB_DeactivateEndpoint	56	static
main.c:1974:19:USB_EPStartXfer	272	static
main.c:2186:19:USB_EPSetStall	24	static
main.c:2199:19:USB_EPClearStall	32	static
main.c:2224:19:USB_SetDevAddress	16	static
main.c:2234:19:USB_DevConnect	16	static
main.c:2246:19:USB_DevDisconnect	16	static
main.c:2258:10:USB_ReadInterrupts	24	static
main.c:2265:19:USB_EP0_OutStart	16	static
main.c:2277:6:USB_WritePMA	48	static
main.c:2303:6:USB_ReadPMA	48	static
main.c:2335:20:USBD_Init	24	static
main.c:2356:21:USBD_RegisterClass	24	static
main.c:2369:21:USBD_Start	16	static
main.c:2375:21:USBD_RunTestMode	16	static
main.c:2381:20:USBD_SetClassConfig	24	static
main.c:2393:20:USBD_ClrClassConfig	16	static
main.c:2399:20:USBD_LL_SetupStage	16	static
main.c:2420:20:USBD_LL_DataOutStage	32	static
main.c:2465:20:USBD_LL_DataInStage	32	static
main.c:2527:20:USBD_LL_Reset	16	static
main.c:2547:20:USBD_LL_SetSpeed	16	static
main.c:2552:20:USBD_LL_Suspend	16	static
main.c:2558:20:USBD_LL_Resume	16	static
main.c:2565:20:USBD_LL_SOF	16	static
main.c:2578:6:HAL_PCD_MspInit	24	static
main.c:2586:6:HAL_PCD_SetupStageCallback	16	static
main.c:2590:6:HAL_PCD_DataOutStageCallback	16	static
main.c:2594:6:HAL_PCD_DataInStageCallback	16	static
main.c:2598:6:HAL_PCD_SOFCallback	16	static
main.c:2602:6:HAL_PCD_ResetCallback	24	static
main.c:2611:6:HAL_PCD_SuspendCallback	16	static
main.c:2618:6:HAL_PCD_ResumeCallback	16	static
main.c:2622:20:HAL_PCDEx_PMAConfig	32	static
main.c:2642:20:USBD_LL_Init	16	static
main.c:2660:20:USBD_LL_Start	24	static
main.c:2668:20:USBD_LL_OpenEP	24	static
main.c:2676:20:USBD_LL_CloseEP	24	static
main.c:2684:20:USBD_LL_StallEP	24	static
main.c:2692:20:USBD_LL_ClearStallEP	24	static
main.c:2700:9:USBD_LL_IsStallEP	24	static
main.c:2710:20:USBD_LL_SetUSBAddress	24	static
main.c:2718:20:USBD_LL_Transmit	32	static
main.c:2726:20:USBD_LL_PrepareReceive	32	static
main.c:2734:7:USBD_static_malloc	16	static
main.c:2739:20:USBD_Get_USB_Status	24	static
main.c:2768:21:USBD_StdDevReq	24	static
main.c:2811:21:USBD_StdItfReq	24	static
main.c:2844:21:USBD_StdEPReq	24	static
main.c:2983:13:USBD_GetDescriptor	24	static
main.c:3123:13:USBD_SetAddress	24	static
main.c:3153:13:USBD_SetConfig	16	static
main.c:3215:13:USBD_GetConfig	16	static
main.c:3239:13:USBD_GetStatus	16	static
main.c:3263:13:USBD_SetFeature	16	static
main.c:3271:13:USBD_ClrFeature	16	static
main.c:3289:6:USBD_CtlError	16	static
main.c:3294:6:USBD_ParseSetupRequest	16	static
main.c:3302:6:USBD_GetString	32	static
main.c:3317:16:USBD_GetLen	24	static
main.c:3378:11:USBD_FS_DeviceDescriptor	16	static
main.c:3384:11:USBD_FS_LangIDStrDescriptor	16	static
main.c:3390:11:USBD_FS_ProductStrDescriptor	16	static
main.c:3395:11:USBD_FS_ManufacturerStrDescriptor	16	static
main.c:3401:11:USBD_FS_SerialStrDescriptor	16	static
main.c:3408:11:USBD_FS_ConfigStrDescriptor	16	static
main.c:3413:11:USBD_FS_InterfaceStrDescriptor	16	static
main.c:3418:13:Get_SerialNum	24	static
main.c:3432:13:IntToUnicode	32	static
main.c:3670:17:USBD_HID_Init	16	static
main.c:3687:17:USBD_HID_DeInit	16	static
main.c:3701:17:USBD_HID_Setup	40	static
main.c:3810:9:USBD_HID_SendReport	32	static
main.c:3827:18:USBD_HID_GetFSCfgDesc	16	static
main.c:3832:18:USBD_HID_GetHSCfgDesc	16	static
main.c:3837:18:USBD_HID_GetOtherSpeedCfgDesc	16	static
main.c:3842:17:USBD_HID_DataIn	16	static
main.c:3847:18:USBD_HID_GetDeviceQualifierDesc	16	static
main.c:3852:20:USBD_CtlSendData	24	static
main.c:3860:20:USBD_CtlContinueSendData	24	static
main.c:3865:20:USBD_CtlContinueRx	24	static
main.c:3870:20:USBD_CtlSendStatus	16	static
main.c:3876:20:USBD_CtlReceiveStatus	16	static
main.c:3916:6:SystemInit	4	static
main.c:3923:6:SysTick_Handler	8	static
main.c:3928:6:USB_LP_CAN1_RX0_IRQHandler	8	static
main.c:3935:5:main	24	static
main.c:3966:6:SystemClock_Config	88	static
main.c:4005:6:USB_DEVICE_Init	8	static
main.c:4021:6:Error_Handler	4	static
