functions.h:68:22:__NVIC_SetPriorityGrouping	24	static
functions.h:78:26:__NVIC_GetPriorityGrouping	4	static
functions.h:81:22:__NVIC_EnableIRQ	16	static
functions.h:137:22:__NVIC_SetPriority	16	static
functions.h:157:26:NVIC_EncodePriority	40	static
functions.h:201:26:SysTick_Config	16	static
main.c:5:6:SystemInit	4	static
main.c:15:6:SysTick_Handler	8	static
main.c:20:6:USB_LP_CAN1_RX0_IRQHandler	8	static
main.c:27:5:main	24	static
main.c:61:6:SystemClock_Config	88	static
main.c:100:6:USB_DEVICE_Init	8	static
main.c:116:6:Error_Handler	4	static
main.c:137:17:HAL_GetTick	4	static
main.c:142:6:HAL_NVIC_SetPriorityGrouping	16	static
main.c:148:6:HAL_NVIC_SetPriority	32	static
main.c:159:6:HAL_NVIC_EnableIRQ	16	static
main.c:165:10:HAL_SYSTICK_Config	16	static
main.c:172:19:HAL_RCC_OscConfig	32	static
main.c:512:19:HAL_RCC_ClockConfig	24	static
main.c:647:19:HAL_RCCEx_PeriphCLKConfig	32	static
main.c:737:10:HAL_RCC_GetSysClockFreq	32	static
main.c:783:13:RCC_Delay	24	static,ignoring_inline_asm
main.c:792:13:HAL_RCC_CSSCallback	4	static
main.c:799:19:HAL_PCD_Init	64	static
main.c:863:19:HAL_PCD_Start	16	static
main.c:874:6:HAL_PCD_IRQHandler	40	static
main.c:987:19:HAL_PCD_SetAddress	16	static
main.c:997:19:HAL_PCD_EP_Open	24	static
main.c:1031:19:HAL_PCD_EP_Close	24	static
main.c:1053:19:HAL_PCD_EP_Receive	32	static
main.c:1071:19:HAL_PCD_EP_Transmit	32	static
main.c:1091:19:HAL_PCD_EP_SetStall	24	static
main.c:1128:19:HAL_PCD_EP_ClrStall	24	static
main.c:1158:26:PCD_EP_ISR_Handler	96	static
main.c:1393:17:HAL_PCD_EP_DB_Receive	40	static
main.c:1466:26:HAL_PCD_EP_DB_Transmit	152	static
main.c:1624:26:HAL_InitTick	16	static
main.c:1647:13:HAL_IncTick	4	static
main.c:1652:13:HAL_Delay	24	static
main.c:1667:19:USB_CoreInit	16	static
main.c:1673:19:USB_EnableGlobalInt	24	static
main.c:1691:19:USB_DisableGlobalInt	24	static
main.c:1706:19:USB_SetCurrentMode	16	static
main.c:1718:19:USB_DevInit	16	static
main.c:1738:19:USB_ActivateEndpoint	120	static
main.c:1862:19:USB_DeactivateEndpoint	56	static
main.c:1913:19:USB_EPStartXfer	272	static
main.c:2119:19:USB_EPSetStall	24	static
main.c:2132:19:USB_EPClearStall	32	static
main.c:2157:19:USB_SetDevAddress	16	static
main.c:2167:19:USB_DevConnect	16	static
main.c:2179:19:USB_DevDisconnect	16	static
main.c:2191:10:USB_ReadInterrupts	24	static
main.c:2198:19:USB_EP0_OutStart	16	static
main.c:2210:6:USB_WritePMA	48	static
main.c:2232:6:USB_ReadPMA	48	static
main.c:2261:20:USBD_Init	24	static
main.c:2282:21:USBD_RegisterClass	24	static
main.c:2295:21:USBD_Start	16	static
main.c:2301:21:USBD_RunTestMode	16	static
main.c:2307:20:USBD_SetClassConfig	24	static
main.c:2319:20:USBD_ClrClassConfig	16	static
main.c:2325:20:USBD_LL_SetupStage	16	static
main.c:2346:20:USBD_LL_DataOutStage	32	static
main.c:2391:20:USBD_LL_DataInStage	32	static
main.c:2452:20:USBD_LL_Reset	16	static
main.c:2472:20:USBD_LL_SetSpeed	16	static
main.c:2477:20:USBD_LL_Suspend	16	static
main.c:2483:20:USBD_LL_Resume	16	static
main.c:2490:20:USBD_LL_SOF	16	static
main.c:2500:6:HAL_PCD_MspInit	24	static
main.c:2508:6:HAL_PCD_SetupStageCallback	16	static
main.c:2512:6:HAL_PCD_DataOutStageCallback	16	static
main.c:2516:6:HAL_PCD_DataInStageCallback	16	static
main.c:2520:6:HAL_PCD_SOFCallback	16	static
main.c:2524:6:HAL_PCD_ResetCallback	24	static
main.c:2533:6:HAL_PCD_SuspendCallback	16	static
main.c:2540:6:HAL_PCD_ResumeCallback	16	static
main.c:2544:20:HAL_PCDEx_PMAConfig	32	static
main.c:2564:20:USBD_LL_Init	16	static
main.c:2582:20:USBD_LL_Start	24	static
main.c:2590:20:USBD_LL_OpenEP	24	static
main.c:2598:20:USBD_LL_CloseEP	24	static
main.c:2606:20:USBD_LL_StallEP	24	static
main.c:2614:20:USBD_LL_ClearStallEP	24	static
main.c:2622:9:USBD_LL_IsStallEP	24	static
main.c:2632:20:USBD_LL_SetUSBAddress	24	static
main.c:2640:20:USBD_LL_Transmit	32	static
main.c:2648:20:USBD_LL_PrepareReceive	32	static
main.c:2656:7:USBD_static_malloc	16	static
main.c:2661:20:USBD_Get_USB_Status	24	static
main.c:2692:21:USBD_StdDevReq	24	static
main.c:2735:21:USBD_StdItfReq	24	static
main.c:2768:21:USBD_StdEPReq	24	static
main.c:2907:13:USBD_GetDescriptor	24	static
main.c:3048:13:USBD_SetAddress	24	static
main.c:3078:13:USBD_SetConfig	16	static
main.c:3140:13:USBD_GetConfig	16	static
main.c:3164:13:USBD_GetStatus	16	static
main.c:3188:13:USBD_SetFeature	16	static
main.c:3196:13:USBD_ClrFeature	16	static
main.c:3214:6:USBD_CtlError	16	static
main.c:3219:6:USBD_ParseSetupRequest	16	static
main.c:3227:6:USBD_GetString	32	static
main.c:3242:16:USBD_GetLen	24	static
main.c:3307:11:USBD_FS_DeviceDescriptor	16	static
main.c:3313:11:USBD_FS_LangIDStrDescriptor	16	static
main.c:3319:11:USBD_FS_ProductStrDescriptor	16	static
main.c:3324:11:USBD_FS_ManufacturerStrDescriptor	16	static
main.c:3330:11:USBD_FS_SerialStrDescriptor	16	static
main.c:3337:11:USBD_FS_ConfigStrDescriptor	16	static
main.c:3342:11:USBD_FS_InterfaceStrDescriptor	16	static
main.c:3347:13:Get_SerialNum	24	static
main.c:3361:13:IntToUnicode	32	static
main.c:3598:17:USBD_HID_Init	16	static
main.c:3615:17:USBD_HID_DeInit	16	static
main.c:3629:17:USBD_HID_Setup	40	static
main.c:3706:9:USBD_HID_SendReport	32	static
main.c:3723:18:USBD_HID_GetFSCfgDesc	16	static
main.c:3728:18:USBD_HID_GetHSCfgDesc	16	static
main.c:3733:18:USBD_HID_GetOtherSpeedCfgDesc	16	static
main.c:3738:17:USBD_HID_DataIn	16	static
main.c:3743:18:USBD_HID_GetDeviceQualifierDesc	16	static
main.c:3748:20:USBD_CtlSendData	24	static
main.c:3756:20:USBD_CtlContinueSendData	24	static
main.c:3761:20:USBD_CtlContinueRx	24	static
main.c:3766:20:USBD_CtlSendStatus	16	static
main.c:3772:20:USBD_CtlReceiveStatus	16	static
