stm32.h:2189:22:__NVIC_SetPriorityGrouping	24	static
stm32.h:2202:26:__NVIC_GetPriorityGrouping	4	static
stm32.h:2207:22:__NVIC_EnableIRQ	16	static
stm32.h:2277:22:__NVIC_SetPriority	16	static
stm32.h:2302:26:NVIC_EncodePriority	40	static
stm32.h:2367:26:SysTick_Config	16	static
main.c:20:17:HAL_GetTick	4	static
main.c:25:6:HAL_NVIC_SetPriorityGrouping	16	static
main.c:31:6:HAL_NVIC_SetPriority	32	static
main.c:42:6:HAL_NVIC_EnableIRQ	16	static
main.c:48:10:HAL_SYSTICK_Config	16	static
main.c:55:19:HAL_RCC_OscConfig	32	static
main.c:395:19:HAL_RCC_ClockConfig	24	static
main.c:532:19:HAL_RCCEx_PeriphCLKConfig	32	static
main.c:717:10:HAL_RCC_GetSysClockFreq	32	static
main.c:791:13:RCC_Delay	24	static,ignoring_inline_asm
main.c:800:13:HAL_RCC_CSSCallback	4	static
main.c:811:19:HAL_PCD_Init	64	static
main.c:875:19:HAL_PCD_Start	16	static
main.c:886:6:HAL_PCD_IRQHandler	40	static
main.c:999:19:HAL_PCD_SetAddress	16	static
main.c:1009:19:HAL_PCD_EP_Open	24	static
main.c:1043:19:HAL_PCD_EP_Close	24	static
main.c:1065:19:HAL_PCD_EP_Receive	32	static
main.c:1083:19:HAL_PCD_EP_Transmit	32	static
main.c:1105:19:HAL_PCD_EP_SetStall	24	static
main.c:1142:19:HAL_PCD_EP_ClrStall	24	static
main.c:1172:26:PCD_EP_ISR_Handler	96	static
main.c:1427:17:HAL_PCD_EP_DB_Receive	40	static
main.c:1500:26:HAL_PCD_EP_DB_Transmit	152	static
main.c:1670:26:HAL_InitTick	16	static
main.c:1693:13:HAL_IncTick	4	static
main.c:1698:13:HAL_Delay	24	static
main.c:1719:19:USB_CoreInit	16	static
main.c:1725:19:USB_EnableGlobalInt	24	static
main.c:1743:19:USB_DisableGlobalInt	24	static
main.c:1758:19:USB_SetCurrentMode	16	static
main.c:1770:19:USB_DevInit	16	static
main.c:1790:19:USB_ActivateEndpoint	120	static
main.c:1916:19:USB_DeactivateEndpoint	56	static
main.c:1968:19:USB_EPStartXfer	272	static
main.c:2180:19:USB_EPSetStall	24	static
main.c:2193:19:USB_EPClearStall	32	static
main.c:2218:19:USB_SetDevAddress	16	static
main.c:2228:19:USB_DevConnect	16	static
main.c:2240:19:USB_DevDisconnect	16	static
main.c:2252:10:USB_ReadInterrupts	24	static
main.c:2259:19:USB_EP0_OutStart	16	static
main.c:2271:6:USB_WritePMA	48	static
main.c:2297:6:USB_ReadPMA	48	static
main.c:2329:20:USBD_Init	24	static
main.c:2350:21:USBD_RegisterClass	24	static
main.c:2363:21:USBD_Start	16	static
main.c:2369:21:USBD_RunTestMode	16	static
main.c:2375:20:USBD_SetClassConfig	24	static
main.c:2387:20:USBD_ClrClassConfig	16	static
main.c:2393:20:USBD_LL_SetupStage	16	static
main.c:2414:20:USBD_LL_DataOutStage	32	static
main.c:2459:20:USBD_LL_DataInStage	32	static
main.c:2521:20:USBD_LL_Reset	16	static
main.c:2541:20:USBD_LL_SetSpeed	16	static
main.c:2546:20:USBD_LL_Suspend	16	static
main.c:2552:20:USBD_LL_Resume	16	static
main.c:2559:20:USBD_LL_SOF	16	static
main.c:2572:6:HAL_PCD_MspInit	24	static
main.c:2580:6:HAL_PCD_SetupStageCallback	16	static
main.c:2584:6:HAL_PCD_DataOutStageCallback	16	static
main.c:2588:6:HAL_PCD_DataInStageCallback	16	static
main.c:2592:6:HAL_PCD_SOFCallback	16	static
main.c:2596:6:HAL_PCD_ResetCallback	24	static
main.c:2605:6:HAL_PCD_SuspendCallback	16	static
main.c:2612:6:HAL_PCD_ResumeCallback	16	static
main.c:2616:20:HAL_PCDEx_PMAConfig	32	static
main.c:2636:20:USBD_LL_Init	16	static
main.c:2654:20:USBD_LL_Start	24	static
main.c:2662:20:USBD_LL_OpenEP	24	static
main.c:2670:20:USBD_LL_CloseEP	24	static
main.c:2678:20:USBD_LL_StallEP	24	static
main.c:2686:20:USBD_LL_ClearStallEP	24	static
main.c:2694:9:USBD_LL_IsStallEP	24	static
main.c:2704:20:USBD_LL_SetUSBAddress	24	static
main.c:2712:20:USBD_LL_Transmit	32	static
main.c:2720:20:USBD_LL_PrepareReceive	32	static
main.c:2728:7:USBD_static_malloc	16	static
main.c:2733:20:USBD_Get_USB_Status	24	static
main.c:2763:21:USBD_StdDevReq	24	static
main.c:2806:21:USBD_StdItfReq	24	static
main.c:2839:21:USBD_StdEPReq	24	static
main.c:2978:13:USBD_GetDescriptor	24	static
main.c:3118:13:USBD_SetAddress	24	static
main.c:3148:13:USBD_SetConfig	16	static
main.c:3210:13:USBD_GetConfig	16	static
main.c:3234:13:USBD_GetStatus	16	static
main.c:3258:13:USBD_SetFeature	16	static
main.c:3266:13:USBD_ClrFeature	16	static
main.c:3284:6:USBD_CtlError	16	static
main.c:3289:6:USBD_ParseSetupRequest	16	static
main.c:3297:6:USBD_GetString	32	static
main.c:3312:16:USBD_GetLen	24	static
main.c:3373:11:USBD_FS_DeviceDescriptor	16	static
main.c:3379:11:USBD_FS_LangIDStrDescriptor	16	static
main.c:3385:11:USBD_FS_ProductStrDescriptor	16	static
main.c:3390:11:USBD_FS_ManufacturerStrDescriptor	16	static
main.c:3396:11:USBD_FS_SerialStrDescriptor	16	static
main.c:3403:11:USBD_FS_ConfigStrDescriptor	16	static
main.c:3408:11:USBD_FS_InterfaceStrDescriptor	16	static
main.c:3413:13:Get_SerialNum	24	static
main.c:3427:13:IntToUnicode	32	static
main.c:3665:17:USBD_HID_Init	16	static
main.c:3682:17:USBD_HID_DeInit	16	static
main.c:3696:17:USBD_HID_Setup	40	static
main.c:3805:9:USBD_HID_SendReport	32	static
main.c:3822:18:USBD_HID_GetFSCfgDesc	16	static
main.c:3827:18:USBD_HID_GetHSCfgDesc	16	static
main.c:3832:18:USBD_HID_GetOtherSpeedCfgDesc	16	static
main.c:3837:17:USBD_HID_DataIn	16	static
main.c:3842:18:USBD_HID_GetDeviceQualifierDesc	16	static
main.c:3847:20:USBD_CtlSendData	24	static
main.c:3855:20:USBD_CtlContinueSendData	24	static
main.c:3860:20:USBD_CtlContinueRx	24	static
main.c:3865:20:USBD_CtlSendStatus	16	static
main.c:3871:20:USBD_CtlReceiveStatus	16	static
main.c:3911:6:SystemInit	4	static
main.c:3918:6:SysTick_Handler	8	static
main.c:3923:6:USB_LP_CAN1_RX0_IRQHandler	8	static
main.c:3930:5:main	24	static
main.c:3961:6:SystemClock_Config	88	static
main.c:4000:6:USB_DEVICE_Init	8	static
main.c:4016:6:Error_Handler	4	static
