stm32.h:2189:22:__NVIC_SetPriorityGrouping	24	static
stm32.h:2202:26:__NVIC_GetPriorityGrouping	4	static
stm32.h:2207:22:__NVIC_EnableIRQ	16	static
stm32.h:2277:22:__NVIC_SetPriority	16	static
stm32.h:2302:26:NVIC_EncodePriority	40	static
stm32.h:2367:26:SysTick_Config	16	static
main.c:46:17:HAL_GetTick	4	static
main.c:51:6:HAL_NVIC_SetPriorityGrouping	16	static
main.c:57:6:HAL_NVIC_SetPriority	32	static
main.c:68:6:HAL_NVIC_EnableIRQ	16	static
main.c:74:10:HAL_SYSTICK_Config	16	static
main.c:82:19:HAL_RCC_OscConfig	32	static
main.c:520:19:HAL_RCC_ClockConfig	24	static
main.c:657:19:HAL_RCCEx_PeriphCLKConfig	32	static
main.c:842:10:HAL_RCC_GetSysClockFreq	32	static
main.c:916:13:RCC_Delay	24	static,ignoring_inline_asm
main.c:925:13:HAL_RCC_CSSCallback	4	static
main.c:936:19:HAL_PCD_Init	64	static
main.c:1000:19:HAL_PCD_Start	16	static
main.c:1011:6:HAL_PCD_IRQHandler	40	static
main.c:1124:19:HAL_PCD_SetAddress	16	static
main.c:1134:19:HAL_PCD_EP_Open	24	static
main.c:1168:19:HAL_PCD_EP_Close	24	static
main.c:1190:19:HAL_PCD_EP_Receive	32	static
main.c:1208:19:HAL_PCD_EP_Transmit	32	static
main.c:1230:19:HAL_PCD_EP_SetStall	24	static
main.c:1267:19:HAL_PCD_EP_ClrStall	24	static
main.c:1297:26:PCD_EP_ISR_Handler	96	static
main.c:1552:17:HAL_PCD_EP_DB_Receive	40	static
main.c:1625:26:HAL_PCD_EP_DB_Transmit	152	static
main.c:1795:26:HAL_InitTick	16	static
main.c:1818:13:HAL_IncTick	4	static
main.c:1823:13:HAL_Delay	24	static
main.c:1844:19:USB_CoreInit	16	static
main.c:1850:19:USB_EnableGlobalInt	24	static
main.c:1868:19:USB_DisableGlobalInt	24	static
main.c:1883:19:USB_SetCurrentMode	16	static
main.c:1895:19:USB_DevInit	16	static
main.c:1915:19:USB_ActivateEndpoint	120	static
main.c:2041:19:USB_DeactivateEndpoint	56	static
main.c:2093:19:USB_EPStartXfer	272	static
main.c:2305:19:USB_EPSetStall	24	static
main.c:2318:19:USB_EPClearStall	32	static
main.c:2343:19:USB_SetDevAddress	16	static
main.c:2353:19:USB_DevConnect	16	static
main.c:2365:19:USB_DevDisconnect	16	static
main.c:2377:10:USB_ReadInterrupts	24	static
main.c:2384:19:USB_EP0_OutStart	16	static
main.c:2396:6:USB_WritePMA	48	static
main.c:2422:6:USB_ReadPMA	48	static
main.c:2454:20:USBD_Init	24	static
main.c:2475:21:USBD_RegisterClass	24	static
main.c:2488:21:USBD_Start	16	static
main.c:2494:21:USBD_RunTestMode	16	static
main.c:2500:20:USBD_SetClassConfig	24	static
main.c:2512:20:USBD_ClrClassConfig	16	static
main.c:2518:20:USBD_LL_SetupStage	16	static
main.c:2539:20:USBD_LL_DataOutStage	32	static
main.c:2584:20:USBD_LL_DataInStage	32	static
main.c:2646:20:USBD_LL_Reset	16	static
main.c:2666:20:USBD_LL_SetSpeed	16	static
main.c:2671:20:USBD_LL_Suspend	16	static
main.c:2677:20:USBD_LL_Resume	16	static
main.c:2684:20:USBD_LL_SOF	16	static
main.c:2697:6:HAL_PCD_MspInit	24	static
main.c:2705:6:HAL_PCD_SetupStageCallback	16	static
main.c:2709:6:HAL_PCD_DataOutStageCallback	16	static
main.c:2713:6:HAL_PCD_DataInStageCallback	16	static
main.c:2717:6:HAL_PCD_SOFCallback	16	static
main.c:2721:6:HAL_PCD_ResetCallback	24	static
main.c:2730:6:HAL_PCD_SuspendCallback	16	static
main.c:2737:6:HAL_PCD_ResumeCallback	16	static
main.c:2741:20:HAL_PCDEx_PMAConfig	32	static
main.c:2761:20:USBD_LL_Init	16	static
main.c:2779:20:USBD_LL_Start	24	static
main.c:2787:20:USBD_LL_OpenEP	24	static
main.c:2795:20:USBD_LL_CloseEP	24	static
main.c:2803:20:USBD_LL_StallEP	24	static
main.c:2811:20:USBD_LL_ClearStallEP	24	static
main.c:2819:9:USBD_LL_IsStallEP	24	static
main.c:2829:20:USBD_LL_SetUSBAddress	24	static
main.c:2837:20:USBD_LL_Transmit	32	static
main.c:2845:20:USBD_LL_PrepareReceive	32	static
main.c:2853:7:USBD_static_malloc	16	static
main.c:2858:20:USBD_Get_USB_Status	24	static
main.c:2887:21:USBD_StdDevReq	24	static
main.c:2930:21:USBD_StdItfReq	24	static
main.c:2963:21:USBD_StdEPReq	24	static
main.c:3102:13:USBD_GetDescriptor	24	static
main.c:3242:13:USBD_SetAddress	24	static
main.c:3272:13:USBD_SetConfig	16	static
main.c:3334:13:USBD_GetConfig	16	static
main.c:3358:13:USBD_GetStatus	16	static
main.c:3382:13:USBD_SetFeature	16	static
main.c:3390:13:USBD_ClrFeature	16	static
main.c:3408:6:USBD_CtlError	16	static
main.c:3413:6:USBD_ParseSetupRequest	16	static
main.c:3421:6:USBD_GetString	32	static
main.c:3436:16:USBD_GetLen	24	static
main.c:3497:11:USBD_FS_DeviceDescriptor	16	static
main.c:3503:11:USBD_FS_LangIDStrDescriptor	16	static
main.c:3509:11:USBD_FS_ProductStrDescriptor	16	static
main.c:3514:11:USBD_FS_ManufacturerStrDescriptor	16	static
main.c:3520:11:USBD_FS_SerialStrDescriptor	16	static
main.c:3527:11:USBD_FS_ConfigStrDescriptor	16	static
main.c:3532:11:USBD_FS_InterfaceStrDescriptor	16	static
main.c:3537:13:Get_SerialNum	24	static
main.c:3551:13:IntToUnicode	32	static
main.c:3789:17:USBD_HID_Init	16	static
main.c:3806:17:USBD_HID_DeInit	16	static
main.c:3820:17:USBD_HID_Setup	40	static
main.c:3929:9:USBD_HID_SendReport	32	static
main.c:3946:18:USBD_HID_GetFSCfgDesc	16	static
main.c:3951:18:USBD_HID_GetHSCfgDesc	16	static
main.c:3956:18:USBD_HID_GetOtherSpeedCfgDesc	16	static
main.c:3961:17:USBD_HID_DataIn	16	static
main.c:3966:18:USBD_HID_GetDeviceQualifierDesc	16	static
main.c:3971:20:USBD_CtlSendData	24	static
main.c:3979:20:USBD_CtlContinueSendData	24	static
main.c:3984:20:USBD_CtlContinueRx	24	static
main.c:3989:20:USBD_CtlSendStatus	16	static
main.c:3995:20:USBD_CtlReceiveStatus	16	static
main.c:4035:6:SystemInit	4	static
main.c:4042:6:SysTick_Handler	8	static
main.c:4047:6:USB_LP_CAN1_RX0_IRQHandler	8	static
main.c:4054:5:main	24	static
main.c:4085:6:SystemClock_Config	88	static
main.c:4124:6:USB_DEVICE_Init	8	static
main.c:4140:6:Error_Handler	4	static
